Component: ARM Compiler 5.06 update 6 (build 750) Tool: armlink [4d35ed]

==============================================================================

Section Cross References

    main.o(i.main) refers to uart.o(i.uart_init) for uart_init
    main.o(i.main) refers to spi_flash.o(i.SPI_Init) for SPI_Init
    main.o(i.main) refers to lcd.o(i.LCD_Init) for LCD_Init
    main.o(i.main) refers to malloc.o(i.mymalloc) for mymalloc
    main.o(i.main) refers to spi_flash.o(i.SPI_Flash_Read) for SPI_Flash_Read
    main.o(i.main) refers to lcd.o(i.Paint8x8x2bin) for Paint8x8x2bin
    main.o(i.main) refers to malloc.o(i.myfree) for myfree
    main.o(i.main) refers to systick.o(i.delay_ms) for delay_ms
    main.o(i.main) refers to lcd.o(i.LCD_Clear) for LCD_Clear
    main.o(i.main) refers to lcd.o(i.Paint_PicBin) for Paint_PicBin
    main.o(i.main) refers to main.o(.data) for gImage_backgroud_00
    handler.o(i.KEY0) refers to led.o(i.LED_toggle) for LED_toggle
    handler.o(i.KEY1) refers to led.o(i.LED_toggle) for LED_toggle
    handler.o(i.KEY2) refers to led.o(i.LED_toggle) for LED_toggle
    handler.o(i.KEY3) refers to led.o(i.LED_toggle) for LED_toggle
    handler.o(i.SysTickHandler) refers to systick.o(i.Set_SysTick_CTRL) for Set_SysTick_CTRL
    handler.o(i.Timer_Handler) refers to led.o(i.LED_toggle) for LED_toggle
    handler.o(i.UARTRXHandler) refers to uart.o(i.uart_ClearRxIRQ) for uart_ClearRxIRQ
    handler.o(i.UARTRXHandler) refers to led.o(i.LED_toggle) for LED_toggle
    handler.o(i.UARTRXHandler) refers to printfb.o(i.__0printf$bare) for __2printf
    handler.o(i.UARTTXHandler) refers to uart.o(i.uart_ClearTxIRQ) for uart_ClearTxIRQ
    handler.o(i.UARTTXHandler) refers to led.o(i.LED_toggle) for LED_toggle
    handler.o(i.UARTTXHandler) refers to lcd.o(i.LCD_ShowString) for LCD_ShowString
    startup_cm0ds.o(RESET) refers to startup_cm0ds.o(STACK) for __initial_sp
    startup_cm0ds.o(RESET) refers to startup_cm0ds.o(.text) for Reset_Handler
    startup_cm0ds.o(.text) refers to handler.o(i.NMIHandler) for NMIHandler
    startup_cm0ds.o(.text) refers to handler.o(i.HardFaultHandler) for HardFaultHandler
    startup_cm0ds.o(.text) refers to handler.o(i.MemManageHandler) for MemManageHandler
    startup_cm0ds.o(.text) refers to handler.o(i.BusFaultHandler) for BusFaultHandler
    startup_cm0ds.o(.text) refers to handler.o(i.UsageFaultHandler) for UsageFaultHandler
    startup_cm0ds.o(.text) refers to handler.o(i.SVCHandler) for SVCHandler
    startup_cm0ds.o(.text) refers to handler.o(i.DebugMonHandler) for DebugMonHandler
    startup_cm0ds.o(.text) refers to handler.o(i.PendSVHandler) for PendSVHandler
    startup_cm0ds.o(.text) refers to handler.o(i.SysTickHandler) for SysTickHandler
    startup_cm0ds.o(.text) refers to handler.o(i.UARTRXHandler) for UARTRXHandler
    startup_cm0ds.o(.text) refers to handler.o(i.UARTTXHandler) for UARTTXHandler
    startup_cm0ds.o(.text) refers to handler.o(i.UARTOVRHandler) for UARTOVRHandler
    startup_cm0ds.o(.text) refers to handler.o(i.KEY0) for KEY0
    startup_cm0ds.o(.text) refers to handler.o(i.KEY1) for KEY1
    startup_cm0ds.o(.text) refers to handler.o(i.KEY2) for KEY2
    startup_cm0ds.o(.text) refers to handler.o(i.KEY3) for KEY3
    startup_cm0ds.o(.text) refers to handler.o(i.Timer_Handler) for Timer_Handler
    startup_cm0ds.o(.text) refers to system.o(i.SystemInit) for SystemInit
    startup_cm0ds.o(.text) refers to entry.o(.ARM.Collect$$$$00000000) for __main
    system.o(i.SystemCoreClockUpdate) refers to system.o(.data) for SystemCoreClock
    system.o(i.SystemInit) refers to system.o(i.NVIC_EnableIRQ) for NVIC_EnableIRQ
    camera.o(i.CAMERA_Command) refers to camera.o(i.CAMERA_Start) for CAMERA_Start
    camera.o(i.CAMERA_Command) refers to camera.o(i.CAMERA_Write_Byte) for CAMERA_Write_Byte
    camera.o(i.CAMERA_Command) refers to camera.o(i.CAMERA_Stop) for CAMERA_Stop
    camera.o(i.CAMERA_Initial) refers to camera.o(i.Set_CAMERA_SDA_W) for Set_CAMERA_SDA_W
    camera.o(i.CAMERA_Initial) refers to camera.o(i.Clr_CAMERA_PWDN) for Clr_CAMERA_PWDN
    camera.o(i.CAMERA_Initial) refers to systick.o(i.delay) for delay
    camera.o(i.CAMERA_Initial) refers to camera.o(i.Set_CAMERA_RST) for Set_CAMERA_RST
    camera.o(i.CAMERA_Initial) refers to camera.o(i.CAMERA_Read_Reg) for CAMERA_Read_Reg
    camera.o(i.CAMERA_Initial) refers to camera.o(i.CAMERA_Command) for CAMERA_Command
    camera.o(i.CAMERA_Initial) refers to camera.o(.constdata) for camera_initial_reg
    camera.o(i.CAMERA_NA) refers to systick.o(i.delay) for delay
    camera.o(i.CAMERA_NA) refers to camera.o(i.Set_CAMERA_SDA) for Set_CAMERA_SDA
    camera.o(i.CAMERA_NA) refers to camera.o(i.Set_CAMERA_SCL) for Set_CAMERA_SCL
    camera.o(i.CAMERA_NA) refers to camera.o(i.Clr_CAMERA_SCL) for Clr_CAMERA_SCL
    camera.o(i.CAMERA_NA) refers to camera.o(i.Clr_CAMERA_SDA) for Clr_CAMERA_SDA
    camera.o(i.CAMERA_Read_Byte) refers to camera.o(i.Set_CAMERA_SDA_R) for Set_CAMERA_SDA_R
    camera.o(i.CAMERA_Read_Byte) refers to systick.o(i.delay) for delay
    camera.o(i.CAMERA_Read_Byte) refers to camera.o(i.Set_CAMERA_SCL) for Set_CAMERA_SCL
    camera.o(i.CAMERA_Read_Byte) refers to camera.o(i.Read_CAMERA_SDA) for Read_CAMERA_SDA
    camera.o(i.CAMERA_Read_Byte) refers to camera.o(i.Clr_CAMERA_SCL) for Clr_CAMERA_SCL
    camera.o(i.CAMERA_Read_Byte) refers to camera.o(i.Set_CAMERA_SDA_W) for Set_CAMERA_SDA_W
    camera.o(i.CAMERA_Read_Reg) refers to camera.o(i.CAMERA_Start) for CAMERA_Start
    camera.o(i.CAMERA_Read_Reg) refers to camera.o(i.CAMERA_Write_Byte) for CAMERA_Write_Byte
    camera.o(i.CAMERA_Read_Reg) refers to camera.o(i.CAMERA_Stop) for CAMERA_Stop
    camera.o(i.CAMERA_Read_Reg) refers to systick.o(i.delay) for delay
    camera.o(i.CAMERA_Read_Reg) refers to camera.o(i.CAMERA_Read_Byte) for CAMERA_Read_Byte
    camera.o(i.CAMERA_Read_Reg) refers to camera.o(i.CAMERA_NA) for CAMERA_NA
    camera.o(i.CAMERA_Start) refers to camera.o(i.Set_CAMERA_SDA) for Set_CAMERA_SDA
    camera.o(i.CAMERA_Start) refers to camera.o(i.Set_CAMERA_SCL) for Set_CAMERA_SCL
    camera.o(i.CAMERA_Start) refers to systick.o(i.delay) for delay
    camera.o(i.CAMERA_Start) refers to camera.o(i.Clr_CAMERA_SDA) for Clr_CAMERA_SDA
    camera.o(i.CAMERA_Start) refers to camera.o(i.Clr_CAMERA_SCL) for Clr_CAMERA_SCL
    camera.o(i.CAMERA_Stop) refers to camera.o(i.Clr_CAMERA_SDA) for Clr_CAMERA_SDA
    camera.o(i.CAMERA_Stop) refers to systick.o(i.delay) for delay
    camera.o(i.CAMERA_Stop) refers to camera.o(i.Set_CAMERA_SCL) for Set_CAMERA_SCL
    camera.o(i.CAMERA_Stop) refers to camera.o(i.Set_CAMERA_SDA) for Set_CAMERA_SDA
    camera.o(i.CAMERA_Waite) refers to systick.o(i.delay) for delay
    camera.o(i.CAMERA_Waite) refers to camera.o(i.Set_CAMERA_SCL) for Set_CAMERA_SCL
    camera.o(i.CAMERA_Waite) refers to camera.o(i.Clr_CAMERA_SCL) for Clr_CAMERA_SCL
    camera.o(i.CAMERA_Write_Byte) refers to camera.o(i.Set_CAMERA_SDA) for Set_CAMERA_SDA
    camera.o(i.CAMERA_Write_Byte) refers to camera.o(i.Clr_CAMERA_SDA) for Clr_CAMERA_SDA
    camera.o(i.CAMERA_Write_Byte) refers to systick.o(i.delay) for delay
    camera.o(i.CAMERA_Write_Byte) refers to camera.o(i.Set_CAMERA_SCL) for Set_CAMERA_SCL
    camera.o(i.CAMERA_Write_Byte) refers to camera.o(i.Clr_CAMERA_SCL) for Clr_CAMERA_SCL
    camera.o(i.CAMERA_Write_Byte) refers to camera.o(i.Set_CAMERA_SDA_R) for Set_CAMERA_SDA_R
    camera.o(i.CAMERA_Write_Byte) refers to camera.o(i.Set_CAMERA_SDA_W) for Set_CAMERA_SDA_W
    camera.o(i.photo) refers to camera.o(i.Set_CAMERA_DATA_STATE) for Set_CAMERA_DATA_STATE
    camera.o(i.photo) refers to camera.o(i.Read_CAMERA_DATA_STATE) for Read_CAMERA_DATA_STATE
    lcd.o(i.Gui_Drawbmp16) refers to lcd.o(i.LCD_Set_Window) for LCD_Set_Window
    lcd.o(i.Gui_Drawbmp16) refers to lcd.o(i.LCD_WR_DATA) for LCD_WR_DATA
    lcd.o(i.Gui_Drawbmp16) refers to lcd.o(.bss) for lcddev
    lcd.o(i.LCD_Clear) refers to lcd.o(i.LCD_SetCursor) for LCD_SetCursor
    lcd.o(i.LCD_Clear) refers to lcd.o(i.LCD_WriteRAM_Prepare) for LCD_WriteRAM_Prepare
    lcd.o(i.LCD_Clear) refers to lcd.o(i.LCD_WR_DATA) for LCD_WR_DATA
    lcd.o(i.LCD_Clear) refers to lcd.o(.bss) for lcddev
    lcd.o(i.LCD_Color_Fill) refers to lcd.o(i.LCD_SetCursor) for LCD_SetCursor
    lcd.o(i.LCD_Color_Fill) refers to lcd.o(i.LCD_WriteRAM_Prepare) for LCD_WriteRAM_Prepare
    lcd.o(i.LCD_Color_Fill) refers to lcd.o(i.LCD_WR_DATA) for LCD_WR_DATA
    lcd.o(i.LCD_DisplayOff) refers to lcd.o(i.LCD_WR_REG) for LCD_WR_REG
    lcd.o(i.LCD_DisplayOn) refers to lcd.o(i.LCD_WR_REG) for LCD_WR_REG
    lcd.o(i.LCD_Display_Dir) refers to lcd.o(i.LCD_Scan_Dir) for LCD_Scan_Dir
    lcd.o(i.LCD_Display_Dir) refers to lcd.o(.bss) for lcddev
    lcd.o(i.LCD_DrawLine) refers to lcd.o(i.LCD_DrawPoint) for LCD_DrawPoint
    lcd.o(i.LCD_DrawPoint) refers to lcd.o(i.LCD_SetCursor) for LCD_SetCursor
    lcd.o(i.LCD_DrawPoint) refers to lcd.o(i.LCD_WriteRAM_Prepare) for LCD_WriteRAM_Prepare
    lcd.o(i.LCD_DrawPoint) refers to lcd.o(i.LCD_WR_DATA) for LCD_WR_DATA
    lcd.o(i.LCD_DrawPoint) refers to lcd.o(.data) for POINT_COLOR
    lcd.o(i.LCD_Fast_DrawPoint) refers to lcd.o(i.LCD_WR_REG) for LCD_WR_REG
    lcd.o(i.LCD_Fast_DrawPoint) refers to lcd.o(i.LCD_WR_DATA) for LCD_WR_DATA
    lcd.o(i.LCD_Fast_DrawPoint) refers to lcd.o(i.MakeData) for MakeData
    lcd.o(i.LCD_Fast_DrawPoint) refers to lcd.o(.bss) for lcddev
    lcd.o(i.LCD_Fill) refers to lcd.o(i.LCD_SetCursor) for LCD_SetCursor
    lcd.o(i.LCD_Fill) refers to lcd.o(i.LCD_WriteRAM_Prepare) for LCD_WriteRAM_Prepare
    lcd.o(i.LCD_Fill) refers to lcd.o(i.LCD_WR_DATA) for LCD_WR_DATA
    lcd.o(i.LCD_Init) refers to systick.o(i.delay) for delay
    lcd.o(i.LCD_Init) refers to lcd.o(i.LCD_WR_REG) for LCD_WR_REG
    lcd.o(i.LCD_Init) refers to lcd.o(i.LCD_WR_DATA) for LCD_WR_DATA
    lcd.o(i.LCD_Init) refers to lcd.o(i.LCD_Display_Dir) for LCD_Display_Dir
    lcd.o(i.LCD_Init) refers to lcd.o(i.LCD_Clear) for LCD_Clear
    lcd.o(i.LCD_Init) refers to lcd.o(.bss) for lcddev
    lcd.o(i.LCD_RD_DATA) refers to lcd.o(i.ReadData) for ReadData
    lcd.o(i.LCD_ReadReg) refers to lcd.o(i.LCD_WR_REG) for LCD_WR_REG
    lcd.o(i.LCD_ReadReg) refers to systick.o(i.delay) for delay
    lcd.o(i.LCD_ReadReg) refers to lcd.o(i.LCD_RD_DATA) for LCD_RD_DATA
    lcd.o(i.LCD_Scan_Dir) refers to lcd.o(i.__ARM_common_switch8) for __ARM_common_switch8
    lcd.o(i.LCD_Scan_Dir) refers to lcd.o(i.LCD_WriteReg) for LCD_WriteReg
    lcd.o(i.LCD_Scan_Dir) refers to lcd.o(i.LCD_WR_REG) for LCD_WR_REG
    lcd.o(i.LCD_Scan_Dir) refers to lcd.o(i.LCD_WR_DATA) for LCD_WR_DATA
    lcd.o(i.LCD_Scan_Dir) refers to lcd.o(.bss) for lcddev
    lcd.o(i.LCD_SetCursor) refers to lcd.o(i.LCD_WR_REG) for LCD_WR_REG
    lcd.o(i.LCD_SetCursor) refers to lcd.o(i.LCD_WR_DATA) for LCD_WR_DATA
    lcd.o(i.LCD_SetCursor) refers to lcd.o(.bss) for lcddev
    lcd.o(i.LCD_Set_Window) refers to lcd.o(i.LCD_WR_REG) for LCD_WR_REG
    lcd.o(i.LCD_Set_Window) refers to lcd.o(i.LCD_WR_DATA) for LCD_WR_DATA
    lcd.o(i.LCD_Set_Window) refers to lcd.o(i.LCD_WriteRAM_Prepare) for LCD_WriteRAM_Prepare
    lcd.o(i.LCD_Set_Window) refers to lcd.o(.bss) for lcddev
    lcd.o(i.LCD_ShowChar) refers to lcd.o(i.LCD_Fast_DrawPoint) for LCD_Fast_DrawPoint
    lcd.o(i.LCD_ShowChar) refers to lcd.o(.constdata) for asc2_1608
    lcd.o(i.LCD_ShowChar) refers to lcd.o(.data) for POINT_COLOR
    lcd.o(i.LCD_ShowChar) refers to lcd.o(.bss) for lcddev
    lcd.o(i.LCD_ShowChar1) refers to lcd.o(i.LCD_Set_Window) for LCD_Set_Window
    lcd.o(i.LCD_ShowChar1) refers to lcd.o(i.LCD_WR_DATA) for LCD_WR_DATA
    lcd.o(i.LCD_ShowChar1) refers to lcd.o(i.LCD_DrawPoint) for LCD_DrawPoint
    lcd.o(i.LCD_ShowChar1) refers to lcd.o(.data) for POINT_COLOR
    lcd.o(i.LCD_ShowChar1) refers to lcd.o(.constdata) for asc2_1608
    lcd.o(i.LCD_ShowChar1) refers to lcd.o(.bss) for lcddev
    lcd.o(i.LCD_ShowNum) refers to lcd.o(i.LCD_Pow) for LCD_Pow
    lcd.o(i.LCD_ShowNum) refers to uidiv.o(.text) for __aeabi_uidivmod
    lcd.o(i.LCD_ShowNum) refers to lcd.o(i.LCD_ShowChar) for LCD_ShowChar
    lcd.o(i.LCD_ShowString) refers to lcd.o(i.LCD_ShowChar) for LCD_ShowChar
    lcd.o(i.LCD_ShowxNum) refers to lcd.o(i.LCD_Pow) for LCD_Pow
    lcd.o(i.LCD_ShowxNum) refers to uidiv.o(.text) for __aeabi_uidivmod
    lcd.o(i.LCD_ShowxNum) refers to lcd.o(i.LCD_ShowChar) for LCD_ShowChar
    lcd.o(i.LCD_WR_DATA) refers to lcd.o(i.MakeData) for MakeData
    lcd.o(i.LCD_WR_REG) refers to lcd.o(i.MakeData) for MakeData
    lcd.o(i.LCD_WriteRAM) refers to lcd.o(i.LCD_WR_DATA) for LCD_WR_DATA
    lcd.o(i.LCD_WriteRAM_Prepare) refers to lcd.o(i.LCD_WR_REG) for LCD_WR_REG
    lcd.o(i.LCD_WriteRAM_Prepare) refers to lcd.o(.bss) for lcddev
    lcd.o(i.LCD_WriteReg) refers to lcd.o(i.LCD_WR_REG) for LCD_WR_REG
    lcd.o(i.LCD_WriteReg) refers to lcd.o(i.LCD_WR_DATA) for LCD_WR_DATA
    lcd.o(i.Paint8x8x2bin) refers to lcd.o(i.LCD_Fast_DrawPoint) for LCD_Fast_DrawPoint
    lcd.o(i.Paint_PicBin) refers to idiv.o(.text) for __aeabi_idivmod
    lcd.o(i.Paint_PicBin) refers to lcd.o(i.LCD_DrawPoint) for LCD_DrawPoint
    lcd.o(i.Paint_PicBin) refers to lcd.o(.data) for POINT_COLOR
    lcd.o(i.Show_Str) refers to lcd.o(i.LCD_ShowChar1) for LCD_ShowChar1
    lcd.o(i.Show_Str) refers to lcd.o(.bss) for lcddev
    retarget.o(i._ttywrch) refers to uart.o(i.uart_SendChar) for uart_SendChar
    retarget.o(i.fgetc) refers to uart.o(i.uart_ReceiveChar) for uart_ReceiveChar
    retarget.o(i.fgetc) refers to uart.o(i.uart_SendChar) for uart_SendChar
    retarget.o(i.fputc) refers to uart.o(i.uart_SendChar) for uart_SendChar
    spi_flash.o(i.SPI_FLASH_Clear_SR) refers to spi_flash.o(i.SPI_FLASH_Write_Enable) for SPI_FLASH_Write_Enable
    spi_flash.o(i.SPI_FLASH_Clear_SR) refers to spi_flash.o(i.SPI_ReadWriteByte) for SPI_ReadWriteByte
    spi_flash.o(i.SPI_FLASH_Write_Disable) refers to spi_flash.o(i.SPI_ReadWriteByte) for SPI_ReadWriteByte
    spi_flash.o(i.SPI_FLASH_Write_Enable) refers to spi_flash.o(i.SPI_ReadWriteByte) for SPI_ReadWriteByte
    spi_flash.o(i.SPI_FLASH_Write_SR) refers to spi_flash.o(i.SPI_ReadWriteByte) for SPI_ReadWriteByte
    spi_flash.o(i.SPI_Flash_Erase_Block) refers to spi_flash.o(i.SPI_FLASH_Write_Enable) for SPI_FLASH_Write_Enable
    spi_flash.o(i.SPI_Flash_Erase_Block) refers to spi_flash.o(i.SPI_Flash_Wait_Busy) for SPI_Flash_Wait_Busy
    spi_flash.o(i.SPI_Flash_Erase_Block) refers to spi_flash.o(i.SPI_ReadWriteByte) for SPI_ReadWriteByte
    spi_flash.o(i.SPI_Flash_Erase_Chip) refers to spi_flash.o(i.SPI_FLASH_Write_Enable) for SPI_FLASH_Write_Enable
    spi_flash.o(i.SPI_Flash_Erase_Chip) refers to spi_flash.o(i.SPI_Flash_Wait_Busy) for SPI_Flash_Wait_Busy
    spi_flash.o(i.SPI_Flash_Erase_Chip) refers to spi_flash.o(i.SPI_ReadWriteByte) for SPI_ReadWriteByte
    spi_flash.o(i.SPI_Flash_Erase_Sector) refers to spi_flash.o(i.SPI_FLASH_Write_Enable) for SPI_FLASH_Write_Enable
    spi_flash.o(i.SPI_Flash_Erase_Sector) refers to spi_flash.o(i.SPI_Flash_Wait_Busy) for SPI_Flash_Wait_Busy
    spi_flash.o(i.SPI_Flash_Erase_Sector) refers to spi_flash.o(i.SPI_ReadWriteByte) for SPI_ReadWriteByte
    spi_flash.o(i.SPI_Flash_Read) refers to spi_flash.o(i.SPI_ReadWriteByte) for SPI_ReadWriteByte
    spi_flash.o(i.SPI_Flash_ReadID) refers to spi_flash.o(i.SPI_ReadWriteByte) for SPI_ReadWriteByte
    spi_flash.o(i.SPI_Flash_ReadSR) refers to spi_flash.o(i.SPI_ReadWriteByte) for SPI_ReadWriteByte
    spi_flash.o(i.SPI_Flash_Wait_Busy) refers to spi_flash.o(i.SPI_Flash_ReadSR) for SPI_Flash_ReadSR
    spi_flash.o(i.SPI_Flash_Write_Max65536) refers to spi_flash.o(i.SPI_Flash_Read) for SPI_Flash_Read
    spi_flash.o(i.SPI_Flash_Write_Max65536) refers to spi_flash.o(i.SPI_Flash_Erase_Sector) for SPI_Flash_Erase_Sector
    spi_flash.o(i.SPI_Flash_Write_Max65536) refers to spi_flash.o(i.SPI_Flash_Write_NoCheck) for SPI_Flash_Write_NoCheck
    spi_flash.o(i.SPI_Flash_Write_NoCheck) refers to spi_flash.o(i.SPI_Flash_Write_Page) for SPI_Flash_Write_Page
    spi_flash.o(i.SPI_Flash_Write_Page) refers to spi_flash.o(i.SPI_FLASH_Write_Enable) for SPI_FLASH_Write_Enable
    spi_flash.o(i.SPI_Flash_Write_Page) refers to spi_flash.o(i.SPI_ReadWriteByte) for SPI_ReadWriteByte
    spi_flash.o(i.SPI_Flash_Write_Page) refers to spi_flash.o(i.SPI_Flash_Wait_Busy) for SPI_Flash_Wait_Busy
    spi_flash.o(i.SPI_ReadWriteByte) refers to spi_flash.o(i.Is_SPI_Ready) for Is_SPI_Ready
    spi_flash.o(i.SPI_ReadWriteByte) refers to spi_flash.o(i.SPI_SendData) for SPI_SendData
    systick.o(i.delay) refers to systick.o(i.Set_SysTick_CTRL) for Set_SysTick_CTRL
    systick.o(i.delay) refers to systick.o(i.Set_SysTick_LOAD) for Set_SysTick_LOAD
    systick.o(i.delay) refers to systick.o(i.Set_SysTick_VALUE) for Set_SysTick_VALUE
    systick.o(i.delay_ms) refers to systick.o(i.delay) for delay
    uart.o(i.uart_SendString) refers to strlen.o(.text) for strlen
    uart.o(i.uart_SendString) refers to uart.o(i.uart_SendChar) for uart_SendChar
    malloc.o(i.mem_free) refers to malloc.o(.data) for mallco_dev
    malloc.o(i.mem_init) refers to malloc.o(i.mymemset) for mymemset
    malloc.o(i.mem_init) refers to malloc.o(.data) for mallco_dev
    malloc.o(i.mem_malloc) refers to malloc.o(.data) for mallco_dev
    malloc.o(i.mem_perused) refers to malloc.o(.data) for mallco_dev
    malloc.o(i.myfree) refers to malloc.o(i.mem_free) for mem_free
    malloc.o(i.myfree) refers to malloc.o(.data) for mallco_dev
    malloc.o(i.mymalloc) refers to malloc.o(i.mem_malloc) for mem_malloc
    malloc.o(i.mymalloc) refers to malloc.o(.data) for mallco_dev
    malloc.o(i.myrealloc) refers to malloc.o(i.mem_malloc) for mem_malloc
    malloc.o(i.myrealloc) refers to malloc.o(i.mymemcpy) for mymemcpy
    malloc.o(i.myrealloc) refers to malloc.o(i.myfree) for myfree
    malloc.o(i.myrealloc) refers to malloc.o(.data) for mallco_dev
    malloc.o(.data) refers to malloc.o(i.mem_init) for mem_init
    malloc.o(.data) refers to malloc.o(i.mem_perused) for mem_perused
    malloc.o(.data) refers to malloc.o(.bss) for membase
    entry.o(.ARM.Collect$$$$00000000) refers (Special) to entry10a.o(.ARM.Collect$$$$0000000D) for __rt_final_cpp
    entry.o(.ARM.Collect$$$$00000000) refers (Special) to entry11a.o(.ARM.Collect$$$$0000000F) for __rt_final_exit
    entry.o(.ARM.Collect$$$$00000000) refers (Special) to entry7b.o(.ARM.Collect$$$$00000008) for _main_clock
    entry.o(.ARM.Collect$$$$00000000) refers (Special) to entry8b.o(.ARM.Collect$$$$0000000A) for _main_cpp_init
    entry.o(.ARM.Collect$$$$00000000) refers (Special) to entry9a.o(.ARM.Collect$$$$0000000B) for _main_init
    entry.o(.ARM.Collect$$$$00000000) refers (Special) to entry5.o(.ARM.Collect$$$$00000004) for _main_scatterload
    entry.o(.ARM.Collect$$$$00000000) refers (Special) to entry2.o(.ARM.Collect$$$$00000001) for _main_stk
    idiv.o(.text) refers to uidiv.o(.text) for __aeabi_uidivmod
    printfb.o(i.__0fprintf$bare) refers to printfb.o(i._printf_core) for _printf_core
    printfb.o(i.__0fprintf$bare) refers to retarget.o(i.fputc) for fputc
    printfb.o(i.__0printf$bare) refers to printfb.o(i._printf_core) for _printf_core
    printfb.o(i.__0printf$bare) refers to retarget.o(i.fputc) for fputc
    printfb.o(i.__0printf$bare) refers to retarget.o(.data) for __stdout
    printfb.o(i.__0snprintf$bare) refers to printfb.o(i._printf_core) for _printf_core
    printfb.o(i.__0snprintf$bare) refers to printfb.o(i._snputc) for _snputc
    printfb.o(i.__0sprintf$bare) refers to printfb.o(i._printf_core) for _printf_core
    printfb.o(i.__0sprintf$bare) refers to printfb.o(i._sputc) for _sputc
    printfb.o(i.__0vfprintf$bare) refers to printfb.o(i._printf_core) for _printf_core
    printfb.o(i.__0vfprintf$bare) refers to retarget.o(i.fputc) for fputc
    printfb.o(i.__0vprintf$bare) refers to printfb.o(i._printf_core) for _printf_core
    printfb.o(i.__0vprintf$bare) refers to retarget.o(i.fputc) for fputc
    printfb.o(i.__0vprintf$bare) refers to retarget.o(.data) for __stdout
    printfb.o(i.__0vsnprintf$bare) refers to printfb.o(i._printf_core) for _printf_core
    printfb.o(i.__0vsnprintf$bare) refers to printfb.o(i._snputc) for _snputc
    printfb.o(i.__0vsprintf$bare) refers to printfb.o(i._printf_core) for _printf_core
    printfb.o(i.__0vsprintf$bare) refers to printfb.o(i._sputc) for _sputc
    printf0.o(i.__0fprintf$0) refers to printf0.o(i._printf_core) for _printf_core
    printf0.o(i.__0fprintf$0) refers to retarget.o(i.fputc) for fputc
    printf0.o(i.__0printf$0) refers to printf0.o(i._printf_core) for _printf_core
    printf0.o(i.__0printf$0) refers to retarget.o(i.fputc) for fputc
    printf0.o(i.__0printf$0) refers to retarget.o(.data) for __stdout
    printf0.o(i.__0snprintf$0) refers to printf0.o(i._printf_core) for _printf_core
    printf0.o(i.__0snprintf$0) refers to printf0.o(i._snputc) for _snputc
    printf0.o(i.__0sprintf$0) refers to printf0.o(i._printf_core) for _printf_core
    printf0.o(i.__0sprintf$0) refers to printf0.o(i._sputc) for _sputc
    printf0.o(i.__0vfprintf$0) refers to printf0.o(i._printf_core) for _printf_core
    printf0.o(i.__0vfprintf$0) refers to retarget.o(i.fputc) for fputc
    printf0.o(i.__0vprintf$0) refers to printf0.o(i._printf_core) for _printf_core
    printf0.o(i.__0vprintf$0) refers to retarget.o(i.fputc) for fputc
    printf0.o(i.__0vprintf$0) refers to retarget.o(.data) for __stdout
    printf0.o(i.__0vsnprintf$0) refers to printf0.o(i._printf_core) for _printf_core
    printf0.o(i.__0vsnprintf$0) refers to printf0.o(i._snputc) for _snputc
    printf0.o(i.__0vsprintf$0) refers to printf0.o(i._printf_core) for _printf_core
    printf0.o(i.__0vsprintf$0) refers to printf0.o(i._sputc) for _sputc
    printf1.o(i.__0fprintf$1) refers to printf1.o(i._printf_core) for _printf_core
    printf1.o(i.__0fprintf$1) refers to retarget.o(i.fputc) for fputc
    printf1.o(i.__0printf$1) refers to printf1.o(i._printf_core) for _printf_core
    printf1.o(i.__0printf$1) refers to retarget.o(i.fputc) for fputc
    printf1.o(i.__0printf$1) refers to retarget.o(.data) for __stdout
    printf1.o(i.__0snprintf$1) refers to printf1.o(i._printf_core) for _printf_core
    printf1.o(i.__0snprintf$1) refers to printf1.o(i._snputc) for _snputc
    printf1.o(i.__0sprintf$1) refers to printf1.o(i._printf_core) for _printf_core
    printf1.o(i.__0sprintf$1) refers to printf1.o(i._sputc) for _sputc
    printf1.o(i.__0vfprintf$1) refers to printf1.o(i._printf_core) for _printf_core
    printf1.o(i.__0vfprintf$1) refers to retarget.o(i.fputc) for fputc
    printf1.o(i.__0vprintf$1) refers to printf1.o(i._printf_core) for _printf_core
    printf1.o(i.__0vprintf$1) refers to retarget.o(i.fputc) for fputc
    printf1.o(i.__0vprintf$1) refers to retarget.o(.data) for __stdout
    printf1.o(i.__0vsnprintf$1) refers to printf1.o(i._printf_core) for _printf_core
    printf1.o(i.__0vsnprintf$1) refers to printf1.o(i._snputc) for _snputc
    printf1.o(i.__0vsprintf$1) refers to printf1.o(i._printf_core) for _printf_core
    printf1.o(i.__0vsprintf$1) refers to printf1.o(i._sputc) for _sputc
    printf1.o(i._printf_core) refers to uidiv.o(.text) for __aeabi_uidivmod
    printf2.o(i.__0fprintf$2) refers to printf2.o(i._printf_core) for _printf_core
    printf2.o(i.__0fprintf$2) refers to retarget.o(i.fputc) for fputc
    printf2.o(i.__0printf$2) refers to printf2.o(i._printf_core) for _printf_core
    printf2.o(i.__0printf$2) refers to retarget.o(i.fputc) for fputc
    printf2.o(i.__0printf$2) refers to retarget.o(.data) for __stdout
    printf2.o(i.__0snprintf$2) refers to printf2.o(i._printf_core) for _printf_core
    printf2.o(i.__0snprintf$2) refers to printf2.o(i._snputc) for _snputc
    printf2.o(i.__0sprintf$2) refers to printf2.o(i._printf_core) for _printf_core
    printf2.o(i.__0sprintf$2) refers to printf2.o(i._sputc) for _sputc
    printf2.o(i.__0vfprintf$2) refers to printf2.o(i._printf_core) for _printf_core
    printf2.o(i.__0vfprintf$2) refers to retarget.o(i.fputc) for fputc
    printf2.o(i.__0vprintf$2) refers to printf2.o(i._printf_core) for _printf_core
    printf2.o(i.__0vprintf$2) refers to retarget.o(i.fputc) for fputc
    printf2.o(i.__0vprintf$2) refers to retarget.o(.data) for __stdout
    printf2.o(i.__0vsnprintf$2) refers to printf2.o(i._printf_core) for _printf_core
    printf2.o(i.__0vsnprintf$2) refers to printf2.o(i._snputc) for _snputc
    printf2.o(i.__0vsprintf$2) refers to printf2.o(i._printf_core) for _printf_core
    printf2.o(i.__0vsprintf$2) refers to printf2.o(i._sputc) for _sputc
    printf3.o(i.__0fprintf$3) refers to printf3.o(i._printf_core) for _printf_core
    printf3.o(i.__0fprintf$3) refers to retarget.o(i.fputc) for fputc
    printf3.o(i.__0printf$3) refers to printf3.o(i._printf_core) for _printf_core
    printf3.o(i.__0printf$3) refers to retarget.o(i.fputc) for fputc
    printf3.o(i.__0printf$3) refers to retarget.o(.data) for __stdout
    printf3.o(i.__0snprintf$3) refers to printf3.o(i._printf_core) for _printf_core
    printf3.o(i.__0snprintf$3) refers to printf3.o(i._snputc) for _snputc
    printf3.o(i.__0sprintf$3) refers to printf3.o(i._printf_core) for _printf_core
    printf3.o(i.__0sprintf$3) refers to printf3.o(i._sputc) for _sputc
    printf3.o(i.__0vfprintf$3) refers to printf3.o(i._printf_core) for _printf_core
    printf3.o(i.__0vfprintf$3) refers to retarget.o(i.fputc) for fputc
    printf3.o(i.__0vprintf$3) refers to printf3.o(i._printf_core) for _printf_core
    printf3.o(i.__0vprintf$3) refers to retarget.o(i.fputc) for fputc
    printf3.o(i.__0vprintf$3) refers to retarget.o(.data) for __stdout
    printf3.o(i.__0vsnprintf$3) refers to printf3.o(i._printf_core) for _printf_core
    printf3.o(i.__0vsnprintf$3) refers to printf3.o(i._snputc) for _snputc
    printf3.o(i.__0vsprintf$3) refers to printf3.o(i._printf_core) for _printf_core
    printf3.o(i.__0vsprintf$3) refers to printf3.o(i._sputc) for _sputc
    printf3.o(i._printf_core) refers to uidiv.o(.text) for __aeabi_uidivmod
    printf4.o(i.__0fprintf$4) refers to printf4.o(i._printf_core) for _printf_core
    printf4.o(i.__0fprintf$4) refers to retarget.o(i.fputc) for fputc
    printf4.o(i.__0printf$4) refers to printf4.o(i._printf_core) for _printf_core
    printf4.o(i.__0printf$4) refers to retarget.o(i.fputc) for fputc
    printf4.o(i.__0printf$4) refers to retarget.o(.data) for __stdout
    printf4.o(i.__0snprintf$4) refers to printf4.o(i._printf_core) for _printf_core
    printf4.o(i.__0snprintf$4) refers to printf4.o(i._snputc) for _snputc
    printf4.o(i.__0sprintf$4) refers to printf4.o(i._printf_core) for _printf_core
    printf4.o(i.__0sprintf$4) refers to printf4.o(i._sputc) for _sputc
    printf4.o(i.__0vfprintf$4) refers to printf4.o(i._printf_core) for _printf_core
    printf4.o(i.__0vfprintf$4) refers to retarget.o(i.fputc) for fputc
    printf4.o(i.__0vprintf$4) refers to printf4.o(i._printf_core) for _printf_core
    printf4.o(i.__0vprintf$4) refers to retarget.o(i.fputc) for fputc
    printf4.o(i.__0vprintf$4) refers to retarget.o(.data) for __stdout
    printf4.o(i.__0vsnprintf$4) refers to printf4.o(i._printf_core) for _printf_core
    printf4.o(i.__0vsnprintf$4) refers to printf4.o(i._snputc) for _snputc
    printf4.o(i.__0vsprintf$4) refers to printf4.o(i._printf_core) for _printf_core
    printf4.o(i.__0vsprintf$4) refers to printf4.o(i._sputc) for _sputc
    printf4.o(i._printf_core) refers to uldiv.o(.text) for __aeabi_uldivmod
    printf5.o(i.__0fprintf$5) refers to printf5.o(i._printf_core) for _printf_core
    printf5.o(i.__0fprintf$5) refers to retarget.o(i.fputc) for fputc
    printf5.o(i.__0printf$5) refers to printf5.o(i._printf_core) for _printf_core
    printf5.o(i.__0printf$5) refers to retarget.o(i.fputc) for fputc
    printf5.o(i.__0printf$5) refers to retarget.o(.data) for __stdout
    printf5.o(i.__0snprintf$5) refers to printf5.o(i._printf_core) for _printf_core
    printf5.o(i.__0snprintf$5) refers to printf5.o(i._snputc) for _snputc
    printf5.o(i.__0sprintf$5) refers to printf5.o(i._printf_core) for _printf_core
    printf5.o(i.__0sprintf$5) refers to printf5.o(i._sputc) for _sputc
    printf5.o(i.__0vfprintf$5) refers to printf5.o(i._printf_core) for _printf_core
    printf5.o(i.__0vfprintf$5) refers to retarget.o(i.fputc) for fputc
    printf5.o(i.__0vprintf$5) refers to printf5.o(i._printf_core) for _printf_core
    printf5.o(i.__0vprintf$5) refers to retarget.o(i.fputc) for fputc
    printf5.o(i.__0vprintf$5) refers to retarget.o(.data) for __stdout
    printf5.o(i.__0vsnprintf$5) refers to printf5.o(i._printf_core) for _printf_core
    printf5.o(i.__0vsnprintf$5) refers to printf5.o(i._snputc) for _snputc
    printf5.o(i.__0vsprintf$5) refers to printf5.o(i._printf_core) for _printf_core
    printf5.o(i.__0vsprintf$5) refers to printf5.o(i._sputc) for _sputc
    printf5.o(i._printf_core) refers to uldiv.o(.text) for __aeabi_uldivmod
    printf6.o(i.__0fprintf$6) refers to printf6.o(i._printf_core) for _printf_core
    printf6.o(i.__0fprintf$6) refers to retarget.o(i.fputc) for fputc
    printf6.o(i.__0printf$6) refers to printf6.o(i._printf_core) for _printf_core
    printf6.o(i.__0printf$6) refers to retarget.o(i.fputc) for fputc
    printf6.o(i.__0printf$6) refers to retarget.o(.data) for __stdout
    printf6.o(i.__0snprintf$6) refers to printf6.o(i._printf_core) for _printf_core
    printf6.o(i.__0snprintf$6) refers to printf6.o(i._snputc) for _snputc
    printf6.o(i.__0sprintf$6) refers to printf6.o(i._printf_core) for _printf_core
    printf6.o(i.__0sprintf$6) refers to printf6.o(i._sputc) for _sputc
    printf6.o(i.__0vfprintf$6) refers to printf6.o(i._printf_core) for _printf_core
    printf6.o(i.__0vfprintf$6) refers to retarget.o(i.fputc) for fputc
    printf6.o(i.__0vprintf$6) refers to printf6.o(i._printf_core) for _printf_core
    printf6.o(i.__0vprintf$6) refers to retarget.o(i.fputc) for fputc
    printf6.o(i.__0vprintf$6) refers to retarget.o(.data) for __stdout
    printf6.o(i.__0vsnprintf$6) refers to printf6.o(i._printf_core) for _printf_core
    printf6.o(i.__0vsnprintf$6) refers to printf6.o(i._snputc) for _snputc
    printf6.o(i.__0vsprintf$6) refers to printf6.o(i._printf_core) for _printf_core
    printf6.o(i.__0vsprintf$6) refers to printf6.o(i._sputc) for _sputc
    printf6.o(i._printf_core) refers to printf6.o(i._printf_pre_padding) for _printf_pre_padding
    printf6.o(i._printf_core) refers to printf6.o(i._printf_post_padding) for _printf_post_padding
    printf6.o(i._printf_core) refers to uidiv.o(.text) for __aeabi_uidivmod
    printf7.o(i.__0fprintf$7) refers to printf7.o(i._printf_core) for _printf_core
    printf7.o(i.__0fprintf$7) refers to retarget.o(i.fputc) for fputc
    printf7.o(i.__0printf$7) refers to printf7.o(i._printf_core) for _printf_core
    printf7.o(i.__0printf$7) refers to retarget.o(i.fputc) for fputc
    printf7.o(i.__0printf$7) refers to retarget.o(.data) for __stdout
    printf7.o(i.__0snprintf$7) refers to printf7.o(i._printf_core) for _printf_core
    printf7.o(i.__0snprintf$7) refers to printf7.o(i._snputc) for _snputc
    printf7.o(i.__0sprintf$7) refers to printf7.o(i._printf_core) for _printf_core
    printf7.o(i.__0sprintf$7) refers to printf7.o(i._sputc) for _sputc
    printf7.o(i.__0vfprintf$7) refers to printf7.o(i._printf_core) for _printf_core
    printf7.o(i.__0vfprintf$7) refers to retarget.o(i.fputc) for fputc
    printf7.o(i.__0vprintf$7) refers to printf7.o(i._printf_core) for _printf_core
    printf7.o(i.__0vprintf$7) refers to retarget.o(i.fputc) for fputc
    printf7.o(i.__0vprintf$7) refers to retarget.o(.data) for __stdout
    printf7.o(i.__0vsnprintf$7) refers to printf7.o(i._printf_core) for _printf_core
    printf7.o(i.__0vsnprintf$7) refers to printf7.o(i._snputc) for _snputc
    printf7.o(i.__0vsprintf$7) refers to printf7.o(i._printf_core) for _printf_core
    printf7.o(i.__0vsprintf$7) refers to printf7.o(i._sputc) for _sputc
    printf7.o(i._printf_core) refers to printf7.o(i._printf_pre_padding) for _printf_pre_padding
    printf7.o(i._printf_core) refers to printf7.o(i._printf_post_padding) for _printf_post_padding
    printf7.o(i._printf_core) refers to uldiv.o(.text) for __aeabi_uldivmod
    printf8.o(i.__0fprintf$8) refers to printf8.o(i._printf_core) for _printf_core
    printf8.o(i.__0fprintf$8) refers to retarget.o(i.fputc) for fputc
    printf8.o(i.__0printf$8) refers to printf8.o(i._printf_core) for _printf_core
    printf8.o(i.__0printf$8) refers to retarget.o(i.fputc) for fputc
    printf8.o(i.__0printf$8) refers to retarget.o(.data) for __stdout
    printf8.o(i.__0snprintf$8) refers to printf8.o(i._printf_core) for _printf_core
    printf8.o(i.__0snprintf$8) refers to printf8.o(i._snputc) for _snputc
    printf8.o(i.__0sprintf$8) refers to printf8.o(i._printf_core) for _printf_core
    printf8.o(i.__0sprintf$8) refers to printf8.o(i._sputc) for _sputc
    printf8.o(i.__0vfprintf$8) refers to printf8.o(i._printf_core) for _printf_core
    printf8.o(i.__0vfprintf$8) refers to retarget.o(i.fputc) for fputc
    printf8.o(i.__0vprintf$8) refers to printf8.o(i._printf_core) for _printf_core
    printf8.o(i.__0vprintf$8) refers to retarget.o(i.fputc) for fputc
    printf8.o(i.__0vprintf$8) refers to retarget.o(.data) for __stdout
    printf8.o(i.__0vsnprintf$8) refers to printf8.o(i._printf_core) for _printf_core
    printf8.o(i.__0vsnprintf$8) refers to printf8.o(i._snputc) for _snputc
    printf8.o(i.__0vsprintf$8) refers to printf8.o(i._printf_core) for _printf_core
    printf8.o(i.__0vsprintf$8) refers to printf8.o(i._sputc) for _sputc
    printf8.o(i._printf_core) refers to printf8.o(i._printf_pre_padding) for _printf_pre_padding
    printf8.o(i._printf_core) refers to printf8.o(i._printf_post_padding) for _printf_post_padding
    printf8.o(i._printf_core) refers to uldiv.o(.text) for __aeabi_uldivmod
    printfa.o(i.__0fprintf) refers (Special) to iusefp.o(.text) for __I$use$fp
    printfa.o(i.__0fprintf) refers to printfa.o(i._printf_core) for _printf_core
    printfa.o(i.__0fprintf) refers to retarget.o(i.fputc) for fputc
    printfa.o(i.__0printf) refers (Special) to iusefp.o(.text) for __I$use$fp
    printfa.o(i.__0printf) refers to printfa.o(i._printf_core) for _printf_core
    printfa.o(i.__0printf) refers to retarget.o(i.fputc) for fputc
    printfa.o(i.__0printf) refers to retarget.o(.data) for __stdout
    printfa.o(i.__0snprintf) refers (Special) to iusefp.o(.text) for __I$use$fp
    printfa.o(i.__0snprintf) refers to printfa.o(i._printf_core) for _printf_core
    printfa.o(i.__0snprintf) refers to printfa.o(i._snputc) for _snputc
    printfa.o(i.__0sprintf) refers (Special) to iusefp.o(.text) for __I$use$fp
    printfa.o(i.__0sprintf) refers to printfa.o(i._printf_core) for _printf_core
    printfa.o(i.__0sprintf) refers to printfa.o(i._sputc) for _sputc
    printfa.o(i.__0vfprintf) refers (Special) to iusefp.o(.text) for __I$use$fp
    printfa.o(i.__0vfprintf) refers to printfa.o(i._printf_core) for _printf_core
    printfa.o(i.__0vfprintf) refers to retarget.o(i.fputc) for fputc
    printfa.o(i.__0vprintf) refers (Special) to iusefp.o(.text) for __I$use$fp
    printfa.o(i.__0vprintf) refers to printfa.o(i._printf_core) for _printf_core
    printfa.o(i.__0vprintf) refers to retarget.o(i.fputc) for fputc
    printfa.o(i.__0vprintf) refers to retarget.o(.data) for __stdout
    printfa.o(i.__0vsnprintf) refers (Special) to iusefp.o(.text) for __I$use$fp
    printfa.o(i.__0vsnprintf) refers to printfa.o(i._printf_core) for _printf_core
    printfa.o(i.__0vsnprintf) refers to printfa.o(i._snputc) for _snputc
    printfa.o(i.__0vsprintf) refers (Special) to iusefp.o(.text) for __I$use$fp
    printfa.o(i.__0vsprintf) refers to printfa.o(i._printf_core) for _printf_core
    printfa.o(i.__0vsprintf) refers to printfa.o(i._sputc) for _sputc
    printfa.o(i._fp_digits) refers (Special) to iusefp.o(.text) for __I$use$fp
    printfa.o(i._fp_digits) refers to dmul.o(.text) for __aeabi_dmul
    printfa.o(i._fp_digits) refers to ddiv.o(.text) for __aeabi_ddiv
    printfa.o(i._fp_digits) refers to cdrcmple.o(.text) for __aeabi_cdrcmple
    printfa.o(i._fp_digits) refers to dadd.o(.text) for __aeabi_dadd
    printfa.o(i._fp_digits) refers to dfixul.o(.text) for __aeabi_d2ulz
    printfa.o(i._fp_digits) refers to uldiv.o(.text) for __aeabi_uldivmod
    printfa.o(i._printf_core) refers (Special) to iusefp.o(.text) for __I$use$fp
    printfa.o(i._printf_core) refers to printfa.o(i._printf_pre_padding) for _printf_pre_padding
    printfa.o(i._printf_core) refers to uldiv.o(.text) for __aeabi_uldivmod
    printfa.o(i._printf_core) refers to printfa.o(i._printf_post_padding) for _printf_post_padding
    printfa.o(i._printf_core) refers to printfa.o(i._fp_digits) for _fp_digits
    printfa.o(i._printf_core) refers to uidiv.o(.text) for __aeabi_uidivmod
    printfa.o(i._printf_post_padding) refers (Special) to iusefp.o(.text) for __I$use$fp
    printfa.o(i._printf_pre_padding) refers (Special) to iusefp.o(.text) for __I$use$fp
    printfa.o(i._snputc) refers (Special) to iusefp.o(.text) for __I$use$fp
    printfa.o(i._sputc) refers (Special) to iusefp.o(.text) for __I$use$fp
    entry2.o(.ARM.Collect$$$$00000001) refers to entry2.o(.ARM.Collect$$$$00002712) for __lit__00000000
    entry2.o(.ARM.Collect$$$$00002712) refers to startup_cm0ds.o(STACK) for __initial_sp
    entry2.o(__vectab_stack_and_reset_area) refers to startup_cm0ds.o(STACK) for __initial_sp
    entry2.o(__vectab_stack_and_reset_area) refers to entry.o(.ARM.Collect$$$$00000000) for __main
    entry5.o(.ARM.Collect$$$$00000004) refers to init.o(.text) for __scatterload
    entry9a.o(.ARM.Collect$$$$0000000B) refers to main.o(i.main) for main
    entry9b.o(.ARM.Collect$$$$0000000C) refers to main.o(i.main) for main
    uldiv.o(.text) refers to llushr.o(.text) for __aeabi_llsr
    uldiv.o(.text) refers to llshl.o(.text) for __aeabi_llsl
    dadd.o(.text) refers to llshl.o(.text) for __aeabi_llsl
    dadd.o(.text) refers to llsshr.o(.text) for __aeabi_lasr
    dadd.o(.text) refers to depilogue.o(.text) for _double_epilogue
    dmul.o(.text) refers to depilogue.o(.text) for _double_epilogue
    ddiv.o(.text) refers to depilogue.o(.text) for _double_round
    dfixul.o(.text) refers to llushr.o(.text) for __aeabi_llsr
    dfixul.o(.text) refers to llshl.o(.text) for __aeabi_llsl
    init.o(.text) refers to entry5.o(.ARM.Collect$$$$00000004) for __main_after_scatterload
    depilogue.o(.text) refers to depilogue.o(i.__ARM_clz) for __ARM_clz
    depilogue.o(.text) refers to llshl.o(.text) for __aeabi_llsl
    depilogue.o(.text) refers to llushr.o(.text) for __aeabi_llsr


==============================================================================

Removing Unused input sections from the image.

    Removing main.o(.rev16_text), (4 bytes).
    Removing main.o(.revsh_text), (4 bytes).
    Removing handler.o(.rev16_text), (4 bytes).
    Removing handler.o(.revsh_text), (4 bytes).
    Removing startup_cm0ds.o(HEAP), (1024 bytes).
    Removing system.o(.rev16_text), (4 bytes).
    Removing system.o(.revsh_text), (4 bytes).
    Removing system.o(i.SystemCoreClockUpdate), (16 bytes).
    Removing system.o(.data), (4 bytes).
    Removing camera.o(i.CAMERA_Command), (42 bytes).
    Removing camera.o(i.CAMERA_Initial), (800 bytes).
    Removing camera.o(i.CAMERA_NA), (44 bytes).
    Removing camera.o(i.CAMERA_Read_Byte), (64 bytes).
    Removing camera.o(i.CAMERA_Read_Reg), (64 bytes).
    Removing camera.o(i.CAMERA_Start), (32 bytes).
    Removing camera.o(i.CAMERA_Stop), (34 bytes).
    Removing camera.o(i.CAMERA_Waite), (24 bytes).
    Removing camera.o(i.CAMERA_Write_Byte), (94 bytes).
    Removing camera.o(i.Clr_CAMERA_PWDN), (12 bytes).
    Removing camera.o(i.Clr_CAMERA_RST), (12 bytes).
    Removing camera.o(i.Clr_CAMERA_SCL), (12 bytes).
    Removing camera.o(i.Clr_CAMERA_SDA), (12 bytes).
    Removing camera.o(i.Read_CAMERA_DATA_STATE), (12 bytes).
    Removing camera.o(i.Read_CAMERA_SDA), (12 bytes).
    Removing camera.o(i.Set_CAMERA_DATA_STATE), (12 bytes).
    Removing camera.o(i.Set_CAMERA_PWDN), (12 bytes).
    Removing camera.o(i.Set_CAMERA_RST), (12 bytes).
    Removing camera.o(i.Set_CAMERA_SCL), (12 bytes).
    Removing camera.o(i.Set_CAMERA_SDA), (12 bytes).
    Removing camera.o(i.Set_CAMERA_SDA_R), (12 bytes).
    Removing camera.o(i.Set_CAMERA_SDA_W), (12 bytes).
    Removing camera.o(i.photo), (20 bytes).
    Removing camera.o(.constdata), (4769 bytes).
    Removing key.o(i.KEY_INIT), (12 bytes).
    Removing key.o(i.READ_KEY), (12 bytes).
    Removing lcd.o(i.Gui_Drawbmp16), (100 bytes).
    Removing lcd.o(i.LCD_Color_Fill), (90 bytes).
    Removing lcd.o(i.LCD_DisplayOff), (10 bytes).
    Removing lcd.o(i.LCD_DisplayOn), (10 bytes).
    Removing lcd.o(i.LCD_DrawLine), (178 bytes).
    Removing lcd.o(i.LCD_Fill), (80 bytes).
    Removing lcd.o(i.LCD_Pow), (26 bytes).
    Removing lcd.o(i.LCD_RD_DATA), (36 bytes).
    Removing lcd.o(i.LCD_ReadReg), (24 bytes).
    Removing lcd.o(i.LCD_Set_Window), (84 bytes).
    Removing lcd.o(i.LCD_ShowChar1), (288 bytes).
    Removing lcd.o(i.LCD_ShowNum), (146 bytes).
    Removing lcd.o(i.LCD_ShowxNum), (200 bytes).
    Removing lcd.o(i.LCD_WriteRAM), (12 bytes).
    Removing lcd.o(i.ReadData), (10 bytes).
    Removing lcd.o(i.Show_Str), (200 bytes).
    Removing lcd.o(i.opt_delay), (14 bytes).
    Removing led.o(i.LED_down), (24 bytes).
    Removing led.o(i.LED_on), (24 bytes).
    Removing led.o(i.led_ctrl), (56 bytes).
    Removing retarget.o(i._sys_exit), (4 bytes).
    Removing retarget.o(i._ttywrch), (16 bytes).
    Removing retarget.o(i.ferror), (8 bytes).
    Removing retarget.o(i.fgetc), (34 bytes).
    Removing spi_flash.o(i.SPI_FLASH_Clear_SR), (36 bytes).
    Removing spi_flash.o(i.SPI_FLASH_Write_Disable), (28 bytes).
    Removing spi_flash.o(i.SPI_FLASH_Write_Enable), (28 bytes).
    Removing spi_flash.o(i.SPI_FLASH_Write_SR), (36 bytes).
    Removing spi_flash.o(i.SPI_Flash_Erase_Block), (64 bytes).
    Removing spi_flash.o(i.SPI_Flash_Erase_Chip), (40 bytes).
    Removing spi_flash.o(i.SPI_Flash_Erase_Sector), (64 bytes).
    Removing spi_flash.o(i.SPI_Flash_ReadID), (68 bytes).
    Removing spi_flash.o(i.SPI_Flash_ReadSR), (40 bytes).
    Removing spi_flash.o(i.SPI_Flash_Wait_Busy), (18 bytes).
    Removing spi_flash.o(i.SPI_Flash_Write_Max65536), (208 bytes).
    Removing spi_flash.o(i.SPI_Flash_Write_NoCheck), (68 bytes).
    Removing spi_flash.o(i.SPI_Flash_Write_Page), (80 bytes).
    Removing systick.o(.rev16_text), (4 bytes).
    Removing systick.o(.revsh_text), (4 bytes).
    Removing systick.o(i.Read_SysTick_VALUE), (12 bytes).
    Removing systick.o(i.Timer_Ini), (44 bytes).
    Removing systick.o(i.Timer_Stop), (36 bytes).
    Removing timer.o(i.TIMER_Init), (32 bytes).
    Removing uart.o(i.uart_ClearOverrunStatus), (16 bytes).
    Removing uart.o(i.uart_GetBaudDivider), (6 bytes).
    Removing uart.o(i.uart_GetOverrunStatus), (12 bytes).
    Removing uart.o(i.uart_GetRxBufferFull), (12 bytes).
    Removing uart.o(i.uart_GetRxIRQStatus), (12 bytes).
    Removing uart.o(i.uart_GetTxBufferFull), (10 bytes).
    Removing uart.o(i.uart_GetTxIRQStatus), (10 bytes).
    Removing uart.o(i.uart_ReceiveChar), (20 bytes).
    Removing uart.o(i.uart_SendString), (34 bytes).
    Removing malloc.o(i.mymemcpy), (26 bytes).
    Removing malloc.o(i.myrealloc), (56 bytes).
    Removing malloc.o(.constdata), (12 bytes).
    Removing dadd.o(.text), (356 bytes).
    Removing dmul.o(.text), (208 bytes).
    Removing ddiv.o(.text), (240 bytes).
    Removing dfixul.o(.text), (64 bytes).
    Removing cdrcmple.o(.text), (40 bytes).
    Removing depilogue.o(.text), (190 bytes).
    Removing depilogue.o(i.__ARM_clz), (46 bytes).

97 unused section(s) (total 11189 bytes) removed from the image.

==============================================================================

Image Symbol Table

    Local Symbols

    Symbol Name                              Value     Ov Type        Size  Object(Section)

    RESET                                    0x00000000   Section       96  startup_cm0ds.o(RESET)
    ../clib/../cmprslib/zerorunl2.c          0x00000000   Number         0  __dczerorl2.o ABSOLUTE
    ../clib/microlib/division.c              0x00000000   Number         0  uidiv.o ABSOLUTE
    ../clib/microlib/division.c              0x00000000   Number         0  uldiv.o ABSOLUTE
    ../clib/microlib/division.c              0x00000000   Number         0  idiv.o ABSOLUTE
    ../clib/microlib/init/entry.s            0x00000000   Number         0  entry7b.o ABSOLUTE
    ../clib/microlib/init/entry.s            0x00000000   Number         0  entry10b.o ABSOLUTE
    ../clib/microlib/init/entry.s            0x00000000   Number         0  entry8b.o ABSOLUTE
    ../clib/microlib/init/entry.s            0x00000000   Number         0  entry.o ABSOLUTE
    ../clib/microlib/init/entry.s            0x00000000   Number         0  entry11b.o ABSOLUTE
    ../clib/microlib/init/entry.s            0x00000000   Number         0  entry8a.o ABSOLUTE
    ../clib/microlib/init/entry.s            0x00000000   Number         0  entry2.o ABSOLUTE
    ../clib/microlib/init/entry.s            0x00000000   Number         0  entry5.o ABSOLUTE
    ../clib/microlib/init/entry.s            0x00000000   Number         0  entry11a.o ABSOLUTE
    ../clib/microlib/init/entry.s            0x00000000   Number         0  entry7a.o ABSOLUTE
    ../clib/microlib/init/entry.s            0x00000000   Number         0  entry9b.o ABSOLUTE
    ../clib/microlib/init/entry.s            0x00000000   Number         0  entry10a.o ABSOLUTE
    ../clib/microlib/init/entry.s            0x00000000   Number         0  entry9a.o ABSOLUTE
    ../clib/microlib/longlong.c              0x00000000   Number         0  llsshr.o ABSOLUTE
    ../clib/microlib/longlong.c              0x00000000   Number         0  llushr.o ABSOLUTE
    ../clib/microlib/longlong.c              0x00000000   Number         0  llshl.o ABSOLUTE
    ../clib/microlib/printf/printf.c         0x00000000   Number         0  printfa.o ABSOLUTE
    ../clib/microlib/printf/printf.c         0x00000000   Number         0  printf1.o ABSOLUTE
    ../clib/microlib/printf/printf.c         0x00000000   Number         0  printf5.o ABSOLUTE
    ../clib/microlib/printf/printf.c         0x00000000   Number         0  printf7.o ABSOLUTE
    ../clib/microlib/printf/printf.c         0x00000000   Number         0  printf0.o ABSOLUTE
    ../clib/microlib/printf/printf.c         0x00000000   Number         0  printf6.o ABSOLUTE
    ../clib/microlib/printf/printf.c         0x00000000   Number         0  printf8.o ABSOLUTE
    ../clib/microlib/printf/printf.c         0x00000000   Number         0  printf4.o ABSOLUTE
    ../clib/microlib/printf/printf.c         0x00000000   Number         0  printf3.o ABSOLUTE
    ../clib/microlib/printf/printf.c         0x00000000   Number         0  printf2.o ABSOLUTE
    ../clib/microlib/printf/printf.c         0x00000000   Number         0  printfb.o ABSOLUTE
    ../clib/microlib/string/strlen.c         0x00000000   Number         0  strlen.o ABSOLUTE
    ../clib/microlib/stubs.s                 0x00000000   Number         0  iusefp.o ABSOLUTE
    ../fplib/microlib/fpadd.c                0x00000000   Number         0  dadd.o ABSOLUTE
    ../fplib/microlib/fpdiv.c                0x00000000   Number         0  ddiv.o ABSOLUTE
    ../fplib/microlib/fpepilogue.c           0x00000000   Number         0  depilogue.o ABSOLUTE
    ../fplib/microlib/fpfix.c                0x00000000   Number         0  dfixul.o ABSOLUTE
    ../fplib/microlib/fpmul.c                0x00000000   Number         0  dmul.o ABSOLUTE
    ..\CORE\handler.c                        0x00000000   Number         0  handler.o ABSOLUTE
    ..\CORE\startup_CM0DS.s                  0x00000000   Number         0  startup_cm0ds.o ABSOLUTE
    ..\CORE\system.c                         0x00000000   Number         0  system.o ABSOLUTE
    ..\DEVICE\Retarget.c                     0x00000000   Number         0  retarget.o ABSOLUTE
    ..\DEVICE\camera.c                       0x00000000   Number         0  camera.o ABSOLUTE
    ..\DEVICE\key.c                          0x00000000   Number         0  key.o ABSOLUTE
    ..\DEVICE\lcd.c                          0x00000000   Number         0  lcd.o ABSOLUTE
    ..\DEVICE\led.c                          0x00000000   Number         0  led.o ABSOLUTE
    ..\DEVICE\malloc.c                       0x00000000   Number         0  malloc.o ABSOLUTE
    ..\DEVICE\spi_flash.c                    0x00000000   Number         0  spi_flash.o ABSOLUTE
    ..\DEVICE\systick.c                      0x00000000   Number         0  systick.o ABSOLUTE
    ..\DEVICE\timer.c                        0x00000000   Number         0  timer.o ABSOLUTE
    ..\DEVICE\uart.c                         0x00000000   Number         0  uart.o ABSOLUTE
    ..\\CORE\\handler.c                      0x00000000   Number         0  handler.o ABSOLUTE
    ..\\CORE\\system.c                       0x00000000   Number         0  system.o ABSOLUTE
    ..\\DEVICE\\systick.c                    0x00000000   Number         0  systick.o ABSOLUTE
    cdrcmple.s                               0x00000000   Number         0  cdrcmple.o ABSOLUTE
    dc.s                                     0x00000000   Number         0  dc.o ABSOLUTE
    handlers.s                               0x00000000   Number         0  handlers.o ABSOLUTE
    init.s                                   0x00000000   Number         0  init.o ABSOLUTE
    main.c                                   0x00000000   Number         0  main.o ABSOLUTE
    main.c                                   0x00000000   Number         0  main.o ABSOLUTE
    .ARM.Collect$$$$00000000                 0x00000060   Section        0  entry.o(.ARM.Collect$$$$00000000)
    .ARM.Collect$$$$00000001                 0x00000060   Section        4  entry2.o(.ARM.Collect$$$$00000001)
    .ARM.Collect$$$$00000004                 0x00000064   Section        4  entry5.o(.ARM.Collect$$$$00000004)
    .ARM.Collect$$$$00000008                 0x00000068   Section        0  entry7b.o(.ARM.Collect$$$$00000008)
    .ARM.Collect$$$$0000000A                 0x00000068   Section        0  entry8b.o(.ARM.Collect$$$$0000000A)
    .ARM.Collect$$$$0000000B                 0x00000068   Section        8  entry9a.o(.ARM.Collect$$$$0000000B)
    .ARM.Collect$$$$0000000D                 0x00000070   Section        0  entry10a.o(.ARM.Collect$$$$0000000D)
    .ARM.Collect$$$$0000000F                 0x00000070   Section        0  entry11a.o(.ARM.Collect$$$$0000000F)
    .ARM.Collect$$$$00002712                 0x00000070   Section        4  entry2.o(.ARM.Collect$$$$00002712)
    __lit__00000000                          0x00000070   Data           4  entry2.o(.ARM.Collect$$$$00002712)
    .text                                    0x00000074   Section      156  startup_cm0ds.o(.text)
    .text                                    0x00000110   Section        0  uidiv.o(.text)
    .text                                    0x0000013c   Section        0  idiv.o(.text)
    .text                                    0x00000164   Section       36  init.o(.text)
    .text                                    0x00000188   Section        0  __dczerorl2.o(.text)
    i.BusFaultHandler                        0x000001de   Section        0  handler.o(i.BusFaultHandler)
    i.DebugMonHandler                        0x000001e0   Section        0  handler.o(i.DebugMonHandler)
    i.HardFaultHandler                       0x000001e2   Section        0  handler.o(i.HardFaultHandler)
    i.Is_SPI_Ready                           0x000001e4   Section        0  spi_flash.o(i.Is_SPI_Ready)
    i.KEY0                                   0x000001f0   Section        0  handler.o(i.KEY0)
    i.KEY1                                   0x000001fa   Section        0  handler.o(i.KEY1)
    i.KEY2                                   0x00000204   Section        0  handler.o(i.KEY2)
    i.KEY3                                   0x0000020e   Section        0  handler.o(i.KEY3)
    i.LCD_Clear                              0x00000218   Section        0  lcd.o(i.LCD_Clear)
    i.LCD_Display_Dir                        0x00000284   Section        0  lcd.o(i.LCD_Display_Dir)
    i.LCD_DrawPoint                          0x000002fc   Section        0  lcd.o(i.LCD_DrawPoint)
    i.LCD_Fast_DrawPoint                     0x0000031c   Section        0  lcd.o(i.LCD_Fast_DrawPoint)
    i.LCD_Init                               0x00000378   Section        0  lcd.o(i.LCD_Init)
    i.LCD_Scan_Dir                           0x00000610   Section        0  lcd.o(i.LCD_Scan_Dir)
    i.LCD_SetCursor                          0x000008f8   Section        0  lcd.o(i.LCD_SetCursor)
    i.LCD_ShowChar                           0x0000092c   Section        0  lcd.o(i.LCD_ShowChar)
    i.LCD_ShowString                         0x00000a3c   Section        0  lcd.o(i.LCD_ShowString)
    i.LCD_WR_DATA                            0x00000a9e   Section        0  lcd.o(i.LCD_WR_DATA)
    i.LCD_WR_REG                             0x00000ac4   Section        0  lcd.o(i.LCD_WR_REG)
    i.LCD_WriteRAM_Prepare                   0x00000ae8   Section        0  lcd.o(i.LCD_WriteRAM_Prepare)
    i.LCD_WriteReg                           0x00000af8   Section        0  lcd.o(i.LCD_WriteReg)
    i.LED_toggle                             0x00000b0c   Section        0  led.o(i.LED_toggle)
    i.MakeData                               0x00000b44   Section        0  lcd.o(i.MakeData)
    i.MemManageHandler                       0x00000b4c   Section        0  handler.o(i.MemManageHandler)
    i.NMIHandler                             0x00000b4e   Section        0  handler.o(i.NMIHandler)
    i.NVIC_EnableIRQ                         0x00000b50   Section        0  system.o(i.NVIC_EnableIRQ)
    NVIC_EnableIRQ                           0x00000b51   Thumb Code    14  system.o(i.NVIC_EnableIRQ)
    i.Paint8x8x2bin                          0x00000b64   Section        0  lcd.o(i.Paint8x8x2bin)
    i.Paint_PicBin                           0x00000c44   Section        0  lcd.o(i.Paint_PicBin)
    i.PendSVHandler                          0x00000cb4   Section        0  handler.o(i.PendSVHandler)
    i.SPI_Flash_Read                         0x00000cb8   Section        0  spi_flash.o(i.SPI_Flash_Read)
    i.SPI_Init                               0x00000d04   Section        0  spi_flash.o(i.SPI_Init)
    i.SPI_ReadWriteByte                      0x00000d14   Section        0  spi_flash.o(i.SPI_ReadWriteByte)
    i.SPI_SendData                           0x00000d5c   Section        0  spi_flash.o(i.SPI_SendData)
    i.SVCHandler                             0x00000d70   Section        0  handler.o(i.SVCHandler)
    i.Set_SysTick_CTRL                       0x00000d74   Section        0  systick.o(i.Set_SysTick_CTRL)
    i.Set_SysTick_LOAD                       0x00000d80   Section        0  systick.o(i.Set_SysTick_LOAD)
    i.Set_SysTick_VALUE                      0x00000d8c   Section        0  systick.o(i.Set_SysTick_VALUE)
    i.SysTickHandler                         0x00000d98   Section        0  handler.o(i.SysTickHandler)
    i.SystemInit                             0x00000db4   Section        0  system.o(i.SystemInit)
    i.Timer_Handler                          0x00000de2   Section        0  handler.o(i.Timer_Handler)
    i.UARTOVRHandler                         0x00000dec   Section        0  handler.o(i.UARTOVRHandler)
    i.UARTRXHandler                          0x00000df0   Section        0  handler.o(i.UARTRXHandler)
    i.UARTTXHandler                          0x00000e20   Section        0  handler.o(i.UARTTXHandler)
    i.UsageFaultHandler                      0x00000e5c   Section        0  handler.o(i.UsageFaultHandler)
    i.__0printf$bare                         0x00000e60   Section        0  printfb.o(i.__0printf$bare)
    i.__ARM_common_switch8                   0x00000e74   Section        0  lcd.o(i.__ARM_common_switch8)
    i.__scatterload_copy                     0x00000e90   Section       14  handlers.o(i.__scatterload_copy)
    i.__scatterload_null                     0x00000e9e   Section        2  handlers.o(i.__scatterload_null)
    i.__scatterload_zeroinit                 0x00000ea0   Section       14  handlers.o(i.__scatterload_zeroinit)
    i._printf_core                           0x00000eae   Section        0  printfb.o(i._printf_core)
    _printf_core                             0x00000eaf   Thumb Code    30  printfb.o(i._printf_core)
    i.delay                                  0x00000ecc   Section        0  systick.o(i.delay)
    i.delay_ms                               0x00000eec   Section        0  systick.o(i.delay_ms)
    i.fputc                                  0x00000f08   Section        0  retarget.o(i.fputc)
    i.main                                   0x00000f28   Section        0  main.o(i.main)
    i.mem_free                               0x000010b0   Section        0  malloc.o(i.mem_free)
    i.mem_init                               0x000010fc   Section        0  malloc.o(i.mem_init)
    i.mem_malloc                             0x00001128   Section        0  malloc.o(i.mem_malloc)
    i.mem_perused                            0x000011a4   Section        0  malloc.o(i.mem_perused)
    i.myfree                                 0x000011cc   Section        0  malloc.o(i.myfree)
    i.mymalloc                               0x000011ec   Section        0  malloc.o(i.mymalloc)
    i.mymemset                               0x0000120c   Section        0  malloc.o(i.mymemset)
    i.uart_ClearRxIRQ                        0x00001220   Section        0  uart.o(i.uart_ClearRxIRQ)
    i.uart_ClearTxIRQ                        0x00001226   Section        0  uart.o(i.uart_ClearTxIRQ)
    i.uart_SendChar                          0x0000122c   Section        0  uart.o(i.uart_SendChar)
    i.uart_init                              0x00001242   Section        0  uart.o(i.uart_init)
    .constdata                               0x0000129a   Section     1520  lcd.o(.constdata)
    .data                                    0x20000000   Section     2774  main.o(.data)
    .data                                    0x20000ad6   Section        4  lcd.o(.data)
    .data                                    0x20000adc   Section        8  retarget.o(.data)
    .data                                    0x20000ae4   Section       20  malloc.o(.data)
    .bss                                     0x20000af8   Section       14  lcd.o(.bss)
    .bss                                     0x20000b08   Section     4352  malloc.o(.bss)
    STACK                                    0x20001c08   Section     1024  startup_cm0ds.o(STACK)

    Global Symbols

    Symbol Name                              Value     Ov Type        Size  Object(Section)

    BuildAttributes$$THM_ISAv3M$S$PE$A:L22$X:L11$S22$IEEE1$IW$USESV6$~STKCKD$USESV7$~SHL$OSPACE$ROPI$EBA8$MICROLIB$REQ8$PRES8$EABIv2 0x00000000   Number         0  anon$$obj.o ABSOLUTE
    __ARM_use_no_argv                        0x00000000   Number         0  main.o ABSOLUTE
    __Vectors                                0x00000000   Data           4  startup_cm0ds.o(RESET)
    __cpp_initialize__aeabi_                  - Undefined Weak Reference
    __cxa_finalize                            - Undefined Weak Reference
    _clock_init                               - Undefined Weak Reference
    _microlib_exit                            - Undefined Weak Reference
    __Vectors_End                            0x00000060   Data           0  startup_cm0ds.o(RESET)
    __Vectors_Size                           0x00000060   Number         0  startup_cm0ds.o ABSOLUTE
    __main                                   0x00000061   Thumb Code     0  entry.o(.ARM.Collect$$$$00000000)
    _main_stk                                0x00000061   Thumb Code     0  entry2.o(.ARM.Collect$$$$00000001)
    _main_scatterload                        0x00000065   Thumb Code     0  entry5.o(.ARM.Collect$$$$00000004)
    __main_after_scatterload                 0x00000069   Thumb Code     0  entry5.o(.ARM.Collect$$$$00000004)
    _main_clock                              0x00000069   Thumb Code     0  entry7b.o(.ARM.Collect$$$$00000008)
    _main_cpp_init                           0x00000069   Thumb Code     0  entry8b.o(.ARM.Collect$$$$0000000A)
    _main_init                               0x00000069   Thumb Code     0  entry9a.o(.ARM.Collect$$$$0000000B)
    __rt_final_cpp                           0x00000071   Thumb Code     0  entry10a.o(.ARM.Collect$$$$0000000D)
    __rt_final_exit                          0x00000071   Thumb Code     0  entry11a.o(.ARM.Collect$$$$0000000F)
    Reset_Handler                            0x00000075   Thumb Code    12  startup_cm0ds.o(.text)
    NMI_Handler                              0x00000081   Thumb Code     8  startup_cm0ds.o(.text)
    HardFault_Handler                        0x00000089   Thumb Code     8  startup_cm0ds.o(.text)
    MemManage_Handler                        0x00000091   Thumb Code     8  startup_cm0ds.o(.text)
    BusFault_Handler                         0x00000099   Thumb Code     8  startup_cm0ds.o(.text)
    UsageFault_Handler                       0x000000a1   Thumb Code     8  startup_cm0ds.o(.text)
    SVC_Handler                              0x000000a9   Thumb Code     8  startup_cm0ds.o(.text)
    DebugMon_Handler                         0x000000b1   Thumb Code     8  startup_cm0ds.o(.text)
    PendSV_Handler                           0x000000b9   Thumb Code     8  startup_cm0ds.o(.text)
    SysTick_Handler                          0x000000c1   Thumb Code     8  startup_cm0ds.o(.text)
    UARTRX_Handler                           0x000000c9   Thumb Code     8  startup_cm0ds.o(.text)
    UARTTX_Handler                           0x000000d1   Thumb Code     8  startup_cm0ds.o(.text)
    UARTOVR_Handler                          0x000000d9   Thumb Code     8  startup_cm0ds.o(.text)
    KEY0_Handler                             0x000000e1   Thumb Code     8  startup_cm0ds.o(.text)
    KEY1_Handler                             0x000000e9   Thumb Code     8  startup_cm0ds.o(.text)
    KEY2_Handler                             0x000000f1   Thumb Code     8  startup_cm0ds.o(.text)
    KEY3_Handler                             0x000000f9   Thumb Code     8  startup_cm0ds.o(.text)
    TIMER_Handler                            0x00000101   Thumb Code     8  startup_cm0ds.o(.text)
    __aeabi_uidiv                            0x00000111   Thumb Code     0  uidiv.o(.text)
    __aeabi_uidivmod                         0x00000111   Thumb Code    44  uidiv.o(.text)
    __aeabi_idiv                             0x0000013d   Thumb Code     0  idiv.o(.text)
    __aeabi_idivmod                          0x0000013d   Thumb Code    40  idiv.o(.text)
    __scatterload                            0x00000165   Thumb Code    28  init.o(.text)
    __scatterload_rt2                        0x00000165   Thumb Code     0  init.o(.text)
    __decompress                             0x00000189   Thumb Code     0  __dczerorl2.o(.text)
    __decompress1                            0x00000189   Thumb Code    86  __dczerorl2.o(.text)
    BusFaultHandler                          0x000001df   Thumb Code     2  handler.o(i.BusFaultHandler)
    DebugMonHandler                          0x000001e1   Thumb Code     2  handler.o(i.DebugMonHandler)
    HardFaultHandler                         0x000001e3   Thumb Code     2  handler.o(i.HardFaultHandler)
    Is_SPI_Ready                             0x000001e5   Thumb Code     8  spi_flash.o(i.Is_SPI_Ready)
    KEY0                                     0x000001f1   Thumb Code    10  handler.o(i.KEY0)
    KEY1                                     0x000001fb   Thumb Code    10  handler.o(i.KEY1)
    KEY2                                     0x00000205   Thumb Code    10  handler.o(i.KEY2)
    KEY3                                     0x0000020f   Thumb Code    10  handler.o(i.KEY3)
    LCD_Clear                                0x00000219   Thumb Code   100  lcd.o(i.LCD_Clear)
    LCD_Display_Dir                          0x00000285   Thumb Code   106  lcd.o(i.LCD_Display_Dir)
    LCD_DrawPoint                            0x000002fd   Thumb Code    28  lcd.o(i.LCD_DrawPoint)
    LCD_Fast_DrawPoint                       0x0000031d   Thumb Code    88  lcd.o(i.LCD_Fast_DrawPoint)
    LCD_Init                                 0x00000379   Thumb Code   646  lcd.o(i.LCD_Init)
    LCD_Scan_Dir                             0x00000611   Thumb Code   720  lcd.o(i.LCD_Scan_Dir)
    LCD_SetCursor                            0x000008f9   Thumb Code    48  lcd.o(i.LCD_SetCursor)
    LCD_ShowChar                             0x0000092d   Thumb Code   254  lcd.o(i.LCD_ShowChar)
    LCD_ShowString                           0x00000a3d   Thumb Code    98  lcd.o(i.LCD_ShowString)
    LCD_WR_DATA                              0x00000a9f   Thumb Code    38  lcd.o(i.LCD_WR_DATA)
    LCD_WR_REG                               0x00000ac5   Thumb Code    36  lcd.o(i.LCD_WR_REG)
    LCD_WriteRAM_Prepare                     0x00000ae9   Thumb Code    12  lcd.o(i.LCD_WriteRAM_Prepare)
    LCD_WriteReg                             0x00000af9   Thumb Code    20  lcd.o(i.LCD_WriteReg)
    LED_toggle                               0x00000b0d   Thumb Code    50  led.o(i.LED_toggle)
    MakeData                                 0x00000b45   Thumb Code     8  lcd.o(i.MakeData)
    MemManageHandler                         0x00000b4d   Thumb Code     2  handler.o(i.MemManageHandler)
    NMIHandler                               0x00000b4f   Thumb Code     2  handler.o(i.NMIHandler)
    Paint8x8x2bin                            0x00000b65   Thumb Code   224  lcd.o(i.Paint8x8x2bin)
    Paint_PicBin                             0x00000c45   Thumb Code   106  lcd.o(i.Paint_PicBin)
    PendSVHandler                            0x00000cb5   Thumb Code     2  handler.o(i.PendSVHandler)
    SPI_Flash_Read                           0x00000cb9   Thumb Code    70  spi_flash.o(i.SPI_Flash_Read)
    SPI_Init                                 0x00000d05   Thumb Code    12  spi_flash.o(i.SPI_Init)
    SPI_ReadWriteByte                        0x00000d15   Thumb Code    66  spi_flash.o(i.SPI_ReadWriteByte)
    SPI_SendData                             0x00000d5d   Thumb Code    16  spi_flash.o(i.SPI_SendData)
    SVCHandler                               0x00000d71   Thumb Code     2  handler.o(i.SVCHandler)
    Set_SysTick_CTRL                         0x00000d75   Thumb Code     6  systick.o(i.Set_SysTick_CTRL)
    Set_SysTick_LOAD                         0x00000d81   Thumb Code     6  systick.o(i.Set_SysTick_LOAD)
    Set_SysTick_VALUE                        0x00000d8d   Thumb Code     6  systick.o(i.Set_SysTick_VALUE)
    SysTickHandler                           0x00000d99   Thumb Code    24  handler.o(i.SysTickHandler)
    SystemInit                               0x00000db5   Thumb Code    46  system.o(i.SystemInit)
    Timer_Handler                            0x00000de3   Thumb Code    10  handler.o(i.Timer_Handler)
    UARTOVRHandler                           0x00000ded   Thumb Code     2  handler.o(i.UARTOVRHandler)
    UARTRXHandler                            0x00000df1   Thumb Code    24  handler.o(i.UARTRXHandler)
    UARTTXHandler                            0x00000e21   Thumb Code    36  handler.o(i.UARTTXHandler)
    UsageFaultHandler                        0x00000e5d   Thumb Code     2  handler.o(i.UsageFaultHandler)
    __0printf$bare                           0x00000e61   Thumb Code    12  printfb.o(i.__0printf$bare)
    __1printf$bare                           0x00000e61   Thumb Code     0  printfb.o(i.__0printf$bare)
    __2printf                                0x00000e61   Thumb Code     0  printfb.o(i.__0printf$bare)
    __ARM_common_switch8                     0x00000e75   Thumb Code    28  lcd.o(i.__ARM_common_switch8)
    __scatterload_copy                       0x00000e91   Thumb Code    14  handlers.o(i.__scatterload_copy)
    __scatterload_null                       0x00000e9f   Thumb Code     2  handlers.o(i.__scatterload_null)
    __scatterload_zeroinit                   0x00000ea1   Thumb Code    14  handlers.o(i.__scatterload_zeroinit)
    delay                                    0x00000ecd   Thumb Code    32  systick.o(i.delay)
    delay_ms                                 0x00000eed   Thumb Code    22  systick.o(i.delay_ms)
    fputc                                    0x00000f09   Thumb Code    32  retarget.o(i.fputc)
    main                                     0x00000f29   Thumb Code   368  main.o(i.main)
    mem_free                                 0x000010b1   Thumb Code    70  malloc.o(i.mem_free)
    mem_init                                 0x000010fd   Thumb Code    38  malloc.o(i.mem_init)
    mem_malloc                               0x00001129   Thumb Code   120  malloc.o(i.mem_malloc)
    mem_perused                              0x000011a5   Thumb Code    36  malloc.o(i.mem_perused)
    myfree                                   0x000011cd   Thumb Code    26  malloc.o(i.myfree)
    mymalloc                                 0x000011ed   Thumb Code    28  malloc.o(i.mymalloc)
    mymemset                                 0x0000120d   Thumb Code    20  malloc.o(i.mymemset)
    uart_ClearRxIRQ                          0x00001221   Thumb Code     6  uart.o(i.uart_ClearRxIRQ)
    uart_ClearTxIRQ                          0x00001227   Thumb Code     6  uart.o(i.uart_ClearTxIRQ)
    uart_SendChar                            0x0000122d   Thumb Code    22  uart.o(i.uart_SendChar)
    uart_init                                0x00001243   Thumb Code    88  uart.o(i.uart_init)
    asc2_1608                                0x0000129a   Data        1520  lcd.o(.constdata)
    Region$$Table$$Base                      0x0000188c   Number         0  anon$$obj.o(Region$$Table)
    Region$$Table$$Limit                     0x000018ac   Number         0  anon$$obj.o(Region$$Table)
    gImage_hero_48x32                        0x20000000   Data         192  main.o(.data)
    gImage_enemy01_32x32                     0x200000c0   Data         128  main.o(.data)
    gImage_enemy02_48x48                     0x20000140   Data         294  main.o(.data)
    gImage_backgroud_00                      0x20000266   Data        2160  main.o(.data)
    POINT_COLOR                              0x20000ad6   Data           2  lcd.o(.data)
    BACK_COLOR                               0x20000ad8   Data           2  lcd.o(.data)
    __stdout                                 0x20000adc   Data           4  retarget.o(.data)
    __stdin                                  0x20000ae0   Data           4  retarget.o(.data)
    mallco_dev                               0x20000ae4   Data          20  malloc.o(.data)
    lcddev                                   0x20000af8   Data          14  lcd.o(.bss)
    membase                                  0x20000b08   Data        4096  malloc.o(.bss)
    memmapbase                               0x20001b08   Data         256  malloc.o(.bss)
    __initial_sp                             0x20002008   Data           0  startup_cm0ds.o(STACK)



==============================================================================

Memory Map of the image

  Image Entry point : 0x00000061

  Load Region LR_IROM1 (Base: 0x00000000, Size: 0x000023a4, Max: 0x00004000, ABSOLUTE, COMPRESSED[0x00001d3c])

    Execution Region ER_IROM1 (Exec base: 0x00000000, Load base: 0x00000000, Size: 0x000018ac, Max: 0x00004000, ABSOLUTE)

    Exec Addr    Load Addr    Size         Type   Attr      Idx    E Section Name        Object

    0x00000000   0x00000000   0x00000060   Data   RO          203    RESET               startup_cm0ds.o
    0x00000060   0x00000060   0x00000000   Code   RO         1059  * .ARM.Collect$$$$00000000  mc_p.l(entry.o)
    0x00000060   0x00000060   0x00000004   Code   RO         1328    .ARM.Collect$$$$00000001  mc_p.l(entry2.o)
    0x00000064   0x00000064   0x00000004   Code   RO         1331    .ARM.Collect$$$$00000004  mc_p.l(entry5.o)
    0x00000068   0x00000068   0x00000000   Code   RO         1333    .ARM.Collect$$$$00000008  mc_p.l(entry7b.o)
    0x00000068   0x00000068   0x00000000   Code   RO         1335    .ARM.Collect$$$$0000000A  mc_p.l(entry8b.o)
    0x00000068   0x00000068   0x00000008   Code   RO         1336    .ARM.Collect$$$$0000000B  mc_p.l(entry9a.o)
    0x00000070   0x00000070   0x00000000   Code   RO         1338    .ARM.Collect$$$$0000000D  mc_p.l(entry10a.o)
    0x00000070   0x00000070   0x00000000   Code   RO         1340    .ARM.Collect$$$$0000000F  mc_p.l(entry11a.o)
    0x00000070   0x00000070   0x00000004   Code   RO         1329    .ARM.Collect$$$$00002712  mc_p.l(entry2.o)
    0x00000074   0x00000074   0x0000009c   Code   RO          204    .text               startup_cm0ds.o
    0x00000110   0x00000110   0x0000002c   Code   RO         1062    .text               mc_p.l(uidiv.o)
    0x0000013c   0x0000013c   0x00000028   Code   RO         1064    .text               mc_p.l(idiv.o)
    0x00000164   0x00000164   0x00000024   Code   RO         1355    .text               mc_p.l(init.o)
    0x00000188   0x00000188   0x00000056   Code   RO         1375    .text               mc_p.l(__dczerorl2.o)
    0x000001de   0x000001de   0x00000002   Code   RO           83    i.BusFaultHandler   handler.o
    0x000001e0   0x000001e0   0x00000002   Code   RO           84    i.DebugMonHandler   handler.o
    0x000001e2   0x000001e2   0x00000002   Code   RO           85    i.HardFaultHandler  handler.o
    0x000001e4   0x000001e4   0x0000000c   Code   RO          708    i.Is_SPI_Ready      spi_flash.o
    0x000001f0   0x000001f0   0x0000000a   Code   RO           86    i.KEY0              handler.o
    0x000001fa   0x000001fa   0x0000000a   Code   RO           87    i.KEY1              handler.o
    0x00000204   0x00000204   0x0000000a   Code   RO           88    i.KEY2              handler.o
    0x0000020e   0x0000020e   0x0000000a   Code   RO           89    i.KEY3              handler.o
    0x00000218   0x00000218   0x0000006c   Code   RO          418    i.LCD_Clear         lcd.o
    0x00000284   0x00000284   0x00000078   Code   RO          422    i.LCD_Display_Dir   lcd.o
    0x000002fc   0x000002fc   0x00000020   Code   RO          424    i.LCD_DrawPoint     lcd.o
    0x0000031c   0x0000031c   0x0000005c   Code   RO          425    i.LCD_Fast_DrawPoint  lcd.o
    0x00000378   0x00000378   0x00000298   Code   RO          427    i.LCD_Init          lcd.o
    0x00000610   0x00000610   0x000002e8   Code   RO          431    i.LCD_Scan_Dir      lcd.o
    0x000008f8   0x000008f8   0x00000034   Code   RO          432    i.LCD_SetCursor     lcd.o
    0x0000092c   0x0000092c   0x00000110   Code   RO          434    i.LCD_ShowChar      lcd.o
    0x00000a3c   0x00000a3c   0x00000062   Code   RO          437    i.LCD_ShowString    lcd.o
    0x00000a9e   0x00000a9e   0x00000026   Code   RO          439    i.LCD_WR_DATA       lcd.o
    0x00000ac4   0x00000ac4   0x00000024   Code   RO          440    i.LCD_WR_REG        lcd.o
    0x00000ae8   0x00000ae8   0x00000010   Code   RO          442    i.LCD_WriteRAM_Prepare  lcd.o
    0x00000af8   0x00000af8   0x00000014   Code   RO          443    i.LCD_WriteReg      lcd.o
    0x00000b0c   0x00000b0c   0x00000038   Code   RO          636    i.LED_toggle        led.o
    0x00000b44   0x00000b44   0x00000008   Code   RO          444    i.MakeData          lcd.o
    0x00000b4c   0x00000b4c   0x00000002   Code   RO           90    i.MemManageHandler  handler.o
    0x00000b4e   0x00000b4e   0x00000002   Code   RO           91    i.NMIHandler        handler.o
    0x00000b50   0x00000b50   0x00000014   Code   RO          210    i.NVIC_EnableIRQ    system.o
    0x00000b64   0x00000b64   0x000000e0   Code   RO          445    i.Paint8x8x2bin     lcd.o
    0x00000c44   0x00000c44   0x00000070   Code   RO          446    i.Paint_PicBin      lcd.o
    0x00000cb4   0x00000cb4   0x00000002   Code   RO           92    i.PendSVHandler     handler.o
    0x00000cb6   0x00000cb6   0x00000002   PAD
    0x00000cb8   0x00000cb8   0x0000004c   Code   RO          716    i.SPI_Flash_Read    spi_flash.o
    0x00000d04   0x00000d04   0x00000010   Code   RO          723    i.SPI_Init          spi_flash.o
    0x00000d14   0x00000d14   0x00000048   Code   RO          724    i.SPI_ReadWriteByte  spi_flash.o
    0x00000d5c   0x00000d5c   0x00000014   Code   RO          725    i.SPI_SendData      spi_flash.o
    0x00000d70   0x00000d70   0x00000002   Code   RO           93    i.SVCHandler        handler.o
    0x00000d72   0x00000d72   0x00000002   PAD
    0x00000d74   0x00000d74   0x0000000c   Code   RO          825    i.Set_SysTick_CTRL  systick.o
    0x00000d80   0x00000d80   0x0000000c   Code   RO          826    i.Set_SysTick_LOAD  systick.o
    0x00000d8c   0x00000d8c   0x0000000c   Code   RO          827    i.Set_SysTick_VALUE  systick.o
    0x00000d98   0x00000d98   0x0000001c   Code   RO           94    i.SysTickHandler    handler.o
    0x00000db4   0x00000db4   0x0000002e   Code   RO          212    i.SystemInit        system.o
    0x00000de2   0x00000de2   0x0000000a   Code   RO           95    i.Timer_Handler     handler.o
    0x00000dec   0x00000dec   0x00000002   Code   RO           96    i.UARTOVRHandler    handler.o
    0x00000dee   0x00000dee   0x00000002   PAD
    0x00000df0   0x00000df0   0x00000030   Code   RO           97    i.UARTRXHandler     handler.o
    0x00000e20   0x00000e20   0x0000003c   Code   RO           98    i.UARTTXHandler     handler.o
    0x00000e5c   0x00000e5c   0x00000002   Code   RO           99    i.UsageFaultHandler  handler.o
    0x00000e5e   0x00000e5e   0x00000002   PAD
    0x00000e60   0x00000e60   0x00000014   Code   RO         1069    i.__0printf$bare    mc_p.l(printfb.o)
    0x00000e74   0x00000e74   0x0000001c   Code   RO          623    i.__ARM_common_switch8  lcd.o
    0x00000e90   0x00000e90   0x0000000e   Code   RO         1369    i.__scatterload_copy  mc_p.l(handlers.o)
    0x00000e9e   0x00000e9e   0x00000002   Code   RO         1370    i.__scatterload_null  mc_p.l(handlers.o)
    0x00000ea0   0x00000ea0   0x0000000e   Code   RO         1371    i.__scatterload_zeroinit  mc_p.l(handlers.o)
    0x00000eae   0x00000eae   0x0000001e   Code   RO         1076    i._printf_core      mc_p.l(printfb.o)
    0x00000ecc   0x00000ecc   0x00000020   Code   RO          830    i.delay             systick.o
    0x00000eec   0x00000eec   0x0000001c   Code   RO          831    i.delay_ms          systick.o
    0x00000f08   0x00000f08   0x00000020   Code   RO          668    i.fputc             retarget.o
    0x00000f28   0x00000f28   0x00000188   Code   RO            3    i.main              main.o
    0x000010b0   0x000010b0   0x0000004c   Code   RO          991    i.mem_free          malloc.o
    0x000010fc   0x000010fc   0x0000002c   Code   RO          992    i.mem_init          malloc.o
    0x00001128   0x00001128   0x0000007c   Code   RO          993    i.mem_malloc        malloc.o
    0x000011a4   0x000011a4   0x00000028   Code   RO          994    i.mem_perused       malloc.o
    0x000011cc   0x000011cc   0x00000020   Code   RO          995    i.myfree            malloc.o
    0x000011ec   0x000011ec   0x00000020   Code   RO          996    i.mymalloc          malloc.o
    0x0000120c   0x0000120c   0x00000014   Code   RO          998    i.mymemset          malloc.o
    0x00001220   0x00001220   0x00000006   Code   RO          901    i.uart_ClearRxIRQ   uart.o
    0x00001226   0x00001226   0x00000006   Code   RO          902    i.uart_ClearTxIRQ   uart.o
    0x0000122c   0x0000122c   0x00000016   Code   RO          910    i.uart_SendChar     uart.o
    0x00001242   0x00001242   0x00000058   Code   RO          912    i.uart_init         uart.o
    0x0000129a   0x0000129a   0x000005f0   Data   RO          451    .constdata          lcd.o
    0x0000188a   0x0000188a   0x00000002   PAD
    0x0000188c   0x0000188c   0x00000020   Data   RO         1367    Region$$Table       anon$$obj.o


    Execution Region RW_IRAM1 (Exec base: 0x20000000, Load base: 0x000018ac, Size: 0x00002008, Max: 0x00004000, ABSOLUTE, COMPRESSED[0x00000490])

    Exec Addr    Load Addr    Size         Type   Attr      Idx    E Section Name        Object

    0x20000000   COMPRESSED   0x00000ad6   Data   RW            4    .data               main.o
    0x20000ad6   COMPRESSED   0x00000004   Data   RW          452    .data               lcd.o
    0x20000ada   COMPRESSED   0x00000002   PAD
    0x20000adc   COMPRESSED   0x00000008   Data   RW          669    .data               retarget.o
    0x20000ae4   COMPRESSED   0x00000014   Data   RW         1002    .data               malloc.o
    0x20000af8        -       0x0000000e   Zero   RW          450    .bss                lcd.o
    0x20000b06   COMPRESSED   0x00000002   PAD
    0x20000b08        -       0x00001100   Zero   RW         1000    .bss                malloc.o
    0x20001c08        -       0x00000400   Zero   RW          201    STACK               startup_cm0ds.o


==============================================================================

Image component sizes


      Code (inc. data)   RO Data    RW Data    ZI Data      Debug   Object Name

       204         52          0          0          0       6966   handler.o
      2664        134       1520          4         14      13722   lcd.o
        56          6          0          0          0        593   led.o
       392         24          0       2774          0       9393   main.o
       368         30          0         20       4352       5438   malloc.o
        32          0          0          8          0       2540   retarget.o
       196         24          0          0          0       3030   spi_flash.o
       156          8         96          0       1024       1116   startup_cm0ds.o
        66          6          0          0          0       6489   system.o
        96         24          0          0          0       2321   systick.o
       122          0          0          0          0       2776   uart.o

    ----------------------------------------------------------------------
      4360        308       1650       2808       5392      54384   Object Totals
         0          0         32          0          0          0   (incl. Generated)
         8          0          2          2          2          0   (incl. Padding)

    ----------------------------------------------------------------------

      Code (inc. data)   RO Data    RW Data    ZI Data      Debug   Library Member Name

        86          0          0          0          0          0   __dczerorl2.o
         0          0          0          0          0          0   entry.o
         0          0          0          0          0          0   entry10a.o
         0          0          0          0          0          0   entry11a.o
         8          4          0          0          0          0   entry2.o
         4          0          0          0          0          0   entry5.o
         0          0          0          0          0          0   entry7b.o
         0          0          0          0          0          0   entry8b.o
         8          4          0          0          0          0   entry9a.o
        30          0          0          0          0          0   handlers.o
        40          0          0          0          0         72   idiv.o
        36          8          0          0          0         68   init.o
        50          8          0          0          0        144   printfb.o
        44          0          0          0          0         72   uidiv.o

    ----------------------------------------------------------------------
       306         24          0          0          0        356   Library Totals
         0          0          0          0          0          0   (incl. Padding)

    ----------------------------------------------------------------------

      Code (inc. data)   RO Data    RW Data    ZI Data      Debug   Library Name

       306         24          0          0          0        356   mc_p.l

    ----------------------------------------------------------------------
       306         24          0          0          0        356   Library Totals

    ----------------------------------------------------------------------

==============================================================================


      Code (inc. data)   RO Data    RW Data    ZI Data      Debug   

      4666        332       1650       2808       5392      52412   Grand Totals
      4666        332       1650       1168       5392      52412   ELF Image Totals (compressed)
      4666        332       1650       1168          0          0   ROM Totals

==============================================================================

    Total RO  Size (Code + RO Data)                 6316 (   6.17kB)
    Total RW  Size (RW Data + ZI Data)              8200 (   8.01kB)
    Total ROM Size (Code + RO Data + RW Data)       7484 (   7.31kB)

==============================================================================

