Component: ARM Compiler 5.06 update 6 (build 750) Tool: armlink [4d35ed]

==============================================================================

Section Cross References

    main.o(i.main) refers to systick.o(i.delay_ms) for delay_ms
    handler.o(i.SysTickHandler) refers to systick.o(i.Set_SysTick_CTRL) for Set_SysTick_CTRL
    startup_cm0ds.o(RESET) refers to startup_cm0ds.o(STACK) for __initial_sp
    startup_cm0ds.o(RESET) refers to startup_cm0ds.o(.text) for Reset_Handler
    startup_cm0ds.o(.text) refers to handler.o(i.NMIHandler) for NMIHandler
    startup_cm0ds.o(.text) refers to handler.o(i.HardFaultHandler) for HardFaultHandler
    startup_cm0ds.o(.text) refers to handler.o(i.MemManageHandler) for MemManageHandler
    startup_cm0ds.o(.text) refers to handler.o(i.BusFaultHandler) for BusFaultHandler
    startup_cm0ds.o(.text) refers to handler.o(i.UsageFaultHandler) for UsageFaultHandler
    startup_cm0ds.o(.text) refers to handler.o(i.SVCHandler) for SVCHandler
    startup_cm0ds.o(.text) refers to handler.o(i.DebugMonHandler) for DebugMonHandler
    startup_cm0ds.o(.text) refers to handler.o(i.PendSVHandler) for PendSVHandler
    startup_cm0ds.o(.text) refers to handler.o(i.SysTickHandler) for SysTickHandler
    startup_cm0ds.o(.text) refers to handler.o(i.UARTRXHandler) for UARTRXHandler
    startup_cm0ds.o(.text) refers to handler.o(i.UARTTXHandler) for UARTTXHandler
    startup_cm0ds.o(.text) refers to handler.o(i.UARTOVRHandler) for UARTOVRHandler
    startup_cm0ds.o(.text) refers to handler.o(i.KEY0) for KEY0
    startup_cm0ds.o(.text) refers to handler.o(i.KEY1) for KEY1
    startup_cm0ds.o(.text) refers to handler.o(i.KEY2) for KEY2
    startup_cm0ds.o(.text) refers to handler.o(i.KEY3) for KEY3
    startup_cm0ds.o(.text) refers to handler.o(i.Timer_Handler) for Timer_Handler
    startup_cm0ds.o(.text) refers to system.o(i.SystemInit) for SystemInit
    startup_cm0ds.o(.text) refers to entry.o(.ARM.Collect$$$$00000000) for __main
    system.o(i.SystemCoreClockUpdate) refers to system.o(.data) for SystemCoreClock
    systick.o(i.delay) refers to systick.o(i.Set_SysTick_CTRL) for Set_SysTick_CTRL
    systick.o(i.delay) refers to systick.o(i.Set_SysTick_LOAD) for Set_SysTick_LOAD
    systick.o(i.delay) refers to systick.o(i.Set_SysTick_VALUE) for Set_SysTick_VALUE
    systick.o(i.delay_ms) refers to systick.o(i.delay) for delay
    entry.o(.ARM.Collect$$$$00000000) refers (Special) to entry10a.o(.ARM.Collect$$$$0000000D) for __rt_final_cpp
    entry.o(.ARM.Collect$$$$00000000) refers (Special) to entry11a.o(.ARM.Collect$$$$0000000F) for __rt_final_exit
    entry.o(.ARM.Collect$$$$00000000) refers (Special) to entry7b.o(.ARM.Collect$$$$00000008) for _main_clock
    entry.o(.ARM.Collect$$$$00000000) refers (Special) to entry8b.o(.ARM.Collect$$$$0000000A) for _main_cpp_init
    entry.o(.ARM.Collect$$$$00000000) refers (Special) to entry9a.o(.ARM.Collect$$$$0000000B) for _main_init
    entry.o(.ARM.Collect$$$$00000000) refers (Special) to entry5.o(.ARM.Collect$$$$00000004) for _main_scatterload
    entry.o(.ARM.Collect$$$$00000000) refers (Special) to entry2.o(.ARM.Collect$$$$00000001) for _main_stk
    entry2.o(.ARM.Collect$$$$00000001) refers to entry2.o(.ARM.Collect$$$$00002712) for __lit__00000000
    entry2.o(.ARM.Collect$$$$00002712) refers to startup_cm0ds.o(STACK) for __initial_sp
    entry2.o(__vectab_stack_and_reset_area) refers to startup_cm0ds.o(STACK) for __initial_sp
    entry2.o(__vectab_stack_and_reset_area) refers to entry.o(.ARM.Collect$$$$00000000) for __main
    entry5.o(.ARM.Collect$$$$00000004) refers to init.o(.text) for __scatterload
    entry9a.o(.ARM.Collect$$$$0000000B) refers to main.o(i.main) for main
    entry9b.o(.ARM.Collect$$$$0000000C) refers to main.o(i.main) for main
    init.o(.text) refers to entry5.o(.ARM.Collect$$$$00000004) for __main_after_scatterload


==============================================================================

Removing Unused input sections from the image.

    Removing main.o(.rev16_text), (4 bytes).
    Removing main.o(.revsh_text), (4 bytes).
    Removing handler.o(.rev16_text), (4 bytes).
    Removing handler.o(.revsh_text), (4 bytes).
    Removing startup_cm0ds.o(HEAP), (1024 bytes).
    Removing system.o(.rev16_text), (4 bytes).
    Removing system.o(.revsh_text), (4 bytes).
    Removing system.o(i.SystemCoreClockUpdate), (16 bytes).
    Removing system.o(.data), (4 bytes).
    Removing led.o(i.LED_down), (24 bytes).
    Removing led.o(i.LED_on), (22 bytes).
    Removing led.o(i.LED_toggle), (56 bytes).
    Removing led.o(i.led_ctrl), (58 bytes).
    Removing systick.o(.rev16_text), (4 bytes).
    Removing systick.o(.revsh_text), (4 bytes).
    Removing systick.o(i.Read_SysTick_VALUE), (12 bytes).
    Removing systick.o(i.Timer_Ini), (44 bytes).
    Removing systick.o(i.Timer_Stop), (36 bytes).

18 unused section(s) (total 1328 bytes) removed from the image.

==============================================================================

Image Symbol Table

    Local Symbols

    Symbol Name                              Value     Ov Type        Size  Object(Section)

    RESET                                    0x00000000   Section       96  startup_cm0ds.o(RESET)
    ../clib/microlib/init/entry.s            0x00000000   Number         0  entry5.o ABSOLUTE
    ../clib/microlib/init/entry.s            0x00000000   Number         0  entry10b.o ABSOLUTE
    ../clib/microlib/init/entry.s            0x00000000   Number         0  entry10a.o ABSOLUTE
    ../clib/microlib/init/entry.s            0x00000000   Number         0  entry9b.o ABSOLUTE
    ../clib/microlib/init/entry.s            0x00000000   Number         0  entry11a.o ABSOLUTE
    ../clib/microlib/init/entry.s            0x00000000   Number         0  entry9a.o ABSOLUTE
    ../clib/microlib/init/entry.s            0x00000000   Number         0  entry8b.o ABSOLUTE
    ../clib/microlib/init/entry.s            0x00000000   Number         0  entry8a.o ABSOLUTE
    ../clib/microlib/init/entry.s            0x00000000   Number         0  entry7b.o ABSOLUTE
    ../clib/microlib/init/entry.s            0x00000000   Number         0  entry7a.o ABSOLUTE
    ../clib/microlib/init/entry.s            0x00000000   Number         0  entry2.o ABSOLUTE
    ../clib/microlib/init/entry.s            0x00000000   Number         0  entry.o ABSOLUTE
    ../clib/microlib/init/entry.s            0x00000000   Number         0  entry11b.o ABSOLUTE
    ..\CORE\handler.c                        0x00000000   Number         0  handler.o ABSOLUTE
    ..\CORE\startup_CM0DS.s                  0x00000000   Number         0  startup_cm0ds.o ABSOLUTE
    ..\CORE\system.c                         0x00000000   Number         0  system.o ABSOLUTE
    ..\DEVICE\led.c                          0x00000000   Number         0  led.o ABSOLUTE
    ..\DEVICE\systick.c                      0x00000000   Number         0  systick.o ABSOLUTE
    ..\\CORE\\handler.c                      0x00000000   Number         0  handler.o ABSOLUTE
    ..\\CORE\\system.c                       0x00000000   Number         0  system.o ABSOLUTE
    ..\\DEVICE\\systick.c                    0x00000000   Number         0  systick.o ABSOLUTE
    dc.s                                     0x00000000   Number         0  dc.o ABSOLUTE
    handlers.s                               0x00000000   Number         0  handlers.o ABSOLUTE
    init.s                                   0x00000000   Number         0  init.o ABSOLUTE
    main.c                                   0x00000000   Number         0  main.o ABSOLUTE
    main.c                                   0x00000000   Number         0  main.o ABSOLUTE
    .ARM.Collect$$$$00000000                 0x00000060   Section        0  entry.o(.ARM.Collect$$$$00000000)
    .ARM.Collect$$$$00000001                 0x00000060   Section        4  entry2.o(.ARM.Collect$$$$00000001)
    .ARM.Collect$$$$00000004                 0x00000064   Section        4  entry5.o(.ARM.Collect$$$$00000004)
    .ARM.Collect$$$$00000008                 0x00000068   Section        0  entry7b.o(.ARM.Collect$$$$00000008)
    .ARM.Collect$$$$0000000A                 0x00000068   Section        0  entry8b.o(.ARM.Collect$$$$0000000A)
    .ARM.Collect$$$$0000000B                 0x00000068   Section        8  entry9a.o(.ARM.Collect$$$$0000000B)
    .ARM.Collect$$$$0000000D                 0x00000070   Section        0  entry10a.o(.ARM.Collect$$$$0000000D)
    .ARM.Collect$$$$0000000F                 0x00000070   Section        0  entry11a.o(.ARM.Collect$$$$0000000F)
    .ARM.Collect$$$$00002712                 0x00000070   Section        4  entry2.o(.ARM.Collect$$$$00002712)
    __lit__00000000                          0x00000070   Data           4  entry2.o(.ARM.Collect$$$$00002712)
    .text                                    0x00000074   Section      156  startup_cm0ds.o(.text)
    .text                                    0x00000110   Section       36  init.o(.text)
    i.BusFaultHandler                        0x00000134   Section        0  handler.o(i.BusFaultHandler)
    i.DebugMonHandler                        0x00000136   Section        0  handler.o(i.DebugMonHandler)
    i.HardFaultHandler                       0x00000138   Section        0  handler.o(i.HardFaultHandler)
    i.KEY0                                   0x0000013a   Section        0  handler.o(i.KEY0)
    i.KEY1                                   0x0000013c   Section        0  handler.o(i.KEY1)
    i.KEY2                                   0x0000013e   Section        0  handler.o(i.KEY2)
    i.KEY3                                   0x00000140   Section        0  handler.o(i.KEY3)
    i.MemManageHandler                       0x00000142   Section        0  handler.o(i.MemManageHandler)
    i.NMIHandler                             0x00000144   Section        0  handler.o(i.NMIHandler)
    i.PendSVHandler                          0x00000146   Section        0  handler.o(i.PendSVHandler)
    i.SVCHandler                             0x00000148   Section        0  handler.o(i.SVCHandler)
    i.Set_SysTick_CTRL                       0x0000014c   Section        0  systick.o(i.Set_SysTick_CTRL)
    i.Set_SysTick_LOAD                       0x00000158   Section        0  systick.o(i.Set_SysTick_LOAD)
    i.Set_SysTick_VALUE                      0x00000164   Section        0  systick.o(i.Set_SysTick_VALUE)
    i.SysTickHandler                         0x00000170   Section        0  handler.o(i.SysTickHandler)
    i.SystemInit                             0x0000018c   Section        0  system.o(i.SystemInit)
    i.Timer_Handler                          0x000001a4   Section        0  handler.o(i.Timer_Handler)
    i.UARTOVRHandler                         0x000001a6   Section        0  handler.o(i.UARTOVRHandler)
    i.UARTRXHandler                          0x000001a8   Section        0  handler.o(i.UARTRXHandler)
    i.UARTTXHandler                          0x000001aa   Section        0  handler.o(i.UARTTXHandler)
    i.UsageFaultHandler                      0x000001ac   Section        0  handler.o(i.UsageFaultHandler)
    i.__scatterload_copy                     0x000001ae   Section       14  handlers.o(i.__scatterload_copy)
    i.__scatterload_null                     0x000001bc   Section        2  handlers.o(i.__scatterload_null)
    i.__scatterload_zeroinit                 0x000001be   Section       14  handlers.o(i.__scatterload_zeroinit)
    i.delay                                  0x000001cc   Section        0  systick.o(i.delay)
    i.delay_ms                               0x000001ec   Section        0  systick.o(i.delay_ms)
    i.main                                   0x00000208   Section        0  main.o(i.main)
    STACK                                    0x20000000   Section     1024  startup_cm0ds.o(STACK)

    Global Symbols

    Symbol Name                              Value     Ov Type        Size  Object(Section)

    BuildAttributes$$THM_ISAv3M$S$PE$A:L22$X:L11$S22$IEEE1$IW$USESV6$~STKCKD$USESV7$~SHL$OSPACE$EBA8$MICROLIB$REQ8$PRES8$EABIv2 0x00000000   Number         0  anon$$obj.o ABSOLUTE
    __ARM_use_no_argv                        0x00000000   Number         0  main.o ABSOLUTE
    __Vectors                                0x00000000   Data           4  startup_cm0ds.o(RESET)
    __cpp_initialize__aeabi_                  - Undefined Weak Reference
    __cxa_finalize                            - Undefined Weak Reference
    __decompress                              - Undefined Weak Reference
    _clock_init                               - Undefined Weak Reference
    _microlib_exit                            - Undefined Weak Reference
    __Vectors_End                            0x00000060   Data           0  startup_cm0ds.o(RESET)
    __Vectors_Size                           0x00000060   Number         0  startup_cm0ds.o ABSOLUTE
    __main                                   0x00000061   Thumb Code     0  entry.o(.ARM.Collect$$$$00000000)
    _main_stk                                0x00000061   Thumb Code     0  entry2.o(.ARM.Collect$$$$00000001)
    _main_scatterload                        0x00000065   Thumb Code     0  entry5.o(.ARM.Collect$$$$00000004)
    __main_after_scatterload                 0x00000069   Thumb Code     0  entry5.o(.ARM.Collect$$$$00000004)
    _main_clock                              0x00000069   Thumb Code     0  entry7b.o(.ARM.Collect$$$$00000008)
    _main_cpp_init                           0x00000069   Thumb Code     0  entry8b.o(.ARM.Collect$$$$0000000A)
    _main_init                               0x00000069   Thumb Code     0  entry9a.o(.ARM.Collect$$$$0000000B)
    __rt_final_cpp                           0x00000071   Thumb Code     0  entry10a.o(.ARM.Collect$$$$0000000D)
    __rt_final_exit                          0x00000071   Thumb Code     0  entry11a.o(.ARM.Collect$$$$0000000F)
    Reset_Handler                            0x00000075   Thumb Code    12  startup_cm0ds.o(.text)
    NMI_Handler                              0x00000081   Thumb Code     8  startup_cm0ds.o(.text)
    HardFault_Handler                        0x00000089   Thumb Code     8  startup_cm0ds.o(.text)
    MemManage_Handler                        0x00000091   Thumb Code     8  startup_cm0ds.o(.text)
    BusFault_Handler                         0x00000099   Thumb Code     8  startup_cm0ds.o(.text)
    UsageFault_Handler                       0x000000a1   Thumb Code     8  startup_cm0ds.o(.text)
    SVC_Handler                              0x000000a9   Thumb Code     8  startup_cm0ds.o(.text)
    DebugMon_Handler                         0x000000b1   Thumb Code     8  startup_cm0ds.o(.text)
    PendSV_Handler                           0x000000b9   Thumb Code     8  startup_cm0ds.o(.text)
    SysTick_Handler                          0x000000c1   Thumb Code     8  startup_cm0ds.o(.text)
    UARTRX_Handler                           0x000000c9   Thumb Code     8  startup_cm0ds.o(.text)
    UARTTX_Handler                           0x000000d1   Thumb Code     8  startup_cm0ds.o(.text)
    UARTOVR_Handler                          0x000000d9   Thumb Code     8  startup_cm0ds.o(.text)
    KEY0_Handler                             0x000000e1   Thumb Code     8  startup_cm0ds.o(.text)
    KEY1_Handler                             0x000000e9   Thumb Code     8  startup_cm0ds.o(.text)
    KEY2_Handler                             0x000000f1   Thumb Code     8  startup_cm0ds.o(.text)
    KEY3_Handler                             0x000000f9   Thumb Code     8  startup_cm0ds.o(.text)
    TIMER_Handler                            0x00000101   Thumb Code     8  startup_cm0ds.o(.text)
    __scatterload                            0x00000111   Thumb Code    28  init.o(.text)
    __scatterload_rt2                        0x00000111   Thumb Code     0  init.o(.text)
    BusFaultHandler                          0x00000135   Thumb Code     2  handler.o(i.BusFaultHandler)
    DebugMonHandler                          0x00000137   Thumb Code     2  handler.o(i.DebugMonHandler)
    HardFaultHandler                         0x00000139   Thumb Code     2  handler.o(i.HardFaultHandler)
    KEY0                                     0x0000013b   Thumb Code     2  handler.o(i.KEY0)
    KEY1                                     0x0000013d   Thumb Code     2  handler.o(i.KEY1)
    KEY2                                     0x0000013f   Thumb Code     2  handler.o(i.KEY2)
    KEY3                                     0x00000141   Thumb Code     2  handler.o(i.KEY3)
    MemManageHandler                         0x00000143   Thumb Code     2  handler.o(i.MemManageHandler)
    NMIHandler                               0x00000145   Thumb Code     2  handler.o(i.NMIHandler)
    PendSVHandler                            0x00000147   Thumb Code     2  handler.o(i.PendSVHandler)
    SVCHandler                               0x00000149   Thumb Code     2  handler.o(i.SVCHandler)
    Set_SysTick_CTRL                         0x0000014d   Thumb Code     6  systick.o(i.Set_SysTick_CTRL)
    Set_SysTick_LOAD                         0x00000159   Thumb Code     6  systick.o(i.Set_SysTick_LOAD)
    Set_SysTick_VALUE                        0x00000165   Thumb Code     6  systick.o(i.Set_SysTick_VALUE)
    SysTickHandler                           0x00000171   Thumb Code    24  handler.o(i.SysTickHandler)
    SystemInit                               0x0000018d   Thumb Code    20  system.o(i.SystemInit)
    Timer_Handler                            0x000001a5   Thumb Code     2  handler.o(i.Timer_Handler)
    UARTOVRHandler                           0x000001a7   Thumb Code     2  handler.o(i.UARTOVRHandler)
    UARTRXHandler                            0x000001a9   Thumb Code     2  handler.o(i.UARTRXHandler)
    UARTTXHandler                            0x000001ab   Thumb Code     2  handler.o(i.UARTTXHandler)
    UsageFaultHandler                        0x000001ad   Thumb Code     2  handler.o(i.UsageFaultHandler)
    __scatterload_copy                       0x000001af   Thumb Code    14  handlers.o(i.__scatterload_copy)
    __scatterload_null                       0x000001bd   Thumb Code     2  handlers.o(i.__scatterload_null)
    __scatterload_zeroinit                   0x000001bf   Thumb Code    14  handlers.o(i.__scatterload_zeroinit)
    delay                                    0x000001cd   Thumb Code    32  systick.o(i.delay)
    delay_ms                                 0x000001ed   Thumb Code    22  systick.o(i.delay_ms)
    main                                     0x00000209   Thumb Code    36  main.o(i.main)
    Region$$Table$$Base                      0x0000022c   Number         0  anon$$obj.o(Region$$Table)
    Region$$Table$$Limit                     0x0000023c   Number         0  anon$$obj.o(Region$$Table)
    __initial_sp                             0x20000400   Data           0  startup_cm0ds.o(STACK)



==============================================================================

Memory Map of the image

  Image Entry point : 0x00000061

  Load Region LR_IROM1 (Base: 0x00000000, Size: 0x0000023c, Max: 0x00004000, ABSOLUTE)

    Execution Region ER_IROM1 (Exec base: 0x00000000, Load base: 0x00000000, Size: 0x0000023c, Max: 0x00004000, ABSOLUTE)

    Exec Addr    Load Addr    Size         Type   Attr      Idx    E Section Name        Object

    0x00000000   0x00000000   0x00000060   Data   RO          174    RESET               startup_cm0ds.o
    0x00000060   0x00000060   0x00000000   Code   RO          311  * .ARM.Collect$$$$00000000  mc_p.l(entry.o)
    0x00000060   0x00000060   0x00000004   Code   RO          314    .ARM.Collect$$$$00000001  mc_p.l(entry2.o)
    0x00000064   0x00000064   0x00000004   Code   RO          317    .ARM.Collect$$$$00000004  mc_p.l(entry5.o)
    0x00000068   0x00000068   0x00000000   Code   RO          319    .ARM.Collect$$$$00000008  mc_p.l(entry7b.o)
    0x00000068   0x00000068   0x00000000   Code   RO          321    .ARM.Collect$$$$0000000A  mc_p.l(entry8b.o)
    0x00000068   0x00000068   0x00000008   Code   RO          322    .ARM.Collect$$$$0000000B  mc_p.l(entry9a.o)
    0x00000070   0x00000070   0x00000000   Code   RO          324    .ARM.Collect$$$$0000000D  mc_p.l(entry10a.o)
    0x00000070   0x00000070   0x00000000   Code   RO          326    .ARM.Collect$$$$0000000F  mc_p.l(entry11a.o)
    0x00000070   0x00000070   0x00000004   Code   RO          315    .ARM.Collect$$$$00002712  mc_p.l(entry2.o)
    0x00000074   0x00000074   0x0000009c   Code   RO          175    .text               startup_cm0ds.o
    0x00000110   0x00000110   0x00000024   Code   RO          328    .text               mc_p.l(init.o)
    0x00000134   0x00000134   0x00000002   Code   RO           54    i.BusFaultHandler   handler.o
    0x00000136   0x00000136   0x00000002   Code   RO           55    i.DebugMonHandler   handler.o
    0x00000138   0x00000138   0x00000002   Code   RO           56    i.HardFaultHandler  handler.o
    0x0000013a   0x0000013a   0x00000002   Code   RO           57    i.KEY0              handler.o
    0x0000013c   0x0000013c   0x00000002   Code   RO           58    i.KEY1              handler.o
    0x0000013e   0x0000013e   0x00000002   Code   RO           59    i.KEY2              handler.o
    0x00000140   0x00000140   0x00000002   Code   RO           60    i.KEY3              handler.o
    0x00000142   0x00000142   0x00000002   Code   RO           61    i.MemManageHandler  handler.o
    0x00000144   0x00000144   0x00000002   Code   RO           62    i.NMIHandler        handler.o
    0x00000146   0x00000146   0x00000002   Code   RO           63    i.PendSVHandler     handler.o
    0x00000148   0x00000148   0x00000002   Code   RO           64    i.SVCHandler        handler.o
    0x0000014a   0x0000014a   0x00000002   PAD
    0x0000014c   0x0000014c   0x0000000c   Code   RO          248    i.Set_SysTick_CTRL  systick.o
    0x00000158   0x00000158   0x0000000c   Code   RO          249    i.Set_SysTick_LOAD  systick.o
    0x00000164   0x00000164   0x0000000c   Code   RO          250    i.Set_SysTick_VALUE  systick.o
    0x00000170   0x00000170   0x0000001c   Code   RO           65    i.SysTickHandler    handler.o
    0x0000018c   0x0000018c   0x00000018   Code   RO          182    i.SystemInit        system.o
    0x000001a4   0x000001a4   0x00000002   Code   RO           66    i.Timer_Handler     handler.o
    0x000001a6   0x000001a6   0x00000002   Code   RO           67    i.UARTOVRHandler    handler.o
    0x000001a8   0x000001a8   0x00000002   Code   RO           68    i.UARTRXHandler     handler.o
    0x000001aa   0x000001aa   0x00000002   Code   RO           69    i.UARTTXHandler     handler.o
    0x000001ac   0x000001ac   0x00000002   Code   RO           70    i.UsageFaultHandler  handler.o
    0x000001ae   0x000001ae   0x0000000e   Code   RO          332    i.__scatterload_copy  mc_p.l(handlers.o)
    0x000001bc   0x000001bc   0x00000002   Code   RO          333    i.__scatterload_null  mc_p.l(handlers.o)
    0x000001be   0x000001be   0x0000000e   Code   RO          334    i.__scatterload_zeroinit  mc_p.l(handlers.o)
    0x000001cc   0x000001cc   0x00000020   Code   RO          253    i.delay             systick.o
    0x000001ec   0x000001ec   0x0000001c   Code   RO          254    i.delay_ms          systick.o
    0x00000208   0x00000208   0x00000024   Code   RO            3    i.main              main.o
    0x0000022c   0x0000022c   0x00000010   Data   RO          330    Region$$Table       anon$$obj.o


    Execution Region RW_IRAM1 (Exec base: 0x20000000, Load base: 0x0000023c, Size: 0x00000400, Max: 0x00004000, ABSOLUTE)

    Exec Addr    Load Addr    Size         Type   Attr      Idx    E Section Name        Object

    0x20000000        -       0x00000400   Zero   RW          172    STACK               startup_cm0ds.o


==============================================================================

Image component sizes


      Code (inc. data)   RO Data    RW Data    ZI Data      Debug   Object Name

        60          4          0          0          0       6514   handler.o
        36          0          0          0          0       5683   main.o
       156          8         96          0       1024       1104   startup_cm0ds.o
        24          4          0          0          0       6105   system.o
        96         24          0          0          0       2249   systick.o

    ----------------------------------------------------------------------
       374         40        112          0       1024      21655   Object Totals
         0          0         16          0          0          0   (incl. Generated)
         2          0          0          0          0          0   (incl. Padding)

    ----------------------------------------------------------------------

      Code (inc. data)   RO Data    RW Data    ZI Data      Debug   Library Member Name

         0          0          0          0          0          0   entry.o
         0          0          0          0          0          0   entry10a.o
         0          0          0          0          0          0   entry11a.o
         8          4          0          0          0          0   entry2.o
         4          0          0          0          0          0   entry5.o
         0          0          0          0          0          0   entry7b.o
         0          0          0          0          0          0   entry8b.o
         8          4          0          0          0          0   entry9a.o
        30          0          0          0          0          0   handlers.o
        36          8          0          0          0         68   init.o

    ----------------------------------------------------------------------
        86         16          0          0          0         68   Library Totals
         0          0          0          0          0          0   (incl. Padding)

    ----------------------------------------------------------------------

      Code (inc. data)   RO Data    RW Data    ZI Data      Debug   Library Name

        86         16          0          0          0         68   mc_p.l

    ----------------------------------------------------------------------
        86         16          0          0          0         68   Library Totals

    ----------------------------------------------------------------------

==============================================================================


      Code (inc. data)   RO Data    RW Data    ZI Data      Debug   

       460         56        112          0       1024      20995   Grand Totals
       460         56        112          0       1024      20995   ELF Image Totals
       460         56        112          0          0          0   ROM Totals

==============================================================================

    Total RO  Size (Code + RO Data)                  572 (   0.56kB)
    Total RW  Size (RW Data + ZI Data)              1024 (   1.00kB)
    Total ROM Size (Code + RO Data + RW Data)        572 (   0.56kB)

==============================================================================

