Component: ARM Compiler 5.06 update 6 (build 750) Tool: armlink [4d35ed]

==============================================================================

Section Cross References

    cortexm0_driver.o(i.delay) refers to cortexm0_driver.o(i.Set_SysTick_CTRL) for Set_SysTick_CTRL
    cortexm0_driver.o(i.delay) refers to cortexm0_driver.o(i.Set_SysTick_LOAD) for Set_SysTick_LOAD
    cortexm0_driver.o(i.delay) refers to cortexm0_driver.o(i.Set_SysTick_VALUE) for Set_SysTick_VALUE
    cortexm0_driver.o(i.delay_ms) refers to cortexm0_driver.o(i.delay) for delay
    cortexm0_driver.o(i.uart_SendString) refers to strlen.o(.text) for strlen
    cortexm0_driver.o(i.uart_SendString) refers to cortexm0_driver.o(i.uart_SendChar) for uart_SendChar
    handler.o(i.KEY0) refers to cortexm0_driver.o(i.LED_toggle) for LED_toggle
    handler.o(i.KEY1) refers to cortexm0_driver.o(i.LED_toggle) for LED_toggle
    handler.o(i.KEY2) refers to cortexm0_driver.o(i.LED_toggle) for LED_toggle
    handler.o(i.KEY3) refers to cortexm0_driver.o(i.LED_toggle) for LED_toggle
    handler.o(i.SysTickHandler) refers to cortexm0_driver.o(i.Set_SysTick_CTRL) for Set_SysTick_CTRL
    handler.o(i.Timer_Handler) refers to cortexm0_driver.o(i.LED_toggle) for LED_toggle
    handler.o(i.Timer_Handler) refers to printfb.o(i.__0printf$bare) for __2printf
    handler.o(i.UARTRXHandler) refers to cortexm0_driver.o(i.uart_ClearRxIRQ) for uart_ClearRxIRQ
    handler.o(i.UARTRXHandler) refers to cortexm0_driver.o(i.LED_toggle) for LED_toggle
    handler.o(i.UARTTXHandler) refers to cortexm0_driver.o(i.uart_ClearTxIRQ) for uart_ClearTxIRQ
    handler.o(i.UARTTXHandler) refers to cortexm0_driver.o(i.LED_toggle) for LED_toggle
    main.o(i.main) refers to cortexm0_driver.o(i.LED_on) for LED_on
    main.o(i.main) refers to main.o(i.NVIC_EnableIRQ) for NVIC_EnableIRQ
    main.o(i.main) refers to cortexm0_driver.o(i.TIMER_Init) for TIMER_Init
    main.o(i.main) refers to cortexm0_driver.o(i.uart_init) for uart_init
    retarget.o(i._ttywrch) refers to cortexm0_driver.o(i.uart_SendChar) for uart_SendChar
    retarget.o(i.fgetc) refers to cortexm0_driver.o(i.uart_ReceiveChar) for uart_ReceiveChar
    retarget.o(i.fgetc) refers to cortexm0_driver.o(i.uart_SendChar) for uart_SendChar
    retarget.o(i.fputc) refers to cortexm0_driver.o(i.uart_SendChar) for uart_SendChar
    startup_cm0ds.o(RESET) refers to startup_cm0ds.o(STACK) for __initial_sp
    startup_cm0ds.o(RESET) refers to startup_cm0ds.o(.text) for Reset_Handler
    startup_cm0ds.o(.text) refers to handler.o(i.NMIHandler) for NMIHandler
    startup_cm0ds.o(.text) refers to handler.o(i.HardFaultHandler) for HardFaultHandler
    startup_cm0ds.o(.text) refers to handler.o(i.MemManageHandler) for MemManageHandler
    startup_cm0ds.o(.text) refers to handler.o(i.BusFaultHandler) for BusFaultHandler
    startup_cm0ds.o(.text) refers to handler.o(i.UsageFaultHandler) for UsageFaultHandler
    startup_cm0ds.o(.text) refers to handler.o(i.SVCHandler) for SVCHandler
    startup_cm0ds.o(.text) refers to handler.o(i.DebugMonHandler) for DebugMonHandler
    startup_cm0ds.o(.text) refers to handler.o(i.PendSVHandler) for PendSVHandler
    startup_cm0ds.o(.text) refers to handler.o(i.SysTickHandler) for SysTickHandler
    startup_cm0ds.o(.text) refers to handler.o(i.UARTRXHandler) for UARTRXHandler
    startup_cm0ds.o(.text) refers to handler.o(i.UARTTXHandler) for UARTTXHandler
    startup_cm0ds.o(.text) refers to handler.o(i.UARTOVRHandler) for UARTOVRHandler
    startup_cm0ds.o(.text) refers to handler.o(i.KEY0) for KEY0
    startup_cm0ds.o(.text) refers to handler.o(i.KEY1) for KEY1
    startup_cm0ds.o(.text) refers to handler.o(i.KEY2) for KEY2
    startup_cm0ds.o(.text) refers to handler.o(i.KEY3) for KEY3
    startup_cm0ds.o(.text) refers to handler.o(i.Timer_Handler) for Timer_Handler
    startup_cm0ds.o(.text) refers to system.o(i.SystemInit) for SystemInit
    startup_cm0ds.o(.text) refers to entry.o(.ARM.Collect$$$$00000000) for __main
    system.o(i.SystemCoreClockUpdate) refers to system.o(.data) for SystemCoreClock
    entry.o(.ARM.Collect$$$$00000000) refers (Special) to entry10a.o(.ARM.Collect$$$$0000000D) for __rt_final_cpp
    entry.o(.ARM.Collect$$$$00000000) refers (Special) to entry11a.o(.ARM.Collect$$$$0000000F) for __rt_final_exit
    entry.o(.ARM.Collect$$$$00000000) refers (Special) to entry7b.o(.ARM.Collect$$$$00000008) for _main_clock
    entry.o(.ARM.Collect$$$$00000000) refers (Special) to entry8b.o(.ARM.Collect$$$$0000000A) for _main_cpp_init
    entry.o(.ARM.Collect$$$$00000000) refers (Special) to entry9a.o(.ARM.Collect$$$$0000000B) for _main_init
    entry.o(.ARM.Collect$$$$00000000) refers (Special) to entry5.o(.ARM.Collect$$$$00000004) for _main_scatterload
    entry.o(.ARM.Collect$$$$00000000) refers (Special) to entry2.o(.ARM.Collect$$$$00000001) for _main_stk
    printfb.o(i.__0fprintf$bare) refers to printfb.o(i._printf_core) for _printf_core
    printfb.o(i.__0fprintf$bare) refers to retarget.o(i.fputc) for fputc
    printfb.o(i.__0printf$bare) refers to printfb.o(i._printf_core) for _printf_core
    printfb.o(i.__0printf$bare) refers to retarget.o(i.fputc) for fputc
    printfb.o(i.__0printf$bare) refers to retarget.o(.data) for __stdout
    printfb.o(i.__0snprintf$bare) refers to printfb.o(i._printf_core) for _printf_core
    printfb.o(i.__0snprintf$bare) refers to printfb.o(i._snputc) for _snputc
    printfb.o(i.__0sprintf$bare) refers to printfb.o(i._printf_core) for _printf_core
    printfb.o(i.__0sprintf$bare) refers to printfb.o(i._sputc) for _sputc
    printfb.o(i.__0vfprintf$bare) refers to printfb.o(i._printf_core) for _printf_core
    printfb.o(i.__0vfprintf$bare) refers to retarget.o(i.fputc) for fputc
    printfb.o(i.__0vprintf$bare) refers to printfb.o(i._printf_core) for _printf_core
    printfb.o(i.__0vprintf$bare) refers to retarget.o(i.fputc) for fputc
    printfb.o(i.__0vprintf$bare) refers to retarget.o(.data) for __stdout
    printfb.o(i.__0vsnprintf$bare) refers to printfb.o(i._printf_core) for _printf_core
    printfb.o(i.__0vsnprintf$bare) refers to printfb.o(i._snputc) for _snputc
    printfb.o(i.__0vsprintf$bare) refers to printfb.o(i._printf_core) for _printf_core
    printfb.o(i.__0vsprintf$bare) refers to printfb.o(i._sputc) for _sputc
    printf0.o(i.__0fprintf$0) refers to printf0.o(i._printf_core) for _printf_core
    printf0.o(i.__0fprintf$0) refers to retarget.o(i.fputc) for fputc
    printf0.o(i.__0printf$0) refers to printf0.o(i._printf_core) for _printf_core
    printf0.o(i.__0printf$0) refers to retarget.o(i.fputc) for fputc
    printf0.o(i.__0printf$0) refers to retarget.o(.data) for __stdout
    printf0.o(i.__0snprintf$0) refers to printf0.o(i._printf_core) for _printf_core
    printf0.o(i.__0snprintf$0) refers to printf0.o(i._snputc) for _snputc
    printf0.o(i.__0sprintf$0) refers to printf0.o(i._printf_core) for _printf_core
    printf0.o(i.__0sprintf$0) refers to printf0.o(i._sputc) for _sputc
    printf0.o(i.__0vfprintf$0) refers to printf0.o(i._printf_core) for _printf_core
    printf0.o(i.__0vfprintf$0) refers to retarget.o(i.fputc) for fputc
    printf0.o(i.__0vprintf$0) refers to printf0.o(i._printf_core) for _printf_core
    printf0.o(i.__0vprintf$0) refers to retarget.o(i.fputc) for fputc
    printf0.o(i.__0vprintf$0) refers to retarget.o(.data) for __stdout
    printf0.o(i.__0vsnprintf$0) refers to printf0.o(i._printf_core) for _printf_core
    printf0.o(i.__0vsnprintf$0) refers to printf0.o(i._snputc) for _snputc
    printf0.o(i.__0vsprintf$0) refers to printf0.o(i._printf_core) for _printf_core
    printf0.o(i.__0vsprintf$0) refers to printf0.o(i._sputc) for _sputc
    printf1.o(i.__0fprintf$1) refers to printf1.o(i._printf_core) for _printf_core
    printf1.o(i.__0fprintf$1) refers to retarget.o(i.fputc) for fputc
    printf1.o(i.__0printf$1) refers to printf1.o(i._printf_core) for _printf_core
    printf1.o(i.__0printf$1) refers to retarget.o(i.fputc) for fputc
    printf1.o(i.__0printf$1) refers to retarget.o(.data) for __stdout
    printf1.o(i.__0snprintf$1) refers to printf1.o(i._printf_core) for _printf_core
    printf1.o(i.__0snprintf$1) refers to printf1.o(i._snputc) for _snputc
    printf1.o(i.__0sprintf$1) refers to printf1.o(i._printf_core) for _printf_core
    printf1.o(i.__0sprintf$1) refers to printf1.o(i._sputc) for _sputc
    printf1.o(i.__0vfprintf$1) refers to printf1.o(i._printf_core) for _printf_core
    printf1.o(i.__0vfprintf$1) refers to retarget.o(i.fputc) for fputc
    printf1.o(i.__0vprintf$1) refers to printf1.o(i._printf_core) for _printf_core
    printf1.o(i.__0vprintf$1) refers to retarget.o(i.fputc) for fputc
    printf1.o(i.__0vprintf$1) refers to retarget.o(.data) for __stdout
    printf1.o(i.__0vsnprintf$1) refers to printf1.o(i._printf_core) for _printf_core
    printf1.o(i.__0vsnprintf$1) refers to printf1.o(i._snputc) for _snputc
    printf1.o(i.__0vsprintf$1) refers to printf1.o(i._printf_core) for _printf_core
    printf1.o(i.__0vsprintf$1) refers to printf1.o(i._sputc) for _sputc
    printf1.o(i._printf_core) refers to uidiv.o(.text) for __aeabi_uidivmod
    printf2.o(i.__0fprintf$2) refers to printf2.o(i._printf_core) for _printf_core
    printf2.o(i.__0fprintf$2) refers to retarget.o(i.fputc) for fputc
    printf2.o(i.__0printf$2) refers to printf2.o(i._printf_core) for _printf_core
    printf2.o(i.__0printf$2) refers to retarget.o(i.fputc) for fputc
    printf2.o(i.__0printf$2) refers to retarget.o(.data) for __stdout
    printf2.o(i.__0snprintf$2) refers to printf2.o(i._printf_core) for _printf_core
    printf2.o(i.__0snprintf$2) refers to printf2.o(i._snputc) for _snputc
    printf2.o(i.__0sprintf$2) refers to printf2.o(i._printf_core) for _printf_core
    printf2.o(i.__0sprintf$2) refers to printf2.o(i._sputc) for _sputc
    printf2.o(i.__0vfprintf$2) refers to printf2.o(i._printf_core) for _printf_core
    printf2.o(i.__0vfprintf$2) refers to retarget.o(i.fputc) for fputc
    printf2.o(i.__0vprintf$2) refers to printf2.o(i._printf_core) for _printf_core
    printf2.o(i.__0vprintf$2) refers to retarget.o(i.fputc) for fputc
    printf2.o(i.__0vprintf$2) refers to retarget.o(.data) for __stdout
    printf2.o(i.__0vsnprintf$2) refers to printf2.o(i._printf_core) for _printf_core
    printf2.o(i.__0vsnprintf$2) refers to printf2.o(i._snputc) for _snputc
    printf2.o(i.__0vsprintf$2) refers to printf2.o(i._printf_core) for _printf_core
    printf2.o(i.__0vsprintf$2) refers to printf2.o(i._sputc) for _sputc
    printf3.o(i.__0fprintf$3) refers to printf3.o(i._printf_core) for _printf_core
    printf3.o(i.__0fprintf$3) refers to retarget.o(i.fputc) for fputc
    printf3.o(i.__0printf$3) refers to printf3.o(i._printf_core) for _printf_core
    printf3.o(i.__0printf$3) refers to retarget.o(i.fputc) for fputc
    printf3.o(i.__0printf$3) refers to retarget.o(.data) for __stdout
    printf3.o(i.__0snprintf$3) refers to printf3.o(i._printf_core) for _printf_core
    printf3.o(i.__0snprintf$3) refers to printf3.o(i._snputc) for _snputc
    printf3.o(i.__0sprintf$3) refers to printf3.o(i._printf_core) for _printf_core
    printf3.o(i.__0sprintf$3) refers to printf3.o(i._sputc) for _sputc
    printf3.o(i.__0vfprintf$3) refers to printf3.o(i._printf_core) for _printf_core
    printf3.o(i.__0vfprintf$3) refers to retarget.o(i.fputc) for fputc
    printf3.o(i.__0vprintf$3) refers to printf3.o(i._printf_core) for _printf_core
    printf3.o(i.__0vprintf$3) refers to retarget.o(i.fputc) for fputc
    printf3.o(i.__0vprintf$3) refers to retarget.o(.data) for __stdout
    printf3.o(i.__0vsnprintf$3) refers to printf3.o(i._printf_core) for _printf_core
    printf3.o(i.__0vsnprintf$3) refers to printf3.o(i._snputc) for _snputc
    printf3.o(i.__0vsprintf$3) refers to printf3.o(i._printf_core) for _printf_core
    printf3.o(i.__0vsprintf$3) refers to printf3.o(i._sputc) for _sputc
    printf3.o(i._printf_core) refers to uidiv.o(.text) for __aeabi_uidivmod
    printf4.o(i.__0fprintf$4) refers to printf4.o(i._printf_core) for _printf_core
    printf4.o(i.__0fprintf$4) refers to retarget.o(i.fputc) for fputc
    printf4.o(i.__0printf$4) refers to printf4.o(i._printf_core) for _printf_core
    printf4.o(i.__0printf$4) refers to retarget.o(i.fputc) for fputc
    printf4.o(i.__0printf$4) refers to retarget.o(.data) for __stdout
    printf4.o(i.__0snprintf$4) refers to printf4.o(i._printf_core) for _printf_core
    printf4.o(i.__0snprintf$4) refers to printf4.o(i._snputc) for _snputc
    printf4.o(i.__0sprintf$4) refers to printf4.o(i._printf_core) for _printf_core
    printf4.o(i.__0sprintf$4) refers to printf4.o(i._sputc) for _sputc
    printf4.o(i.__0vfprintf$4) refers to printf4.o(i._printf_core) for _printf_core
    printf4.o(i.__0vfprintf$4) refers to retarget.o(i.fputc) for fputc
    printf4.o(i.__0vprintf$4) refers to printf4.o(i._printf_core) for _printf_core
    printf4.o(i.__0vprintf$4) refers to retarget.o(i.fputc) for fputc
    printf4.o(i.__0vprintf$4) refers to retarget.o(.data) for __stdout
    printf4.o(i.__0vsnprintf$4) refers to printf4.o(i._printf_core) for _printf_core
    printf4.o(i.__0vsnprintf$4) refers to printf4.o(i._snputc) for _snputc
    printf4.o(i.__0vsprintf$4) refers to printf4.o(i._printf_core) for _printf_core
    printf4.o(i.__0vsprintf$4) refers to printf4.o(i._sputc) for _sputc
    printf4.o(i._printf_core) refers to uldiv.o(.text) for __aeabi_uldivmod
    printf5.o(i.__0fprintf$5) refers to printf5.o(i._printf_core) for _printf_core
    printf5.o(i.__0fprintf$5) refers to retarget.o(i.fputc) for fputc
    printf5.o(i.__0printf$5) refers to printf5.o(i._printf_core) for _printf_core
    printf5.o(i.__0printf$5) refers to retarget.o(i.fputc) for fputc
    printf5.o(i.__0printf$5) refers to retarget.o(.data) for __stdout
    printf5.o(i.__0snprintf$5) refers to printf5.o(i._printf_core) for _printf_core
    printf5.o(i.__0snprintf$5) refers to printf5.o(i._snputc) for _snputc
    printf5.o(i.__0sprintf$5) refers to printf5.o(i._printf_core) for _printf_core
    printf5.o(i.__0sprintf$5) refers to printf5.o(i._sputc) for _sputc
    printf5.o(i.__0vfprintf$5) refers to printf5.o(i._printf_core) for _printf_core
    printf5.o(i.__0vfprintf$5) refers to retarget.o(i.fputc) for fputc
    printf5.o(i.__0vprintf$5) refers to printf5.o(i._printf_core) for _printf_core
    printf5.o(i.__0vprintf$5) refers to retarget.o(i.fputc) for fputc
    printf5.o(i.__0vprintf$5) refers to retarget.o(.data) for __stdout
    printf5.o(i.__0vsnprintf$5) refers to printf5.o(i._printf_core) for _printf_core
    printf5.o(i.__0vsnprintf$5) refers to printf5.o(i._snputc) for _snputc
    printf5.o(i.__0vsprintf$5) refers to printf5.o(i._printf_core) for _printf_core
    printf5.o(i.__0vsprintf$5) refers to printf5.o(i._sputc) for _sputc
    printf5.o(i._printf_core) refers to uldiv.o(.text) for __aeabi_uldivmod
    printf6.o(i.__0fprintf$6) refers to printf6.o(i._printf_core) for _printf_core
    printf6.o(i.__0fprintf$6) refers to retarget.o(i.fputc) for fputc
    printf6.o(i.__0printf$6) refers to printf6.o(i._printf_core) for _printf_core
    printf6.o(i.__0printf$6) refers to retarget.o(i.fputc) for fputc
    printf6.o(i.__0printf$6) refers to retarget.o(.data) for __stdout
    printf6.o(i.__0snprintf$6) refers to printf6.o(i._printf_core) for _printf_core
    printf6.o(i.__0snprintf$6) refers to printf6.o(i._snputc) for _snputc
    printf6.o(i.__0sprintf$6) refers to printf6.o(i._printf_core) for _printf_core
    printf6.o(i.__0sprintf$6) refers to printf6.o(i._sputc) for _sputc
    printf6.o(i.__0vfprintf$6) refers to printf6.o(i._printf_core) for _printf_core
    printf6.o(i.__0vfprintf$6) refers to retarget.o(i.fputc) for fputc
    printf6.o(i.__0vprintf$6) refers to printf6.o(i._printf_core) for _printf_core
    printf6.o(i.__0vprintf$6) refers to retarget.o(i.fputc) for fputc
    printf6.o(i.__0vprintf$6) refers to retarget.o(.data) for __stdout
    printf6.o(i.__0vsnprintf$6) refers to printf6.o(i._printf_core) for _printf_core
    printf6.o(i.__0vsnprintf$6) refers to printf6.o(i._snputc) for _snputc
    printf6.o(i.__0vsprintf$6) refers to printf6.o(i._printf_core) for _printf_core
    printf6.o(i.__0vsprintf$6) refers to printf6.o(i._sputc) for _sputc
    printf6.o(i._printf_core) refers to printf6.o(i._printf_pre_padding) for _printf_pre_padding
    printf6.o(i._printf_core) refers to printf6.o(i._printf_post_padding) for _printf_post_padding
    printf6.o(i._printf_core) refers to uidiv.o(.text) for __aeabi_uidivmod
    printf7.o(i.__0fprintf$7) refers to printf7.o(i._printf_core) for _printf_core
    printf7.o(i.__0fprintf$7) refers to retarget.o(i.fputc) for fputc
    printf7.o(i.__0printf$7) refers to printf7.o(i._printf_core) for _printf_core
    printf7.o(i.__0printf$7) refers to retarget.o(i.fputc) for fputc
    printf7.o(i.__0printf$7) refers to retarget.o(.data) for __stdout
    printf7.o(i.__0snprintf$7) refers to printf7.o(i._printf_core) for _printf_core
    printf7.o(i.__0snprintf$7) refers to printf7.o(i._snputc) for _snputc
    printf7.o(i.__0sprintf$7) refers to printf7.o(i._printf_core) for _printf_core
    printf7.o(i.__0sprintf$7) refers to printf7.o(i._sputc) for _sputc
    printf7.o(i.__0vfprintf$7) refers to printf7.o(i._printf_core) for _printf_core
    printf7.o(i.__0vfprintf$7) refers to retarget.o(i.fputc) for fputc
    printf7.o(i.__0vprintf$7) refers to printf7.o(i._printf_core) for _printf_core
    printf7.o(i.__0vprintf$7) refers to retarget.o(i.fputc) for fputc
    printf7.o(i.__0vprintf$7) refers to retarget.o(.data) for __stdout
    printf7.o(i.__0vsnprintf$7) refers to printf7.o(i._printf_core) for _printf_core
    printf7.o(i.__0vsnprintf$7) refers to printf7.o(i._snputc) for _snputc
    printf7.o(i.__0vsprintf$7) refers to printf7.o(i._printf_core) for _printf_core
    printf7.o(i.__0vsprintf$7) refers to printf7.o(i._sputc) for _sputc
    printf7.o(i._printf_core) refers to printf7.o(i._printf_pre_padding) for _printf_pre_padding
    printf7.o(i._printf_core) refers to printf7.o(i._printf_post_padding) for _printf_post_padding
    printf7.o(i._printf_core) refers to uldiv.o(.text) for __aeabi_uldivmod
    printf8.o(i.__0fprintf$8) refers to printf8.o(i._printf_core) for _printf_core
    printf8.o(i.__0fprintf$8) refers to retarget.o(i.fputc) for fputc
    printf8.o(i.__0printf$8) refers to printf8.o(i._printf_core) for _printf_core
    printf8.o(i.__0printf$8) refers to retarget.o(i.fputc) for fputc
    printf8.o(i.__0printf$8) refers to retarget.o(.data) for __stdout
    printf8.o(i.__0snprintf$8) refers to printf8.o(i._printf_core) for _printf_core
    printf8.o(i.__0snprintf$8) refers to printf8.o(i._snputc) for _snputc
    printf8.o(i.__0sprintf$8) refers to printf8.o(i._printf_core) for _printf_core
    printf8.o(i.__0sprintf$8) refers to printf8.o(i._sputc) for _sputc
    printf8.o(i.__0vfprintf$8) refers to printf8.o(i._printf_core) for _printf_core
    printf8.o(i.__0vfprintf$8) refers to retarget.o(i.fputc) for fputc
    printf8.o(i.__0vprintf$8) refers to printf8.o(i._printf_core) for _printf_core
    printf8.o(i.__0vprintf$8) refers to retarget.o(i.fputc) for fputc
    printf8.o(i.__0vprintf$8) refers to retarget.o(.data) for __stdout
    printf8.o(i.__0vsnprintf$8) refers to printf8.o(i._printf_core) for _printf_core
    printf8.o(i.__0vsnprintf$8) refers to printf8.o(i._snputc) for _snputc
    printf8.o(i.__0vsprintf$8) refers to printf8.o(i._printf_core) for _printf_core
    printf8.o(i.__0vsprintf$8) refers to printf8.o(i._sputc) for _sputc
    printf8.o(i._printf_core) refers to printf8.o(i._printf_pre_padding) for _printf_pre_padding
    printf8.o(i._printf_core) refers to printf8.o(i._printf_post_padding) for _printf_post_padding
    printf8.o(i._printf_core) refers to uldiv.o(.text) for __aeabi_uldivmod
    printfa.o(i.__0fprintf) refers (Special) to iusefp.o(.text) for __I$use$fp
    printfa.o(i.__0fprintf) refers to printfa.o(i._printf_core) for _printf_core
    printfa.o(i.__0fprintf) refers to retarget.o(i.fputc) for fputc
    printfa.o(i.__0printf) refers (Special) to iusefp.o(.text) for __I$use$fp
    printfa.o(i.__0printf) refers to printfa.o(i._printf_core) for _printf_core
    printfa.o(i.__0printf) refers to retarget.o(i.fputc) for fputc
    printfa.o(i.__0printf) refers to retarget.o(.data) for __stdout
    printfa.o(i.__0snprintf) refers (Special) to iusefp.o(.text) for __I$use$fp
    printfa.o(i.__0snprintf) refers to printfa.o(i._printf_core) for _printf_core
    printfa.o(i.__0snprintf) refers to printfa.o(i._snputc) for _snputc
    printfa.o(i.__0sprintf) refers (Special) to iusefp.o(.text) for __I$use$fp
    printfa.o(i.__0sprintf) refers to printfa.o(i._printf_core) for _printf_core
    printfa.o(i.__0sprintf) refers to printfa.o(i._sputc) for _sputc
    printfa.o(i.__0vfprintf) refers (Special) to iusefp.o(.text) for __I$use$fp
    printfa.o(i.__0vfprintf) refers to printfa.o(i._printf_core) for _printf_core
    printfa.o(i.__0vfprintf) refers to retarget.o(i.fputc) for fputc
    printfa.o(i.__0vprintf) refers (Special) to iusefp.o(.text) for __I$use$fp
    printfa.o(i.__0vprintf) refers to printfa.o(i._printf_core) for _printf_core
    printfa.o(i.__0vprintf) refers to retarget.o(i.fputc) for fputc
    printfa.o(i.__0vprintf) refers to retarget.o(.data) for __stdout
    printfa.o(i.__0vsnprintf) refers (Special) to iusefp.o(.text) for __I$use$fp
    printfa.o(i.__0vsnprintf) refers to printfa.o(i._printf_core) for _printf_core
    printfa.o(i.__0vsnprintf) refers to printfa.o(i._snputc) for _snputc
    printfa.o(i.__0vsprintf) refers (Special) to iusefp.o(.text) for __I$use$fp
    printfa.o(i.__0vsprintf) refers to printfa.o(i._printf_core) for _printf_core
    printfa.o(i.__0vsprintf) refers to printfa.o(i._sputc) for _sputc
    printfa.o(i._fp_digits) refers (Special) to iusefp.o(.text) for __I$use$fp
    printfa.o(i._fp_digits) refers to dmul.o(.text) for __aeabi_dmul
    printfa.o(i._fp_digits) refers to ddiv.o(.text) for __aeabi_ddiv
    printfa.o(i._fp_digits) refers to cdrcmple.o(.text) for __aeabi_cdrcmple
    printfa.o(i._fp_digits) refers to dadd.o(.text) for __aeabi_dadd
    printfa.o(i._fp_digits) refers to dfixul.o(.text) for __aeabi_d2ulz
    printfa.o(i._fp_digits) refers to uldiv.o(.text) for __aeabi_uldivmod
    printfa.o(i._printf_core) refers (Special) to iusefp.o(.text) for __I$use$fp
    printfa.o(i._printf_core) refers to printfa.o(i._printf_pre_padding) for _printf_pre_padding
    printfa.o(i._printf_core) refers to uldiv.o(.text) for __aeabi_uldivmod
    printfa.o(i._printf_core) refers to printfa.o(i._printf_post_padding) for _printf_post_padding
    printfa.o(i._printf_core) refers to printfa.o(i._fp_digits) for _fp_digits
    printfa.o(i._printf_core) refers to uidiv.o(.text) for __aeabi_uidivmod
    printfa.o(i._printf_post_padding) refers (Special) to iusefp.o(.text) for __I$use$fp
    printfa.o(i._printf_pre_padding) refers (Special) to iusefp.o(.text) for __I$use$fp
    printfa.o(i._snputc) refers (Special) to iusefp.o(.text) for __I$use$fp
    printfa.o(i._sputc) refers (Special) to iusefp.o(.text) for __I$use$fp
    entry2.o(.ARM.Collect$$$$00000001) refers to entry2.o(.ARM.Collect$$$$00002712) for __lit__00000000
    entry2.o(.ARM.Collect$$$$00002712) refers to startup_cm0ds.o(STACK) for __initial_sp
    entry2.o(__vectab_stack_and_reset_area) refers to startup_cm0ds.o(STACK) for __initial_sp
    entry2.o(__vectab_stack_and_reset_area) refers to entry.o(.ARM.Collect$$$$00000000) for __main
    entry5.o(.ARM.Collect$$$$00000004) refers to init.o(.text) for __scatterload
    entry9a.o(.ARM.Collect$$$$0000000B) refers to main.o(i.main) for main
    entry9b.o(.ARM.Collect$$$$0000000C) refers to main.o(i.main) for main
    uldiv.o(.text) refers to llushr.o(.text) for __aeabi_llsr
    uldiv.o(.text) refers to llshl.o(.text) for __aeabi_llsl
    dadd.o(.text) refers to llshl.o(.text) for __aeabi_llsl
    dadd.o(.text) refers to llsshr.o(.text) for __aeabi_lasr
    dadd.o(.text) refers to depilogue.o(.text) for _double_epilogue
    dmul.o(.text) refers to depilogue.o(.text) for _double_epilogue
    ddiv.o(.text) refers to depilogue.o(.text) for _double_round
    dfixul.o(.text) refers to llushr.o(.text) for __aeabi_llsr
    dfixul.o(.text) refers to llshl.o(.text) for __aeabi_llsl
    init.o(.text) refers to entry5.o(.ARM.Collect$$$$00000004) for __main_after_scatterload
    depilogue.o(.text) refers to depilogue.o(i.__ARM_clz) for __ARM_clz
    depilogue.o(.text) refers to llshl.o(.text) for __aeabi_llsl
    depilogue.o(.text) refers to llushr.o(.text) for __aeabi_llsr


==============================================================================

Removing Unused input sections from the image.

    Removing cortexm0_driver.o(.rev16_text), (4 bytes).
    Removing cortexm0_driver.o(.revsh_text), (4 bytes).
    Removing cortexm0_driver.o(i.LED_down), (24 bytes).
    Removing cortexm0_driver.o(i.READ_KEY), (12 bytes).
    Removing cortexm0_driver.o(i.Read_SysTick_VALUE), (12 bytes).
    Removing cortexm0_driver.o(i.Set_SysTick_LOAD), (12 bytes).
    Removing cortexm0_driver.o(i.Set_SysTick_VALUE), (12 bytes).
    Removing cortexm0_driver.o(i.Timer_Ini), (44 bytes).
    Removing cortexm0_driver.o(i.Timer_Stop), (36 bytes).
    Removing cortexm0_driver.o(i.delay), (32 bytes).
    Removing cortexm0_driver.o(i.delay_ms), (28 bytes).
    Removing cortexm0_driver.o(i.led_ctrl), (56 bytes).
    Removing cortexm0_driver.o(i.uart_ClearOverrunStatus), (16 bytes).
    Removing cortexm0_driver.o(i.uart_GetBaudDivider), (6 bytes).
    Removing cortexm0_driver.o(i.uart_GetOverrunStatus), (12 bytes).
    Removing cortexm0_driver.o(i.uart_GetRxBufferFull), (12 bytes).
    Removing cortexm0_driver.o(i.uart_GetRxIRQStatus), (12 bytes).
    Removing cortexm0_driver.o(i.uart_GetTxBufferFull), (10 bytes).
    Removing cortexm0_driver.o(i.uart_GetTxIRQStatus), (10 bytes).
    Removing cortexm0_driver.o(i.uart_ReceiveChar), (20 bytes).
    Removing cortexm0_driver.o(i.uart_SendString), (34 bytes).
    Removing handler.o(.rev16_text), (4 bytes).
    Removing handler.o(.revsh_text), (4 bytes).
    Removing main.o(.rev16_text), (4 bytes).
    Removing main.o(.revsh_text), (4 bytes).
    Removing main.o(i.my_delay), (26 bytes).
    Removing retarget.o(.rev16_text), (4 bytes).
    Removing retarget.o(.revsh_text), (4 bytes).
    Removing retarget.o(i._sys_exit), (4 bytes).
    Removing retarget.o(i._ttywrch), (16 bytes).
    Removing retarget.o(i.ferror), (8 bytes).
    Removing retarget.o(i.fgetc), (34 bytes).
    Removing startup_cm0ds.o(HEAP), (1024 bytes).
    Removing system.o(.rev16_text), (4 bytes).
    Removing system.o(.revsh_text), (4 bytes).
    Removing system.o(i.SystemCoreClockUpdate), (16 bytes).
    Removing system.o(.data), (4 bytes).
    Removing dadd.o(.text), (356 bytes).
    Removing dmul.o(.text), (208 bytes).
    Removing ddiv.o(.text), (240 bytes).
    Removing dfixul.o(.text), (64 bytes).
    Removing cdrcmple.o(.text), (40 bytes).
    Removing depilogue.o(.text), (190 bytes).
    Removing depilogue.o(i.__ARM_clz), (46 bytes).

44 unused section(s) (total 2716 bytes) removed from the image.

==============================================================================

Image Symbol Table

    Local Symbols

    Symbol Name                              Value     Ov Type        Size  Object(Section)

    RESET                                    0x00000000   Section       96  startup_cm0ds.o(RESET)
    ../clib/microlib/division.c              0x00000000   Number         0  uidiv.o ABSOLUTE
    ../clib/microlib/division.c              0x00000000   Number         0  uldiv.o ABSOLUTE
    ../clib/microlib/init/entry.s            0x00000000   Number         0  entry10a.o ABSOLUTE
    ../clib/microlib/init/entry.s            0x00000000   Number         0  entry7b.o ABSOLUTE
    ../clib/microlib/init/entry.s            0x00000000   Number         0  entry11b.o ABSOLUTE
    ../clib/microlib/init/entry.s            0x00000000   Number         0  entry7a.o ABSOLUTE
    ../clib/microlib/init/entry.s            0x00000000   Number         0  entry11a.o ABSOLUTE
    ../clib/microlib/init/entry.s            0x00000000   Number         0  entry10b.o ABSOLUTE
    ../clib/microlib/init/entry.s            0x00000000   Number         0  entry8b.o ABSOLUTE
    ../clib/microlib/init/entry.s            0x00000000   Number         0  entry9b.o ABSOLUTE
    ../clib/microlib/init/entry.s            0x00000000   Number         0  entry5.o ABSOLUTE
    ../clib/microlib/init/entry.s            0x00000000   Number         0  entry9a.o ABSOLUTE
    ../clib/microlib/init/entry.s            0x00000000   Number         0  entry2.o ABSOLUTE
    ../clib/microlib/init/entry.s            0x00000000   Number         0  entry.o ABSOLUTE
    ../clib/microlib/init/entry.s            0x00000000   Number         0  entry8a.o ABSOLUTE
    ../clib/microlib/longlong.c              0x00000000   Number         0  llushr.o ABSOLUTE
    ../clib/microlib/longlong.c              0x00000000   Number         0  llshl.o ABSOLUTE
    ../clib/microlib/longlong.c              0x00000000   Number         0  llsshr.o ABSOLUTE
    ../clib/microlib/printf/printf.c         0x00000000   Number         0  printf7.o ABSOLUTE
    ../clib/microlib/printf/printf.c         0x00000000   Number         0  printf6.o ABSOLUTE
    ../clib/microlib/printf/printf.c         0x00000000   Number         0  printf5.o ABSOLUTE
    ../clib/microlib/printf/printf.c         0x00000000   Number         0  printf4.o ABSOLUTE
    ../clib/microlib/printf/printf.c         0x00000000   Number         0  printf3.o ABSOLUTE
    ../clib/microlib/printf/printf.c         0x00000000   Number         0  printf2.o ABSOLUTE
    ../clib/microlib/printf/printf.c         0x00000000   Number         0  printf1.o ABSOLUTE
    ../clib/microlib/printf/printf.c         0x00000000   Number         0  printfb.o ABSOLUTE
    ../clib/microlib/printf/printf.c         0x00000000   Number         0  printf0.o ABSOLUTE
    ../clib/microlib/printf/printf.c         0x00000000   Number         0  printfa.o ABSOLUTE
    ../clib/microlib/printf/printf.c         0x00000000   Number         0  printf8.o ABSOLUTE
    ../clib/microlib/string/strlen.c         0x00000000   Number         0  strlen.o ABSOLUTE
    ../clib/microlib/stubs.s                 0x00000000   Number         0  iusefp.o ABSOLUTE
    ../fplib/microlib/fpadd.c                0x00000000   Number         0  dadd.o ABSOLUTE
    ../fplib/microlib/fpdiv.c                0x00000000   Number         0  ddiv.o ABSOLUTE
    ../fplib/microlib/fpepilogue.c           0x00000000   Number         0  depilogue.o ABSOLUTE
    ../fplib/microlib/fpfix.c                0x00000000   Number         0  dfixul.o ABSOLUTE
    ../fplib/microlib/fpmul.c                0x00000000   Number         0  dmul.o ABSOLUTE
    ..\Software\CortexM0_driver.c            0x00000000   Number         0  cortexm0_driver.o ABSOLUTE
    ..\Software\Retarget.c                   0x00000000   Number         0  retarget.o ABSOLUTE
    ..\Software\handler.c                    0x00000000   Number         0  handler.o ABSOLUTE
    ..\Software\main.c                       0x00000000   Number         0  main.o ABSOLUTE
    ..\Software\startup_CM0DS.s              0x00000000   Number         0  startup_cm0ds.o ABSOLUTE
    ..\Software\system.c                     0x00000000   Number         0  system.o ABSOLUTE
    ..\\Software\\CortexM0_driver.c          0x00000000   Number         0  cortexm0_driver.o ABSOLUTE
    ..\\Software\\Retarget.c                 0x00000000   Number         0  retarget.o ABSOLUTE
    ..\\Software\\handler.c                  0x00000000   Number         0  handler.o ABSOLUTE
    ..\\Software\\main.c                     0x00000000   Number         0  main.o ABSOLUTE
    ..\\Software\\system.c                   0x00000000   Number         0  system.o ABSOLUTE
    cdrcmple.s                               0x00000000   Number         0  cdrcmple.o ABSOLUTE
    dc.s                                     0x00000000   Number         0  dc.o ABSOLUTE
    handlers.s                               0x00000000   Number         0  handlers.o ABSOLUTE
    init.s                                   0x00000000   Number         0  init.o ABSOLUTE
    .ARM.Collect$$$$00000000                 0x00000060   Section        0  entry.o(.ARM.Collect$$$$00000000)
    .ARM.Collect$$$$00000001                 0x00000060   Section        4  entry2.o(.ARM.Collect$$$$00000001)
    .ARM.Collect$$$$00000004                 0x00000064   Section        4  entry5.o(.ARM.Collect$$$$00000004)
    .ARM.Collect$$$$00000008                 0x00000068   Section        0  entry7b.o(.ARM.Collect$$$$00000008)
    .ARM.Collect$$$$0000000A                 0x00000068   Section        0  entry8b.o(.ARM.Collect$$$$0000000A)
    .ARM.Collect$$$$0000000B                 0x00000068   Section        8  entry9a.o(.ARM.Collect$$$$0000000B)
    .ARM.Collect$$$$0000000D                 0x00000070   Section        0  entry10a.o(.ARM.Collect$$$$0000000D)
    .ARM.Collect$$$$0000000F                 0x00000070   Section        0  entry11a.o(.ARM.Collect$$$$0000000F)
    .ARM.Collect$$$$00002712                 0x00000070   Section        4  entry2.o(.ARM.Collect$$$$00002712)
    __lit__00000000                          0x00000070   Data           4  entry2.o(.ARM.Collect$$$$00002712)
    .text                                    0x00000074   Section      156  startup_cm0ds.o(.text)
    .text                                    0x00000110   Section       36  init.o(.text)
    i.BusFaultHandler                        0x00000134   Section        0  handler.o(i.BusFaultHandler)
    i.DebugMonHandler                        0x00000136   Section        0  handler.o(i.DebugMonHandler)
    i.HardFaultHandler                       0x00000138   Section        0  handler.o(i.HardFaultHandler)
    i.KEY0                                   0x0000013a   Section        0  handler.o(i.KEY0)
    i.KEY1                                   0x00000144   Section        0  handler.o(i.KEY1)
    i.KEY2                                   0x0000014e   Section        0  handler.o(i.KEY2)
    i.KEY3                                   0x00000158   Section        0  handler.o(i.KEY3)
    i.LED_on                                 0x00000164   Section        0  cortexm0_driver.o(i.LED_on)
    i.LED_toggle                             0x0000017c   Section        0  cortexm0_driver.o(i.LED_toggle)
    i.MemManageHandler                       0x000001b4   Section        0  handler.o(i.MemManageHandler)
    i.NMIHandler                             0x000001b6   Section        0  handler.o(i.NMIHandler)
    i.NVIC_EnableIRQ                         0x000001b8   Section        0  main.o(i.NVIC_EnableIRQ)
    NVIC_EnableIRQ                           0x000001b9   Thumb Code    14  main.o(i.NVIC_EnableIRQ)
    i.PendSVHandler                          0x000001cc   Section        0  handler.o(i.PendSVHandler)
    i.SVCHandler                             0x000001ce   Section        0  handler.o(i.SVCHandler)
    i.Set_SysTick_CTRL                       0x000001d0   Section        0  cortexm0_driver.o(i.Set_SysTick_CTRL)
    i.SysTickHandler                         0x000001dc   Section        0  handler.o(i.SysTickHandler)
    i.SystemInit                             0x000001f8   Section        0  system.o(i.SystemInit)
    i.TIMER_Init                             0x000001fc   Section        0  cortexm0_driver.o(i.TIMER_Init)
    i.Timer_Handler                          0x00000214   Section        0  handler.o(i.Timer_Handler)
    i.UARTOVRHandler                         0x00000238   Section        0  handler.o(i.UARTOVRHandler)
    i.UARTRXHandler                          0x0000023a   Section        0  handler.o(i.UARTRXHandler)
    i.UARTTXHandler                          0x0000024c   Section        0  handler.o(i.UARTTXHandler)
    i.UsageFaultHandler                      0x0000025e   Section        0  handler.o(i.UsageFaultHandler)
    i.__0printf$bare                         0x00000260   Section        0  printfb.o(i.__0printf$bare)
    i.__scatterload_copy                     0x00000274   Section       14  handlers.o(i.__scatterload_copy)
    i.__scatterload_null                     0x00000282   Section        2  handlers.o(i.__scatterload_null)
    i.__scatterload_zeroinit                 0x00000284   Section       14  handlers.o(i.__scatterload_zeroinit)
    i._printf_core                           0x00000292   Section        0  printfb.o(i._printf_core)
    _printf_core                             0x00000293   Thumb Code    30  printfb.o(i._printf_core)
    i.fputc                                  0x000002b0   Section        0  retarget.o(i.fputc)
    i.main                                   0x000002d0   Section        0  main.o(i.main)
    i.uart_ClearRxIRQ                        0x0000033c   Section        0  cortexm0_driver.o(i.uart_ClearRxIRQ)
    i.uart_ClearTxIRQ                        0x00000342   Section        0  cortexm0_driver.o(i.uart_ClearTxIRQ)
    i.uart_SendChar                          0x00000348   Section        0  cortexm0_driver.o(i.uart_SendChar)
    i.uart_init                              0x0000035e   Section        0  cortexm0_driver.o(i.uart_init)
    .data                                    0x20000000   Section        8  retarget.o(.data)
    STACK                                    0x20000008   Section     1024  startup_cm0ds.o(STACK)

    Global Symbols

    Symbol Name                              Value     Ov Type        Size  Object(Section)

    BuildAttributes$$THM_ISAv3M$S$PE$A:L22$X:L11$S22$IEEE1$IW$USESV6$~STKCKD$USESV7$~SHL$OSPACE$ROPI$EBA8$MICROLIB$REQ8$PRES8$EABIv2 0x00000000   Number         0  anon$$obj.o ABSOLUTE
    __ARM_use_no_argv                        0x00000000   Number         0  main.o ABSOLUTE
    __Vectors                                0x00000000   Data           4  startup_cm0ds.o(RESET)
    __cpp_initialize__aeabi_                  - Undefined Weak Reference
    __cxa_finalize                            - Undefined Weak Reference
    __decompress                              - Undefined Weak Reference
    _clock_init                               - Undefined Weak Reference
    _microlib_exit                            - Undefined Weak Reference
    __Vectors_End                            0x00000060   Data           0  startup_cm0ds.o(RESET)
    __Vectors_Size                           0x00000060   Number         0  startup_cm0ds.o ABSOLUTE
    __main                                   0x00000061   Thumb Code     0  entry.o(.ARM.Collect$$$$00000000)
    _main_stk                                0x00000061   Thumb Code     0  entry2.o(.ARM.Collect$$$$00000001)
    _main_scatterload                        0x00000065   Thumb Code     0  entry5.o(.ARM.Collect$$$$00000004)
    __main_after_scatterload                 0x00000069   Thumb Code     0  entry5.o(.ARM.Collect$$$$00000004)
    _main_clock                              0x00000069   Thumb Code     0  entry7b.o(.ARM.Collect$$$$00000008)
    _main_cpp_init                           0x00000069   Thumb Code     0  entry8b.o(.ARM.Collect$$$$0000000A)
    _main_init                               0x00000069   Thumb Code     0  entry9a.o(.ARM.Collect$$$$0000000B)
    __rt_final_cpp                           0x00000071   Thumb Code     0  entry10a.o(.ARM.Collect$$$$0000000D)
    __rt_final_exit                          0x00000071   Thumb Code     0  entry11a.o(.ARM.Collect$$$$0000000F)
    Reset_Handler                            0x00000075   Thumb Code    12  startup_cm0ds.o(.text)
    NMI_Handler                              0x00000081   Thumb Code     8  startup_cm0ds.o(.text)
    HardFault_Handler                        0x00000089   Thumb Code     8  startup_cm0ds.o(.text)
    MemManage_Handler                        0x00000091   Thumb Code     8  startup_cm0ds.o(.text)
    BusFault_Handler                         0x00000099   Thumb Code     8  startup_cm0ds.o(.text)
    UsageFault_Handler                       0x000000a1   Thumb Code     8  startup_cm0ds.o(.text)
    SVC_Handler                              0x000000a9   Thumb Code     8  startup_cm0ds.o(.text)
    DebugMon_Handler                         0x000000b1   Thumb Code     8  startup_cm0ds.o(.text)
    PendSV_Handler                           0x000000b9   Thumb Code     8  startup_cm0ds.o(.text)
    SysTick_Handler                          0x000000c1   Thumb Code     8  startup_cm0ds.o(.text)
    UARTRX_Handler                           0x000000c9   Thumb Code     8  startup_cm0ds.o(.text)
    UARTTX_Handler                           0x000000d1   Thumb Code     8  startup_cm0ds.o(.text)
    UARTOVR_Handler                          0x000000d9   Thumb Code     8  startup_cm0ds.o(.text)
    KEY0_Handler                             0x000000e1   Thumb Code     8  startup_cm0ds.o(.text)
    KEY1_Handler                             0x000000e9   Thumb Code     8  startup_cm0ds.o(.text)
    KEY2_Handler                             0x000000f1   Thumb Code     8  startup_cm0ds.o(.text)
    KEY3_Handler                             0x000000f9   Thumb Code     8  startup_cm0ds.o(.text)
    TIMER_Handler                            0x00000101   Thumb Code     8  startup_cm0ds.o(.text)
    __scatterload                            0x00000111   Thumb Code    28  init.o(.text)
    __scatterload_rt2                        0x00000111   Thumb Code     0  init.o(.text)
    BusFaultHandler                          0x00000135   Thumb Code     2  handler.o(i.BusFaultHandler)
    DebugMonHandler                          0x00000137   Thumb Code     2  handler.o(i.DebugMonHandler)
    HardFaultHandler                         0x00000139   Thumb Code     2  handler.o(i.HardFaultHandler)
    KEY0                                     0x0000013b   Thumb Code    10  handler.o(i.KEY0)
    KEY1                                     0x00000145   Thumb Code    10  handler.o(i.KEY1)
    KEY2                                     0x0000014f   Thumb Code    10  handler.o(i.KEY2)
    KEY3                                     0x00000159   Thumb Code    10  handler.o(i.KEY3)
    LED_on                                   0x00000165   Thumb Code    18  cortexm0_driver.o(i.LED_on)
    LED_toggle                               0x0000017d   Thumb Code    50  cortexm0_driver.o(i.LED_toggle)
    MemManageHandler                         0x000001b5   Thumb Code     2  handler.o(i.MemManageHandler)
    NMIHandler                               0x000001b7   Thumb Code     2  handler.o(i.NMIHandler)
    PendSVHandler                            0x000001cd   Thumb Code     2  handler.o(i.PendSVHandler)
    SVCHandler                               0x000001cf   Thumb Code     2  handler.o(i.SVCHandler)
    Set_SysTick_CTRL                         0x000001d1   Thumb Code     6  cortexm0_driver.o(i.Set_SysTick_CTRL)
    SysTickHandler                           0x000001dd   Thumb Code    24  handler.o(i.SysTickHandler)
    SystemInit                               0x000001f9   Thumb Code     2  system.o(i.SystemInit)
    TIMER_Init                               0x000001fd   Thumb Code    18  cortexm0_driver.o(i.TIMER_Init)
    Timer_Handler                            0x00000215   Thumb Code    16  handler.o(i.Timer_Handler)
    UARTOVRHandler                           0x00000239   Thumb Code     2  handler.o(i.UARTOVRHandler)
    UARTRXHandler                            0x0000023b   Thumb Code    18  handler.o(i.UARTRXHandler)
    UARTTXHandler                            0x0000024d   Thumb Code    18  handler.o(i.UARTTXHandler)
    UsageFaultHandler                        0x0000025f   Thumb Code     2  handler.o(i.UsageFaultHandler)
    __0printf$bare                           0x00000261   Thumb Code    12  printfb.o(i.__0printf$bare)
    __1printf$bare                           0x00000261   Thumb Code     0  printfb.o(i.__0printf$bare)
    __2printf                                0x00000261   Thumb Code     0  printfb.o(i.__0printf$bare)
    __scatterload_copy                       0x00000275   Thumb Code    14  handlers.o(i.__scatterload_copy)
    __scatterload_null                       0x00000283   Thumb Code     2  handlers.o(i.__scatterload_null)
    __scatterload_zeroinit                   0x00000285   Thumb Code    14  handlers.o(i.__scatterload_zeroinit)
    fputc                                    0x000002b1   Thumb Code    32  retarget.o(i.fputc)
    main                                     0x000002d1   Thumb Code    98  main.o(i.main)
    uart_ClearRxIRQ                          0x0000033d   Thumb Code     6  cortexm0_driver.o(i.uart_ClearRxIRQ)
    uart_ClearTxIRQ                          0x00000343   Thumb Code     6  cortexm0_driver.o(i.uart_ClearTxIRQ)
    uart_SendChar                            0x00000349   Thumb Code    22  cortexm0_driver.o(i.uart_SendChar)
    uart_init                                0x0000035f   Thumb Code    88  cortexm0_driver.o(i.uart_init)
    Region$$Table$$Base                      0x000003b8   Number         0  anon$$obj.o(Region$$Table)
    Region$$Table$$Limit                     0x000003d8   Number         0  anon$$obj.o(Region$$Table)
    __stdout                                 0x20000000   Data           4  retarget.o(.data)
    __stdin                                  0x20000004   Data           4  retarget.o(.data)
    __initial_sp                             0x20000408   Data           0  startup_cm0ds.o(STACK)



==============================================================================

Memory Map of the image

  Image Entry point : 0x00000061

  Load Region LR_IROM1 (Base: 0x00000000, Size: 0x000003e0, Max: 0x00004000, ABSOLUTE)

    Execution Region ER_IROM1 (Exec base: 0x00000000, Load base: 0x00000000, Size: 0x000003d8, Max: 0x00004000, ABSOLUTE)

    Exec Addr    Load Addr    Size         Type   Attr      Idx    E Section Name        Object

    0x00000000   0x00000000   0x00000060   Data   RO          417    RESET               startup_cm0ds.o
    0x00000060   0x00000060   0x00000000   Code   RO          455  * .ARM.Collect$$$$00000000  mc_p.l(entry.o)
    0x00000060   0x00000060   0x00000004   Code   RO          720    .ARM.Collect$$$$00000001  mc_p.l(entry2.o)
    0x00000064   0x00000064   0x00000004   Code   RO          723    .ARM.Collect$$$$00000004  mc_p.l(entry5.o)
    0x00000068   0x00000068   0x00000000   Code   RO          725    .ARM.Collect$$$$00000008  mc_p.l(entry7b.o)
    0x00000068   0x00000068   0x00000000   Code   RO          727    .ARM.Collect$$$$0000000A  mc_p.l(entry8b.o)
    0x00000068   0x00000068   0x00000008   Code   RO          728    .ARM.Collect$$$$0000000B  mc_p.l(entry9a.o)
    0x00000070   0x00000070   0x00000000   Code   RO          730    .ARM.Collect$$$$0000000D  mc_p.l(entry10a.o)
    0x00000070   0x00000070   0x00000000   Code   RO          732    .ARM.Collect$$$$0000000F  mc_p.l(entry11a.o)
    0x00000070   0x00000070   0x00000004   Code   RO          721    .ARM.Collect$$$$00002712  mc_p.l(entry2.o)
    0x00000074   0x00000074   0x0000009c   Code   RO          418    .text               startup_cm0ds.o
    0x00000110   0x00000110   0x00000024   Code   RO          749    .text               mc_p.l(init.o)
    0x00000134   0x00000134   0x00000002   Code   RO          207    i.BusFaultHandler   handler.o
    0x00000136   0x00000136   0x00000002   Code   RO          208    i.DebugMonHandler   handler.o
    0x00000138   0x00000138   0x00000002   Code   RO          209    i.HardFaultHandler  handler.o
    0x0000013a   0x0000013a   0x0000000a   Code   RO          210    i.KEY0              handler.o
    0x00000144   0x00000144   0x0000000a   Code   RO          211    i.KEY1              handler.o
    0x0000014e   0x0000014e   0x0000000a   Code   RO          212    i.KEY2              handler.o
    0x00000158   0x00000158   0x0000000a   Code   RO          213    i.KEY3              handler.o
    0x00000162   0x00000162   0x00000002   PAD
    0x00000164   0x00000164   0x00000018   Code   RO            4    i.LED_on            cortexm0_driver.o
    0x0000017c   0x0000017c   0x00000038   Code   RO            5    i.LED_toggle        cortexm0_driver.o
    0x000001b4   0x000001b4   0x00000002   Code   RO          214    i.MemManageHandler  handler.o
    0x000001b6   0x000001b6   0x00000002   Code   RO          215    i.NMIHandler        handler.o
    0x000001b8   0x000001b8   0x00000014   Code   RO          327    i.NVIC_EnableIRQ    main.o
    0x000001cc   0x000001cc   0x00000002   Code   RO          216    i.PendSVHandler     handler.o
    0x000001ce   0x000001ce   0x00000002   Code   RO          217    i.SVCHandler        handler.o
    0x000001d0   0x000001d0   0x0000000c   Code   RO            8    i.Set_SysTick_CTRL  cortexm0_driver.o
    0x000001dc   0x000001dc   0x0000001c   Code   RO          218    i.SysTickHandler    handler.o
    0x000001f8   0x000001f8   0x00000002   Code   RO          425    i.SystemInit        system.o
    0x000001fa   0x000001fa   0x00000002   PAD
    0x000001fc   0x000001fc   0x00000018   Code   RO           11    i.TIMER_Init        cortexm0_driver.o
    0x00000214   0x00000214   0x00000024   Code   RO          219    i.Timer_Handler     handler.o
    0x00000238   0x00000238   0x00000002   Code   RO          220    i.UARTOVRHandler    handler.o
    0x0000023a   0x0000023a   0x00000012   Code   RO          221    i.UARTRXHandler     handler.o
    0x0000024c   0x0000024c   0x00000012   Code   RO          222    i.UARTTXHandler     handler.o
    0x0000025e   0x0000025e   0x00000002   Code   RO          223    i.UsageFaultHandler  handler.o
    0x00000260   0x00000260   0x00000014   Code   RO          461    i.__0printf$bare    mc_p.l(printfb.o)
    0x00000274   0x00000274   0x0000000e   Code   RO          763    i.__scatterload_copy  mc_p.l(handlers.o)
    0x00000282   0x00000282   0x00000002   Code   RO          764    i.__scatterload_null  mc_p.l(handlers.o)
    0x00000284   0x00000284   0x0000000e   Code   RO          765    i.__scatterload_zeroinit  mc_p.l(handlers.o)
    0x00000292   0x00000292   0x0000001e   Code   RO          468    i._printf_core      mc_p.l(printfb.o)
    0x000002b0   0x000002b0   0x00000020   Code   RO          369    i.fputc             retarget.o
    0x000002d0   0x000002d0   0x0000006c   Code   RO          328    i.main              main.o
    0x0000033c   0x0000033c   0x00000006   Code   RO           18    i.uart_ClearRxIRQ   cortexm0_driver.o
    0x00000342   0x00000342   0x00000006   Code   RO           19    i.uart_ClearTxIRQ   cortexm0_driver.o
    0x00000348   0x00000348   0x00000016   Code   RO           27    i.uart_SendChar     cortexm0_driver.o
    0x0000035e   0x0000035e   0x00000058   Code   RO           29    i.uart_init         cortexm0_driver.o
    0x000003b6   0x000003b6   0x00000002   PAD
    0x000003b8   0x000003b8   0x00000020   Data   RO          761    Region$$Table       anon$$obj.o


    Execution Region RW_IRAM1 (Exec base: 0x20000000, Load base: 0x000003d8, Size: 0x00000408, Max: 0x00004000, ABSOLUTE)

    Exec Addr    Load Addr    Size         Type   Attr      Idx    E Section Name        Object

    0x20000000   0x000003d8   0x00000008   Data   RW          370    .data               retarget.o
    0x20000008        -       0x00000400   Zero   RW          415    STACK               startup_cm0ds.o


==============================================================================

Image component sizes


      Code (inc. data)   RO Data    RW Data    ZI Data      Debug   Object Name

       238         24          0          0          0      12130   cortexm0_driver.o
       158         24          0          0          0       6990   handler.o
       128         16          0          0          0       6523   main.o
        32          0          0          8          0       2544   retarget.o
       156          8         96          0       1024       1120   startup_cm0ds.o
         2          0          0          0          0        389   system.o

    ----------------------------------------------------------------------
       720         72        128          8       1024      29696   Object Totals
         0          0         32          0          0          0   (incl. Generated)
         6          0          0          0          0          0   (incl. Padding)

    ----------------------------------------------------------------------

      Code (inc. data)   RO Data    RW Data    ZI Data      Debug   Library Member Name

         0          0          0          0          0          0   entry.o
         0          0          0          0          0          0   entry10a.o
         0          0          0          0          0          0   entry11a.o
         8          4          0          0          0          0   entry2.o
         4          0          0          0          0          0   entry5.o
         0          0          0          0          0          0   entry7b.o
         0          0          0          0          0          0   entry8b.o
         8          4          0          0          0          0   entry9a.o
        30          0          0          0          0          0   handlers.o
        36          8          0          0          0         68   init.o
        50          8          0          0          0        144   printfb.o

    ----------------------------------------------------------------------
       136         24          0          0          0        212   Library Totals
         0          0          0          0          0          0   (incl. Padding)

    ----------------------------------------------------------------------

      Code (inc. data)   RO Data    RW Data    ZI Data      Debug   Library Name

       136         24          0          0          0        212   mc_p.l

    ----------------------------------------------------------------------
       136         24          0          0          0        212   Library Totals

    ----------------------------------------------------------------------

==============================================================================


      Code (inc. data)   RO Data    RW Data    ZI Data      Debug   

       856         96        128          8       1024      28872   Grand Totals
       856         96        128          8       1024      28872   ELF Image Totals
       856         96        128          8          0          0   ROM Totals

==============================================================================

    Total RO  Size (Code + RO Data)                  984 (   0.96kB)
    Total RW  Size (RW Data + ZI Data)              1032 (   1.01kB)
    Total ROM Size (Code + RO Data + RW Data)        992 (   0.97kB)

==============================================================================

