Component: ARM Compiler 5.06 update 6 (build 750) Tool: armlink [4d35ed]

==============================================================================

Section Cross References

    cortexm0_driver.o(i.Gui_Drawbmp16) refers to cortexm0_driver.o(i.LCD_Set_Window) for LCD_Set_Window
    cortexm0_driver.o(i.Gui_Drawbmp16) refers to cortexm0_driver.o(i.LCD_WR_DATA) for LCD_WR_DATA
    cortexm0_driver.o(i.Gui_Drawbmp16) refers to cortexm0_driver.o(.bss) for lcddev
    cortexm0_driver.o(i.LCD_Clear) refers to cortexm0_driver.o(i.LCD_SetCursor) for LCD_SetCursor
    cortexm0_driver.o(i.LCD_Clear) refers to cortexm0_driver.o(i.LCD_WriteRAM_Prepare) for LCD_WriteRAM_Prepare
    cortexm0_driver.o(i.LCD_Clear) refers to cortexm0_driver.o(i.LCD_WR_DATA) for LCD_WR_DATA
    cortexm0_driver.o(i.LCD_Clear) refers to cortexm0_driver.o(.bss) for lcddev
    cortexm0_driver.o(i.LCD_Color_Fill) refers to cortexm0_driver.o(i.LCD_SetCursor) for LCD_SetCursor
    cortexm0_driver.o(i.LCD_Color_Fill) refers to cortexm0_driver.o(i.LCD_WriteRAM_Prepare) for LCD_WriteRAM_Prepare
    cortexm0_driver.o(i.LCD_Color_Fill) refers to cortexm0_driver.o(i.LCD_WR_DATA) for LCD_WR_DATA
    cortexm0_driver.o(i.LCD_DisplayOff) refers to cortexm0_driver.o(i.LCD_WR_REG) for LCD_WR_REG
    cortexm0_driver.o(i.LCD_DisplayOn) refers to cortexm0_driver.o(i.LCD_WR_REG) for LCD_WR_REG
    cortexm0_driver.o(i.LCD_Display_Dir) refers to cortexm0_driver.o(i.LCD_Scan_Dir) for LCD_Scan_Dir
    cortexm0_driver.o(i.LCD_Display_Dir) refers to cortexm0_driver.o(.bss) for lcddev
    cortexm0_driver.o(i.LCD_DrawLine) refers to cortexm0_driver.o(i.LCD_DrawPoint) for LCD_DrawPoint
    cortexm0_driver.o(i.LCD_DrawPoint) refers to cortexm0_driver.o(i.LCD_SetCursor) for LCD_SetCursor
    cortexm0_driver.o(i.LCD_DrawPoint) refers to cortexm0_driver.o(i.LCD_WriteRAM_Prepare) for LCD_WriteRAM_Prepare
    cortexm0_driver.o(i.LCD_DrawPoint) refers to cortexm0_driver.o(i.LCD_WR_DATA) for LCD_WR_DATA
    cortexm0_driver.o(i.LCD_DrawPoint) refers to cortexm0_driver.o(.data) for POINT_COLOR
    cortexm0_driver.o(i.LCD_Fast_DrawPoint) refers to cortexm0_driver.o(i.LCD_WR_REG) for LCD_WR_REG
    cortexm0_driver.o(i.LCD_Fast_DrawPoint) refers to cortexm0_driver.o(i.LCD_WR_DATA) for LCD_WR_DATA
    cortexm0_driver.o(i.LCD_Fast_DrawPoint) refers to cortexm0_driver.o(i.MakeData) for MakeData
    cortexm0_driver.o(i.LCD_Fast_DrawPoint) refers to cortexm0_driver.o(.bss) for lcddev
    cortexm0_driver.o(i.LCD_Fill) refers to cortexm0_driver.o(i.LCD_SetCursor) for LCD_SetCursor
    cortexm0_driver.o(i.LCD_Fill) refers to cortexm0_driver.o(i.LCD_WriteRAM_Prepare) for LCD_WriteRAM_Prepare
    cortexm0_driver.o(i.LCD_Fill) refers to cortexm0_driver.o(i.LCD_WR_DATA) for LCD_WR_DATA
    cortexm0_driver.o(i.LCD_Init) refers to cortexm0_driver.o(i.delay) for delay
    cortexm0_driver.o(i.LCD_Init) refers to cortexm0_driver.o(i.LCD_WR_REG) for LCD_WR_REG
    cortexm0_driver.o(i.LCD_Init) refers to cortexm0_driver.o(i.LCD_WR_DATA) for LCD_WR_DATA
    cortexm0_driver.o(i.LCD_Init) refers to cortexm0_driver.o(i.LCD_Display_Dir) for LCD_Display_Dir
    cortexm0_driver.o(i.LCD_Init) refers to cortexm0_driver.o(i.LCD_Clear) for LCD_Clear
    cortexm0_driver.o(i.LCD_Init) refers to cortexm0_driver.o(.bss) for lcddev
    cortexm0_driver.o(i.LCD_RD_DATA) refers to cortexm0_driver.o(i.ReadData) for ReadData
    cortexm0_driver.o(i.LCD_ReadReg) refers to cortexm0_driver.o(i.LCD_WR_REG) for LCD_WR_REG
    cortexm0_driver.o(i.LCD_ReadReg) refers to cortexm0_driver.o(i.delay) for delay
    cortexm0_driver.o(i.LCD_ReadReg) refers to cortexm0_driver.o(i.LCD_RD_DATA) for LCD_RD_DATA
    cortexm0_driver.o(i.LCD_Scan_Dir) refers to cortexm0_driver.o(i.__ARM_common_switch8) for __ARM_common_switch8
    cortexm0_driver.o(i.LCD_Scan_Dir) refers to cortexm0_driver.o(i.LCD_WriteReg) for LCD_WriteReg
    cortexm0_driver.o(i.LCD_Scan_Dir) refers to cortexm0_driver.o(i.LCD_WR_REG) for LCD_WR_REG
    cortexm0_driver.o(i.LCD_Scan_Dir) refers to cortexm0_driver.o(i.LCD_WR_DATA) for LCD_WR_DATA
    cortexm0_driver.o(i.LCD_Scan_Dir) refers to cortexm0_driver.o(.bss) for lcddev
    cortexm0_driver.o(i.LCD_SetCursor) refers to cortexm0_driver.o(i.LCD_WR_REG) for LCD_WR_REG
    cortexm0_driver.o(i.LCD_SetCursor) refers to cortexm0_driver.o(i.LCD_WR_DATA) for LCD_WR_DATA
    cortexm0_driver.o(i.LCD_SetCursor) refers to cortexm0_driver.o(.bss) for lcddev
    cortexm0_driver.o(i.LCD_Set_Window) refers to cortexm0_driver.o(i.LCD_WR_REG) for LCD_WR_REG
    cortexm0_driver.o(i.LCD_Set_Window) refers to cortexm0_driver.o(i.LCD_WR_DATA) for LCD_WR_DATA
    cortexm0_driver.o(i.LCD_Set_Window) refers to cortexm0_driver.o(i.LCD_WriteRAM_Prepare) for LCD_WriteRAM_Prepare
    cortexm0_driver.o(i.LCD_Set_Window) refers to cortexm0_driver.o(.bss) for lcddev
    cortexm0_driver.o(i.LCD_ShowChar) refers to cortexm0_driver.o(i.LCD_Fast_DrawPoint) for LCD_Fast_DrawPoint
    cortexm0_driver.o(i.LCD_ShowChar) refers to cortexm0_driver.o(.constdata) for asc2_1608
    cortexm0_driver.o(i.LCD_ShowChar) refers to cortexm0_driver.o(.data) for POINT_COLOR
    cortexm0_driver.o(i.LCD_ShowChar) refers to cortexm0_driver.o(.bss) for lcddev
    cortexm0_driver.o(i.LCD_ShowChar1) refers to cortexm0_driver.o(i.LCD_Set_Window) for LCD_Set_Window
    cortexm0_driver.o(i.LCD_ShowChar1) refers to cortexm0_driver.o(i.LCD_WR_DATA) for LCD_WR_DATA
    cortexm0_driver.o(i.LCD_ShowChar1) refers to cortexm0_driver.o(i.LCD_DrawPoint) for LCD_DrawPoint
    cortexm0_driver.o(i.LCD_ShowChar1) refers to cortexm0_driver.o(.data) for POINT_COLOR
    cortexm0_driver.o(i.LCD_ShowChar1) refers to cortexm0_driver.o(.constdata) for asc2_1608
    cortexm0_driver.o(i.LCD_ShowChar1) refers to cortexm0_driver.o(.bss) for lcddev
    cortexm0_driver.o(i.LCD_ShowNum) refers to cortexm0_driver.o(i.LCD_Pow) for LCD_Pow
    cortexm0_driver.o(i.LCD_ShowNum) refers to uidiv.o(.text) for __aeabi_uidivmod
    cortexm0_driver.o(i.LCD_ShowNum) refers to cortexm0_driver.o(i.LCD_ShowChar) for LCD_ShowChar
    cortexm0_driver.o(i.LCD_ShowString) refers to cortexm0_driver.o(i.LCD_ShowChar) for LCD_ShowChar
    cortexm0_driver.o(i.LCD_ShowxNum) refers to cortexm0_driver.o(i.LCD_Pow) for LCD_Pow
    cortexm0_driver.o(i.LCD_ShowxNum) refers to uidiv.o(.text) for __aeabi_uidivmod
    cortexm0_driver.o(i.LCD_ShowxNum) refers to cortexm0_driver.o(i.LCD_ShowChar) for LCD_ShowChar
    cortexm0_driver.o(i.LCD_WR_DATA) refers to cortexm0_driver.o(i.MakeData) for MakeData
    cortexm0_driver.o(i.LCD_WR_REG) refers to cortexm0_driver.o(i.MakeData) for MakeData
    cortexm0_driver.o(i.LCD_WriteRAM) refers to cortexm0_driver.o(i.LCD_WR_DATA) for LCD_WR_DATA
    cortexm0_driver.o(i.LCD_WriteRAM_Prepare) refers to cortexm0_driver.o(i.LCD_WR_REG) for LCD_WR_REG
    cortexm0_driver.o(i.LCD_WriteRAM_Prepare) refers to cortexm0_driver.o(.bss) for lcddev
    cortexm0_driver.o(i.LCD_WriteReg) refers to cortexm0_driver.o(i.LCD_WR_REG) for LCD_WR_REG
    cortexm0_driver.o(i.LCD_WriteReg) refers to cortexm0_driver.o(i.LCD_WR_DATA) for LCD_WR_DATA
    cortexm0_driver.o(i.Show_Str) refers to cortexm0_driver.o(i.LCD_ShowChar1) for LCD_ShowChar1
    cortexm0_driver.o(i.Show_Str) refers to cortexm0_driver.o(.bss) for lcddev
    cortexm0_driver.o(i.delay) refers to cortexm0_driver.o(i.Set_SysTick_CTRL) for Set_SysTick_CTRL
    cortexm0_driver.o(i.delay) refers to cortexm0_driver.o(i.Set_SysTick_LOAD) for Set_SysTick_LOAD
    cortexm0_driver.o(i.delay) refers to cortexm0_driver.o(i.Set_SysTick_VALUE) for Set_SysTick_VALUE
    cortexm0_driver.o(i.delay_ms) refers to cortexm0_driver.o(i.delay) for delay
    cortexm0_driver.o(i.uart_SendString) refers to strlen.o(.text) for strlen
    cortexm0_driver.o(i.uart_SendString) refers to cortexm0_driver.o(i.uart_SendChar) for uart_SendChar
    handler.o(i.KEY0) refers to cortexm0_driver.o(i.LED_toggle) for LED_toggle
    handler.o(i.KEY0) refers to camera.o(i.photo) for photo
    handler.o(i.KEY0) refers to cortexm0_driver.o(i.LCD_Fast_DrawPoint) for LCD_Fast_DrawPoint
    handler.o(i.KEY1) refers to cortexm0_driver.o(i.LED_toggle) for LED_toggle
    handler.o(i.KEY2) refers to cortexm0_driver.o(i.LED_toggle) for LED_toggle
    handler.o(i.KEY3) refers to cortexm0_driver.o(i.LED_toggle) for LED_toggle
    handler.o(i.SysTickHandler) refers to cortexm0_driver.o(i.Set_SysTick_CTRL) for Set_SysTick_CTRL
    handler.o(i.Timer_Handler) refers to cortexm0_driver.o(i.LED_toggle) for LED_toggle
    handler.o(i.Timer_Handler) refers to printfb.o(i.__0printf$bare) for __2printf
    handler.o(i.UARTRXHandler) refers to cortexm0_driver.o(i.uart_ClearRxIRQ) for uart_ClearRxIRQ
    handler.o(i.UARTRXHandler) refers to cortexm0_driver.o(i.LED_toggle) for LED_toggle
    handler.o(i.UARTTXHandler) refers to cortexm0_driver.o(i.uart_ClearTxIRQ) for uart_ClearTxIRQ
    handler.o(i.UARTTXHandler) refers to cortexm0_driver.o(i.LED_toggle) for LED_toggle
    main.o(i.main) refers to main.o(i.NVIC_EnableIRQ) for NVIC_EnableIRQ
    main.o(i.main) refers to cortexm0_driver.o(i.LCD_Init) for LCD_Init
    main.o(i.main) refers to cortexm0_driver.o(i.LCD_ShowString) for LCD_ShowString
    main.o(i.main) refers to camera.o(i.CAMERA_Initial) for CAMERA_Initial
    retarget.o(i._ttywrch) refers to cortexm0_driver.o(i.uart_SendChar) for uart_SendChar
    retarget.o(i.fgetc) refers to cortexm0_driver.o(i.uart_ReceiveChar) for uart_ReceiveChar
    retarget.o(i.fgetc) refers to cortexm0_driver.o(i.uart_SendChar) for uart_SendChar
    retarget.o(i.fputc) refers to cortexm0_driver.o(i.uart_SendChar) for uart_SendChar
    startup_cm0ds.o(RESET) refers to startup_cm0ds.o(STACK) for __initial_sp
    startup_cm0ds.o(RESET) refers to startup_cm0ds.o(.text) for Reset_Handler
    startup_cm0ds.o(.text) refers to handler.o(i.NMIHandler) for NMIHandler
    startup_cm0ds.o(.text) refers to handler.o(i.HardFaultHandler) for HardFaultHandler
    startup_cm0ds.o(.text) refers to handler.o(i.MemManageHandler) for MemManageHandler
    startup_cm0ds.o(.text) refers to handler.o(i.BusFaultHandler) for BusFaultHandler
    startup_cm0ds.o(.text) refers to handler.o(i.UsageFaultHandler) for UsageFaultHandler
    startup_cm0ds.o(.text) refers to handler.o(i.SVCHandler) for SVCHandler
    startup_cm0ds.o(.text) refers to handler.o(i.DebugMonHandler) for DebugMonHandler
    startup_cm0ds.o(.text) refers to handler.o(i.PendSVHandler) for PendSVHandler
    startup_cm0ds.o(.text) refers to handler.o(i.SysTickHandler) for SysTickHandler
    startup_cm0ds.o(.text) refers to handler.o(i.UARTRXHandler) for UARTRXHandler
    startup_cm0ds.o(.text) refers to handler.o(i.UARTTXHandler) for UARTTXHandler
    startup_cm0ds.o(.text) refers to handler.o(i.UARTOVRHandler) for UARTOVRHandler
    startup_cm0ds.o(.text) refers to handler.o(i.KEY0) for KEY0
    startup_cm0ds.o(.text) refers to handler.o(i.KEY1) for KEY1
    startup_cm0ds.o(.text) refers to handler.o(i.KEY2) for KEY2
    startup_cm0ds.o(.text) refers to handler.o(i.KEY3) for KEY3
    startup_cm0ds.o(.text) refers to handler.o(i.Timer_Handler) for Timer_Handler
    startup_cm0ds.o(.text) refers to system.o(i.SystemInit) for SystemInit
    startup_cm0ds.o(.text) refers to entry.o(.ARM.Collect$$$$00000000) for __main
    system.o(i.SystemCoreClockUpdate) refers to system.o(.data) for SystemCoreClock
    camera.o(i.CAMERA_Command) refers to camera.o(i.CAMERA_Start) for CAMERA_Start
    camera.o(i.CAMERA_Command) refers to camera.o(i.CAMERA_Write_Byte) for CAMERA_Write_Byte
    camera.o(i.CAMERA_Command) refers to camera.o(i.CAMERA_Stop) for CAMERA_Stop
    camera.o(i.CAMERA_Initial) refers to camera.o(i.Set_CAMERA_SDA_W) for Set_CAMERA_SDA_W
    camera.o(i.CAMERA_Initial) refers to camera.o(i.Clr_CAMERA_PWDN) for Clr_CAMERA_PWDN
    camera.o(i.CAMERA_Initial) refers to cortexm0_driver.o(i.delay) for delay
    camera.o(i.CAMERA_Initial) refers to camera.o(i.Set_CAMERA_RST) for Set_CAMERA_RST
    camera.o(i.CAMERA_Initial) refers to camera.o(i.CAMERA_Read_Reg) for CAMERA_Read_Reg
    camera.o(i.CAMERA_Initial) refers to camera.o(i.CAMERA_Command) for CAMERA_Command
    camera.o(i.CAMERA_Initial) refers to camera.o(.constdata) for camera_initial_reg
    camera.o(i.CAMERA_NA) refers to cortexm0_driver.o(i.delay) for delay
    camera.o(i.CAMERA_NA) refers to camera.o(i.Set_CAMERA_SDA) for Set_CAMERA_SDA
    camera.o(i.CAMERA_NA) refers to camera.o(i.Set_CAMERA_SCL) for Set_CAMERA_SCL
    camera.o(i.CAMERA_NA) refers to camera.o(i.Clr_CAMERA_SCL) for Clr_CAMERA_SCL
    camera.o(i.CAMERA_NA) refers to camera.o(i.Clr_CAMERA_SDA) for Clr_CAMERA_SDA
    camera.o(i.CAMERA_Read_Byte) refers to camera.o(i.Set_CAMERA_SDA_R) for Set_CAMERA_SDA_R
    camera.o(i.CAMERA_Read_Byte) refers to cortexm0_driver.o(i.delay) for delay
    camera.o(i.CAMERA_Read_Byte) refers to camera.o(i.Set_CAMERA_SCL) for Set_CAMERA_SCL
    camera.o(i.CAMERA_Read_Byte) refers to camera.o(i.Read_CAMERA_SDA) for Read_CAMERA_SDA
    camera.o(i.CAMERA_Read_Byte) refers to camera.o(i.Clr_CAMERA_SCL) for Clr_CAMERA_SCL
    camera.o(i.CAMERA_Read_Byte) refers to camera.o(i.Set_CAMERA_SDA_W) for Set_CAMERA_SDA_W
    camera.o(i.CAMERA_Read_Reg) refers to camera.o(i.CAMERA_Start) for CAMERA_Start
    camera.o(i.CAMERA_Read_Reg) refers to camera.o(i.CAMERA_Write_Byte) for CAMERA_Write_Byte
    camera.o(i.CAMERA_Read_Reg) refers to camera.o(i.CAMERA_Stop) for CAMERA_Stop
    camera.o(i.CAMERA_Read_Reg) refers to cortexm0_driver.o(i.delay) for delay
    camera.o(i.CAMERA_Read_Reg) refers to camera.o(i.CAMERA_Read_Byte) for CAMERA_Read_Byte
    camera.o(i.CAMERA_Read_Reg) refers to camera.o(i.CAMERA_NA) for CAMERA_NA
    camera.o(i.CAMERA_Start) refers to camera.o(i.Set_CAMERA_SDA) for Set_CAMERA_SDA
    camera.o(i.CAMERA_Start) refers to camera.o(i.Set_CAMERA_SCL) for Set_CAMERA_SCL
    camera.o(i.CAMERA_Start) refers to cortexm0_driver.o(i.delay) for delay
    camera.o(i.CAMERA_Start) refers to camera.o(i.Clr_CAMERA_SDA) for Clr_CAMERA_SDA
    camera.o(i.CAMERA_Start) refers to camera.o(i.Clr_CAMERA_SCL) for Clr_CAMERA_SCL
    camera.o(i.CAMERA_Stop) refers to camera.o(i.Clr_CAMERA_SDA) for Clr_CAMERA_SDA
    camera.o(i.CAMERA_Stop) refers to cortexm0_driver.o(i.delay) for delay
    camera.o(i.CAMERA_Stop) refers to camera.o(i.Set_CAMERA_SCL) for Set_CAMERA_SCL
    camera.o(i.CAMERA_Stop) refers to camera.o(i.Set_CAMERA_SDA) for Set_CAMERA_SDA
    camera.o(i.CAMERA_Waite) refers to cortexm0_driver.o(i.delay) for delay
    camera.o(i.CAMERA_Waite) refers to camera.o(i.Set_CAMERA_SCL) for Set_CAMERA_SCL
    camera.o(i.CAMERA_Waite) refers to camera.o(i.Clr_CAMERA_SCL) for Clr_CAMERA_SCL
    camera.o(i.CAMERA_Write_Byte) refers to camera.o(i.Set_CAMERA_SDA) for Set_CAMERA_SDA
    camera.o(i.CAMERA_Write_Byte) refers to camera.o(i.Clr_CAMERA_SDA) for Clr_CAMERA_SDA
    camera.o(i.CAMERA_Write_Byte) refers to cortexm0_driver.o(i.delay) for delay
    camera.o(i.CAMERA_Write_Byte) refers to camera.o(i.Set_CAMERA_SCL) for Set_CAMERA_SCL
    camera.o(i.CAMERA_Write_Byte) refers to camera.o(i.Clr_CAMERA_SCL) for Clr_CAMERA_SCL
    camera.o(i.CAMERA_Write_Byte) refers to camera.o(i.Set_CAMERA_SDA_R) for Set_CAMERA_SDA_R
    camera.o(i.CAMERA_Write_Byte) refers to camera.o(i.Set_CAMERA_SDA_W) for Set_CAMERA_SDA_W
    camera.o(i.photo) refers to camera.o(i.Set_CAMERA_DATA_STATE) for Set_CAMERA_DATA_STATE
    camera.o(i.photo) refers to camera.o(i.Read_CAMERA_DATA_STATE) for Read_CAMERA_DATA_STATE
    entry.o(.ARM.Collect$$$$00000000) refers (Special) to entry10a.o(.ARM.Collect$$$$0000000D) for __rt_final_cpp
    entry.o(.ARM.Collect$$$$00000000) refers (Special) to entry11a.o(.ARM.Collect$$$$0000000F) for __rt_final_exit
    entry.o(.ARM.Collect$$$$00000000) refers (Special) to entry7b.o(.ARM.Collect$$$$00000008) for _main_clock
    entry.o(.ARM.Collect$$$$00000000) refers (Special) to entry8b.o(.ARM.Collect$$$$0000000A) for _main_cpp_init
    entry.o(.ARM.Collect$$$$00000000) refers (Special) to entry9a.o(.ARM.Collect$$$$0000000B) for _main_init
    entry.o(.ARM.Collect$$$$00000000) refers (Special) to entry5.o(.ARM.Collect$$$$00000004) for _main_scatterload
    entry.o(.ARM.Collect$$$$00000000) refers (Special) to entry2.o(.ARM.Collect$$$$00000001) for _main_stk
    printfb.o(i.__0fprintf$bare) refers to printfb.o(i._printf_core) for _printf_core
    printfb.o(i.__0fprintf$bare) refers to retarget.o(i.fputc) for fputc
    printfb.o(i.__0printf$bare) refers to printfb.o(i._printf_core) for _printf_core
    printfb.o(i.__0printf$bare) refers to retarget.o(i.fputc) for fputc
    printfb.o(i.__0printf$bare) refers to retarget.o(.data) for __stdout
    printfb.o(i.__0snprintf$bare) refers to printfb.o(i._printf_core) for _printf_core
    printfb.o(i.__0snprintf$bare) refers to printfb.o(i._snputc) for _snputc
    printfb.o(i.__0sprintf$bare) refers to printfb.o(i._printf_core) for _printf_core
    printfb.o(i.__0sprintf$bare) refers to printfb.o(i._sputc) for _sputc
    printfb.o(i.__0vfprintf$bare) refers to printfb.o(i._printf_core) for _printf_core
    printfb.o(i.__0vfprintf$bare) refers to retarget.o(i.fputc) for fputc
    printfb.o(i.__0vprintf$bare) refers to printfb.o(i._printf_core) for _printf_core
    printfb.o(i.__0vprintf$bare) refers to retarget.o(i.fputc) for fputc
    printfb.o(i.__0vprintf$bare) refers to retarget.o(.data) for __stdout
    printfb.o(i.__0vsnprintf$bare) refers to printfb.o(i._printf_core) for _printf_core
    printfb.o(i.__0vsnprintf$bare) refers to printfb.o(i._snputc) for _snputc
    printfb.o(i.__0vsprintf$bare) refers to printfb.o(i._printf_core) for _printf_core
    printfb.o(i.__0vsprintf$bare) refers to printfb.o(i._sputc) for _sputc
    printf0.o(i.__0fprintf$0) refers to printf0.o(i._printf_core) for _printf_core
    printf0.o(i.__0fprintf$0) refers to retarget.o(i.fputc) for fputc
    printf0.o(i.__0printf$0) refers to printf0.o(i._printf_core) for _printf_core
    printf0.o(i.__0printf$0) refers to retarget.o(i.fputc) for fputc
    printf0.o(i.__0printf$0) refers to retarget.o(.data) for __stdout
    printf0.o(i.__0snprintf$0) refers to printf0.o(i._printf_core) for _printf_core
    printf0.o(i.__0snprintf$0) refers to printf0.o(i._snputc) for _snputc
    printf0.o(i.__0sprintf$0) refers to printf0.o(i._printf_core) for _printf_core
    printf0.o(i.__0sprintf$0) refers to printf0.o(i._sputc) for _sputc
    printf0.o(i.__0vfprintf$0) refers to printf0.o(i._printf_core) for _printf_core
    printf0.o(i.__0vfprintf$0) refers to retarget.o(i.fputc) for fputc
    printf0.o(i.__0vprintf$0) refers to printf0.o(i._printf_core) for _printf_core
    printf0.o(i.__0vprintf$0) refers to retarget.o(i.fputc) for fputc
    printf0.o(i.__0vprintf$0) refers to retarget.o(.data) for __stdout
    printf0.o(i.__0vsnprintf$0) refers to printf0.o(i._printf_core) for _printf_core
    printf0.o(i.__0vsnprintf$0) refers to printf0.o(i._snputc) for _snputc
    printf0.o(i.__0vsprintf$0) refers to printf0.o(i._printf_core) for _printf_core
    printf0.o(i.__0vsprintf$0) refers to printf0.o(i._sputc) for _sputc
    printf1.o(i.__0fprintf$1) refers to printf1.o(i._printf_core) for _printf_core
    printf1.o(i.__0fprintf$1) refers to retarget.o(i.fputc) for fputc
    printf1.o(i.__0printf$1) refers to printf1.o(i._printf_core) for _printf_core
    printf1.o(i.__0printf$1) refers to retarget.o(i.fputc) for fputc
    printf1.o(i.__0printf$1) refers to retarget.o(.data) for __stdout
    printf1.o(i.__0snprintf$1) refers to printf1.o(i._printf_core) for _printf_core
    printf1.o(i.__0snprintf$1) refers to printf1.o(i._snputc) for _snputc
    printf1.o(i.__0sprintf$1) refers to printf1.o(i._printf_core) for _printf_core
    printf1.o(i.__0sprintf$1) refers to printf1.o(i._sputc) for _sputc
    printf1.o(i.__0vfprintf$1) refers to printf1.o(i._printf_core) for _printf_core
    printf1.o(i.__0vfprintf$1) refers to retarget.o(i.fputc) for fputc
    printf1.o(i.__0vprintf$1) refers to printf1.o(i._printf_core) for _printf_core
    printf1.o(i.__0vprintf$1) refers to retarget.o(i.fputc) for fputc
    printf1.o(i.__0vprintf$1) refers to retarget.o(.data) for __stdout
    printf1.o(i.__0vsnprintf$1) refers to printf1.o(i._printf_core) for _printf_core
    printf1.o(i.__0vsnprintf$1) refers to printf1.o(i._snputc) for _snputc
    printf1.o(i.__0vsprintf$1) refers to printf1.o(i._printf_core) for _printf_core
    printf1.o(i.__0vsprintf$1) refers to printf1.o(i._sputc) for _sputc
    printf1.o(i._printf_core) refers to uidiv.o(.text) for __aeabi_uidivmod
    printf2.o(i.__0fprintf$2) refers to printf2.o(i._printf_core) for _printf_core
    printf2.o(i.__0fprintf$2) refers to retarget.o(i.fputc) for fputc
    printf2.o(i.__0printf$2) refers to printf2.o(i._printf_core) for _printf_core
    printf2.o(i.__0printf$2) refers to retarget.o(i.fputc) for fputc
    printf2.o(i.__0printf$2) refers to retarget.o(.data) for __stdout
    printf2.o(i.__0snprintf$2) refers to printf2.o(i._printf_core) for _printf_core
    printf2.o(i.__0snprintf$2) refers to printf2.o(i._snputc) for _snputc
    printf2.o(i.__0sprintf$2) refers to printf2.o(i._printf_core) for _printf_core
    printf2.o(i.__0sprintf$2) refers to printf2.o(i._sputc) for _sputc
    printf2.o(i.__0vfprintf$2) refers to printf2.o(i._printf_core) for _printf_core
    printf2.o(i.__0vfprintf$2) refers to retarget.o(i.fputc) for fputc
    printf2.o(i.__0vprintf$2) refers to printf2.o(i._printf_core) for _printf_core
    printf2.o(i.__0vprintf$2) refers to retarget.o(i.fputc) for fputc
    printf2.o(i.__0vprintf$2) refers to retarget.o(.data) for __stdout
    printf2.o(i.__0vsnprintf$2) refers to printf2.o(i._printf_core) for _printf_core
    printf2.o(i.__0vsnprintf$2) refers to printf2.o(i._snputc) for _snputc
    printf2.o(i.__0vsprintf$2) refers to printf2.o(i._printf_core) for _printf_core
    printf2.o(i.__0vsprintf$2) refers to printf2.o(i._sputc) for _sputc
    printf3.o(i.__0fprintf$3) refers to printf3.o(i._printf_core) for _printf_core
    printf3.o(i.__0fprintf$3) refers to retarget.o(i.fputc) for fputc
    printf3.o(i.__0printf$3) refers to printf3.o(i._printf_core) for _printf_core
    printf3.o(i.__0printf$3) refers to retarget.o(i.fputc) for fputc
    printf3.o(i.__0printf$3) refers to retarget.o(.data) for __stdout
    printf3.o(i.__0snprintf$3) refers to printf3.o(i._printf_core) for _printf_core
    printf3.o(i.__0snprintf$3) refers to printf3.o(i._snputc) for _snputc
    printf3.o(i.__0sprintf$3) refers to printf3.o(i._printf_core) for _printf_core
    printf3.o(i.__0sprintf$3) refers to printf3.o(i._sputc) for _sputc
    printf3.o(i.__0vfprintf$3) refers to printf3.o(i._printf_core) for _printf_core
    printf3.o(i.__0vfprintf$3) refers to retarget.o(i.fputc) for fputc
    printf3.o(i.__0vprintf$3) refers to printf3.o(i._printf_core) for _printf_core
    printf3.o(i.__0vprintf$3) refers to retarget.o(i.fputc) for fputc
    printf3.o(i.__0vprintf$3) refers to retarget.o(.data) for __stdout
    printf3.o(i.__0vsnprintf$3) refers to printf3.o(i._printf_core) for _printf_core
    printf3.o(i.__0vsnprintf$3) refers to printf3.o(i._snputc) for _snputc
    printf3.o(i.__0vsprintf$3) refers to printf3.o(i._printf_core) for _printf_core
    printf3.o(i.__0vsprintf$3) refers to printf3.o(i._sputc) for _sputc
    printf3.o(i._printf_core) refers to uidiv.o(.text) for __aeabi_uidivmod
    printf4.o(i.__0fprintf$4) refers to printf4.o(i._printf_core) for _printf_core
    printf4.o(i.__0fprintf$4) refers to retarget.o(i.fputc) for fputc
    printf4.o(i.__0printf$4) refers to printf4.o(i._printf_core) for _printf_core
    printf4.o(i.__0printf$4) refers to retarget.o(i.fputc) for fputc
    printf4.o(i.__0printf$4) refers to retarget.o(.data) for __stdout
    printf4.o(i.__0snprintf$4) refers to printf4.o(i._printf_core) for _printf_core
    printf4.o(i.__0snprintf$4) refers to printf4.o(i._snputc) for _snputc
    printf4.o(i.__0sprintf$4) refers to printf4.o(i._printf_core) for _printf_core
    printf4.o(i.__0sprintf$4) refers to printf4.o(i._sputc) for _sputc
    printf4.o(i.__0vfprintf$4) refers to printf4.o(i._printf_core) for _printf_core
    printf4.o(i.__0vfprintf$4) refers to retarget.o(i.fputc) for fputc
    printf4.o(i.__0vprintf$4) refers to printf4.o(i._printf_core) for _printf_core
    printf4.o(i.__0vprintf$4) refers to retarget.o(i.fputc) for fputc
    printf4.o(i.__0vprintf$4) refers to retarget.o(.data) for __stdout
    printf4.o(i.__0vsnprintf$4) refers to printf4.o(i._printf_core) for _printf_core
    printf4.o(i.__0vsnprintf$4) refers to printf4.o(i._snputc) for _snputc
    printf4.o(i.__0vsprintf$4) refers to printf4.o(i._printf_core) for _printf_core
    printf4.o(i.__0vsprintf$4) refers to printf4.o(i._sputc) for _sputc
    printf4.o(i._printf_core) refers to uldiv.o(.text) for __aeabi_uldivmod
    printf5.o(i.__0fprintf$5) refers to printf5.o(i._printf_core) for _printf_core
    printf5.o(i.__0fprintf$5) refers to retarget.o(i.fputc) for fputc
    printf5.o(i.__0printf$5) refers to printf5.o(i._printf_core) for _printf_core
    printf5.o(i.__0printf$5) refers to retarget.o(i.fputc) for fputc
    printf5.o(i.__0printf$5) refers to retarget.o(.data) for __stdout
    printf5.o(i.__0snprintf$5) refers to printf5.o(i._printf_core) for _printf_core
    printf5.o(i.__0snprintf$5) refers to printf5.o(i._snputc) for _snputc
    printf5.o(i.__0sprintf$5) refers to printf5.o(i._printf_core) for _printf_core
    printf5.o(i.__0sprintf$5) refers to printf5.o(i._sputc) for _sputc
    printf5.o(i.__0vfprintf$5) refers to printf5.o(i._printf_core) for _printf_core
    printf5.o(i.__0vfprintf$5) refers to retarget.o(i.fputc) for fputc
    printf5.o(i.__0vprintf$5) refers to printf5.o(i._printf_core) for _printf_core
    printf5.o(i.__0vprintf$5) refers to retarget.o(i.fputc) for fputc
    printf5.o(i.__0vprintf$5) refers to retarget.o(.data) for __stdout
    printf5.o(i.__0vsnprintf$5) refers to printf5.o(i._printf_core) for _printf_core
    printf5.o(i.__0vsnprintf$5) refers to printf5.o(i._snputc) for _snputc
    printf5.o(i.__0vsprintf$5) refers to printf5.o(i._printf_core) for _printf_core
    printf5.o(i.__0vsprintf$5) refers to printf5.o(i._sputc) for _sputc
    printf5.o(i._printf_core) refers to uldiv.o(.text) for __aeabi_uldivmod
    printf6.o(i.__0fprintf$6) refers to printf6.o(i._printf_core) for _printf_core
    printf6.o(i.__0fprintf$6) refers to retarget.o(i.fputc) for fputc
    printf6.o(i.__0printf$6) refers to printf6.o(i._printf_core) for _printf_core
    printf6.o(i.__0printf$6) refers to retarget.o(i.fputc) for fputc
    printf6.o(i.__0printf$6) refers to retarget.o(.data) for __stdout
    printf6.o(i.__0snprintf$6) refers to printf6.o(i._printf_core) for _printf_core
    printf6.o(i.__0snprintf$6) refers to printf6.o(i._snputc) for _snputc
    printf6.o(i.__0sprintf$6) refers to printf6.o(i._printf_core) for _printf_core
    printf6.o(i.__0sprintf$6) refers to printf6.o(i._sputc) for _sputc
    printf6.o(i.__0vfprintf$6) refers to printf6.o(i._printf_core) for _printf_core
    printf6.o(i.__0vfprintf$6) refers to retarget.o(i.fputc) for fputc
    printf6.o(i.__0vprintf$6) refers to printf6.o(i._printf_core) for _printf_core
    printf6.o(i.__0vprintf$6) refers to retarget.o(i.fputc) for fputc
    printf6.o(i.__0vprintf$6) refers to retarget.o(.data) for __stdout
    printf6.o(i.__0vsnprintf$6) refers to printf6.o(i._printf_core) for _printf_core
    printf6.o(i.__0vsnprintf$6) refers to printf6.o(i._snputc) for _snputc
    printf6.o(i.__0vsprintf$6) refers to printf6.o(i._printf_core) for _printf_core
    printf6.o(i.__0vsprintf$6) refers to printf6.o(i._sputc) for _sputc
    printf6.o(i._printf_core) refers to printf6.o(i._printf_pre_padding) for _printf_pre_padding
    printf6.o(i._printf_core) refers to printf6.o(i._printf_post_padding) for _printf_post_padding
    printf6.o(i._printf_core) refers to uidiv.o(.text) for __aeabi_uidivmod
    printf7.o(i.__0fprintf$7) refers to printf7.o(i._printf_core) for _printf_core
    printf7.o(i.__0fprintf$7) refers to retarget.o(i.fputc) for fputc
    printf7.o(i.__0printf$7) refers to printf7.o(i._printf_core) for _printf_core
    printf7.o(i.__0printf$7) refers to retarget.o(i.fputc) for fputc
    printf7.o(i.__0printf$7) refers to retarget.o(.data) for __stdout
    printf7.o(i.__0snprintf$7) refers to printf7.o(i._printf_core) for _printf_core
    printf7.o(i.__0snprintf$7) refers to printf7.o(i._snputc) for _snputc
    printf7.o(i.__0sprintf$7) refers to printf7.o(i._printf_core) for _printf_core
    printf7.o(i.__0sprintf$7) refers to printf7.o(i._sputc) for _sputc
    printf7.o(i.__0vfprintf$7) refers to printf7.o(i._printf_core) for _printf_core
    printf7.o(i.__0vfprintf$7) refers to retarget.o(i.fputc) for fputc
    printf7.o(i.__0vprintf$7) refers to printf7.o(i._printf_core) for _printf_core
    printf7.o(i.__0vprintf$7) refers to retarget.o(i.fputc) for fputc
    printf7.o(i.__0vprintf$7) refers to retarget.o(.data) for __stdout
    printf7.o(i.__0vsnprintf$7) refers to printf7.o(i._printf_core) for _printf_core
    printf7.o(i.__0vsnprintf$7) refers to printf7.o(i._snputc) for _snputc
    printf7.o(i.__0vsprintf$7) refers to printf7.o(i._printf_core) for _printf_core
    printf7.o(i.__0vsprintf$7) refers to printf7.o(i._sputc) for _sputc
    printf7.o(i._printf_core) refers to printf7.o(i._printf_pre_padding) for _printf_pre_padding
    printf7.o(i._printf_core) refers to printf7.o(i._printf_post_padding) for _printf_post_padding
    printf7.o(i._printf_core) refers to uldiv.o(.text) for __aeabi_uldivmod
    printf8.o(i.__0fprintf$8) refers to printf8.o(i._printf_core) for _printf_core
    printf8.o(i.__0fprintf$8) refers to retarget.o(i.fputc) for fputc
    printf8.o(i.__0printf$8) refers to printf8.o(i._printf_core) for _printf_core
    printf8.o(i.__0printf$8) refers to retarget.o(i.fputc) for fputc
    printf8.o(i.__0printf$8) refers to retarget.o(.data) for __stdout
    printf8.o(i.__0snprintf$8) refers to printf8.o(i._printf_core) for _printf_core
    printf8.o(i.__0snprintf$8) refers to printf8.o(i._snputc) for _snputc
    printf8.o(i.__0sprintf$8) refers to printf8.o(i._printf_core) for _printf_core
    printf8.o(i.__0sprintf$8) refers to printf8.o(i._sputc) for _sputc
    printf8.o(i.__0vfprintf$8) refers to printf8.o(i._printf_core) for _printf_core
    printf8.o(i.__0vfprintf$8) refers to retarget.o(i.fputc) for fputc
    printf8.o(i.__0vprintf$8) refers to printf8.o(i._printf_core) for _printf_core
    printf8.o(i.__0vprintf$8) refers to retarget.o(i.fputc) for fputc
    printf8.o(i.__0vprintf$8) refers to retarget.o(.data) for __stdout
    printf8.o(i.__0vsnprintf$8) refers to printf8.o(i._printf_core) for _printf_core
    printf8.o(i.__0vsnprintf$8) refers to printf8.o(i._snputc) for _snputc
    printf8.o(i.__0vsprintf$8) refers to printf8.o(i._printf_core) for _printf_core
    printf8.o(i.__0vsprintf$8) refers to printf8.o(i._sputc) for _sputc
    printf8.o(i._printf_core) refers to printf8.o(i._printf_pre_padding) for _printf_pre_padding
    printf8.o(i._printf_core) refers to printf8.o(i._printf_post_padding) for _printf_post_padding
    printf8.o(i._printf_core) refers to uldiv.o(.text) for __aeabi_uldivmod
    printfa.o(i.__0fprintf) refers (Special) to iusefp.o(.text) for __I$use$fp
    printfa.o(i.__0fprintf) refers to printfa.o(i._printf_core) for _printf_core
    printfa.o(i.__0fprintf) refers to retarget.o(i.fputc) for fputc
    printfa.o(i.__0printf) refers (Special) to iusefp.o(.text) for __I$use$fp
    printfa.o(i.__0printf) refers to printfa.o(i._printf_core) for _printf_core
    printfa.o(i.__0printf) refers to retarget.o(i.fputc) for fputc
    printfa.o(i.__0printf) refers to retarget.o(.data) for __stdout
    printfa.o(i.__0snprintf) refers (Special) to iusefp.o(.text) for __I$use$fp
    printfa.o(i.__0snprintf) refers to printfa.o(i._printf_core) for _printf_core
    printfa.o(i.__0snprintf) refers to printfa.o(i._snputc) for _snputc
    printfa.o(i.__0sprintf) refers (Special) to iusefp.o(.text) for __I$use$fp
    printfa.o(i.__0sprintf) refers to printfa.o(i._printf_core) for _printf_core
    printfa.o(i.__0sprintf) refers to printfa.o(i._sputc) for _sputc
    printfa.o(i.__0vfprintf) refers (Special) to iusefp.o(.text) for __I$use$fp
    printfa.o(i.__0vfprintf) refers to printfa.o(i._printf_core) for _printf_core
    printfa.o(i.__0vfprintf) refers to retarget.o(i.fputc) for fputc
    printfa.o(i.__0vprintf) refers (Special) to iusefp.o(.text) for __I$use$fp
    printfa.o(i.__0vprintf) refers to printfa.o(i._printf_core) for _printf_core
    printfa.o(i.__0vprintf) refers to retarget.o(i.fputc) for fputc
    printfa.o(i.__0vprintf) refers to retarget.o(.data) for __stdout
    printfa.o(i.__0vsnprintf) refers (Special) to iusefp.o(.text) for __I$use$fp
    printfa.o(i.__0vsnprintf) refers to printfa.o(i._printf_core) for _printf_core
    printfa.o(i.__0vsnprintf) refers to printfa.o(i._snputc) for _snputc
    printfa.o(i.__0vsprintf) refers (Special) to iusefp.o(.text) for __I$use$fp
    printfa.o(i.__0vsprintf) refers to printfa.o(i._printf_core) for _printf_core
    printfa.o(i.__0vsprintf) refers to printfa.o(i._sputc) for _sputc
    printfa.o(i._fp_digits) refers (Special) to iusefp.o(.text) for __I$use$fp
    printfa.o(i._fp_digits) refers to dmul.o(.text) for __aeabi_dmul
    printfa.o(i._fp_digits) refers to ddiv.o(.text) for __aeabi_ddiv
    printfa.o(i._fp_digits) refers to cdrcmple.o(.text) for __aeabi_cdrcmple
    printfa.o(i._fp_digits) refers to dadd.o(.text) for __aeabi_dadd
    printfa.o(i._fp_digits) refers to dfixul.o(.text) for __aeabi_d2ulz
    printfa.o(i._fp_digits) refers to uldiv.o(.text) for __aeabi_uldivmod
    printfa.o(i._printf_core) refers (Special) to iusefp.o(.text) for __I$use$fp
    printfa.o(i._printf_core) refers to printfa.o(i._printf_pre_padding) for _printf_pre_padding
    printfa.o(i._printf_core) refers to uldiv.o(.text) for __aeabi_uldivmod
    printfa.o(i._printf_core) refers to printfa.o(i._printf_post_padding) for _printf_post_padding
    printfa.o(i._printf_core) refers to printfa.o(i._fp_digits) for _fp_digits
    printfa.o(i._printf_core) refers to uidiv.o(.text) for __aeabi_uidivmod
    printfa.o(i._printf_post_padding) refers (Special) to iusefp.o(.text) for __I$use$fp
    printfa.o(i._printf_pre_padding) refers (Special) to iusefp.o(.text) for __I$use$fp
    printfa.o(i._snputc) refers (Special) to iusefp.o(.text) for __I$use$fp
    printfa.o(i._sputc) refers (Special) to iusefp.o(.text) for __I$use$fp
    entry2.o(.ARM.Collect$$$$00000001) refers to entry2.o(.ARM.Collect$$$$00002712) for __lit__00000000
    entry2.o(.ARM.Collect$$$$00002712) refers to startup_cm0ds.o(STACK) for __initial_sp
    entry2.o(__vectab_stack_and_reset_area) refers to startup_cm0ds.o(STACK) for __initial_sp
    entry2.o(__vectab_stack_and_reset_area) refers to entry.o(.ARM.Collect$$$$00000000) for __main
    entry5.o(.ARM.Collect$$$$00000004) refers to init.o(.text) for __scatterload
    entry9a.o(.ARM.Collect$$$$0000000B) refers to main.o(i.main) for main
    entry9b.o(.ARM.Collect$$$$0000000C) refers to main.o(i.main) for main
    uldiv.o(.text) refers to llushr.o(.text) for __aeabi_llsr
    uldiv.o(.text) refers to llshl.o(.text) for __aeabi_llsl
    dadd.o(.text) refers to llshl.o(.text) for __aeabi_llsl
    dadd.o(.text) refers to llsshr.o(.text) for __aeabi_lasr
    dadd.o(.text) refers to depilogue.o(.text) for _double_epilogue
    dmul.o(.text) refers to depilogue.o(.text) for _double_epilogue
    ddiv.o(.text) refers to depilogue.o(.text) for _double_round
    dfixul.o(.text) refers to llushr.o(.text) for __aeabi_llsr
    dfixul.o(.text) refers to llshl.o(.text) for __aeabi_llsl
    init.o(.text) refers to entry5.o(.ARM.Collect$$$$00000004) for __main_after_scatterload
    depilogue.o(.text) refers to depilogue.o(i.__ARM_clz) for __ARM_clz
    depilogue.o(.text) refers to llshl.o(.text) for __aeabi_llsl
    depilogue.o(.text) refers to llushr.o(.text) for __aeabi_llsr


==============================================================================

Removing Unused input sections from the image.

    Removing cortexm0_driver.o(.rev16_text), (4 bytes).
    Removing cortexm0_driver.o(.revsh_text), (4 bytes).
    Removing cortexm0_driver.o(i.Gui_Drawbmp16), (100 bytes).
    Removing cortexm0_driver.o(i.LCD_Color_Fill), (90 bytes).
    Removing cortexm0_driver.o(i.LCD_DisplayOff), (10 bytes).
    Removing cortexm0_driver.o(i.LCD_DisplayOn), (10 bytes).
    Removing cortexm0_driver.o(i.LCD_DrawLine), (178 bytes).
    Removing cortexm0_driver.o(i.LCD_DrawPoint), (32 bytes).
    Removing cortexm0_driver.o(i.LCD_Fill), (80 bytes).
    Removing cortexm0_driver.o(i.LCD_Pow), (26 bytes).
    Removing cortexm0_driver.o(i.LCD_RD_DATA), (36 bytes).
    Removing cortexm0_driver.o(i.LCD_ReadReg), (24 bytes).
    Removing cortexm0_driver.o(i.LCD_Set_Window), (84 bytes).
    Removing cortexm0_driver.o(i.LCD_ShowChar1), (288 bytes).
    Removing cortexm0_driver.o(i.LCD_ShowNum), (146 bytes).
    Removing cortexm0_driver.o(i.LCD_ShowxNum), (200 bytes).
    Removing cortexm0_driver.o(i.LCD_WriteRAM), (12 bytes).
    Removing cortexm0_driver.o(i.LED_down), (24 bytes).
    Removing cortexm0_driver.o(i.LED_on), (24 bytes).
    Removing cortexm0_driver.o(i.READ_KEY), (12 bytes).
    Removing cortexm0_driver.o(i.ReadData), (10 bytes).
    Removing cortexm0_driver.o(i.Read_SysTick_VALUE), (12 bytes).
    Removing cortexm0_driver.o(i.Show_Str), (200 bytes).
    Removing cortexm0_driver.o(i.TIMER_Init), (24 bytes).
    Removing cortexm0_driver.o(i.Timer_Ini), (44 bytes).
    Removing cortexm0_driver.o(i.Timer_Stop), (36 bytes).
    Removing cortexm0_driver.o(i.delay_ms), (28 bytes).
    Removing cortexm0_driver.o(i.led_ctrl), (56 bytes).
    Removing cortexm0_driver.o(i.opt_delay), (14 bytes).
    Removing cortexm0_driver.o(i.uart_ClearOverrunStatus), (16 bytes).
    Removing cortexm0_driver.o(i.uart_GetBaudDivider), (6 bytes).
    Removing cortexm0_driver.o(i.uart_GetOverrunStatus), (12 bytes).
    Removing cortexm0_driver.o(i.uart_GetRxBufferFull), (12 bytes).
    Removing cortexm0_driver.o(i.uart_GetRxIRQStatus), (12 bytes).
    Removing cortexm0_driver.o(i.uart_GetTxBufferFull), (10 bytes).
    Removing cortexm0_driver.o(i.uart_GetTxIRQStatus), (10 bytes).
    Removing cortexm0_driver.o(i.uart_ReceiveChar), (20 bytes).
    Removing cortexm0_driver.o(i.uart_SendString), (34 bytes).
    Removing cortexm0_driver.o(i.uart_init), (88 bytes).
    Removing handler.o(.rev16_text), (4 bytes).
    Removing handler.o(.revsh_text), (4 bytes).
    Removing main.o(.rev16_text), (4 bytes).
    Removing main.o(.revsh_text), (4 bytes).
    Removing main.o(i.my_delay), (26 bytes).
    Removing retarget.o(.rev16_text), (4 bytes).
    Removing retarget.o(.revsh_text), (4 bytes).
    Removing retarget.o(i._sys_exit), (4 bytes).
    Removing retarget.o(i._ttywrch), (16 bytes).
    Removing retarget.o(i.ferror), (8 bytes).
    Removing retarget.o(i.fgetc), (34 bytes).
    Removing startup_cm0ds.o(HEAP), (1024 bytes).
    Removing system.o(.rev16_text), (4 bytes).
    Removing system.o(.revsh_text), (4 bytes).
    Removing system.o(i.SystemCoreClockUpdate), (16 bytes).
    Removing system.o(.data), (4 bytes).
    Removing camera.o(.rev16_text), (4 bytes).
    Removing camera.o(.revsh_text), (4 bytes).
    Removing camera.o(i.CAMERA_Waite), (24 bytes).
    Removing camera.o(i.Clr_CAMERA_RST), (12 bytes).
    Removing camera.o(i.Set_CAMERA_PWDN), (12 bytes).
    Removing dadd.o(.text), (356 bytes).
    Removing dmul.o(.text), (208 bytes).
    Removing ddiv.o(.text), (240 bytes).
    Removing dfixul.o(.text), (64 bytes).
    Removing cdrcmple.o(.text), (40 bytes).
    Removing depilogue.o(.text), (190 bytes).
    Removing depilogue.o(i.__ARM_clz), (46 bytes).

67 unused section(s) (total 4392 bytes) removed from the image.

==============================================================================

Image Symbol Table

    Local Symbols

    Symbol Name                              Value     Ov Type        Size  Object(Section)

    RESET                                    0x00000000   Section       96  startup_cm0ds.o(RESET)
    ../clib/microlib/division.c              0x00000000   Number         0  uidiv.o ABSOLUTE
    ../clib/microlib/division.c              0x00000000   Number         0  uldiv.o ABSOLUTE
    ../clib/microlib/init/entry.s            0x00000000   Number         0  entry10a.o ABSOLUTE
    ../clib/microlib/init/entry.s            0x00000000   Number         0  entry2.o ABSOLUTE
    ../clib/microlib/init/entry.s            0x00000000   Number         0  entry.o ABSOLUTE
    ../clib/microlib/init/entry.s            0x00000000   Number         0  entry11b.o ABSOLUTE
    ../clib/microlib/init/entry.s            0x00000000   Number         0  entry5.o ABSOLUTE
    ../clib/microlib/init/entry.s            0x00000000   Number         0  entry7a.o ABSOLUTE
    ../clib/microlib/init/entry.s            0x00000000   Number         0  entry7b.o ABSOLUTE
    ../clib/microlib/init/entry.s            0x00000000   Number         0  entry8a.o ABSOLUTE
    ../clib/microlib/init/entry.s            0x00000000   Number         0  entry8b.o ABSOLUTE
    ../clib/microlib/init/entry.s            0x00000000   Number         0  entry11a.o ABSOLUTE
    ../clib/microlib/init/entry.s            0x00000000   Number         0  entry10b.o ABSOLUTE
    ../clib/microlib/init/entry.s            0x00000000   Number         0  entry9a.o ABSOLUTE
    ../clib/microlib/init/entry.s            0x00000000   Number         0  entry9b.o ABSOLUTE
    ../clib/microlib/longlong.c              0x00000000   Number         0  llushr.o ABSOLUTE
    ../clib/microlib/longlong.c              0x00000000   Number         0  llshl.o ABSOLUTE
    ../clib/microlib/longlong.c              0x00000000   Number         0  llsshr.o ABSOLUTE
    ../clib/microlib/printf/printf.c         0x00000000   Number         0  printf0.o ABSOLUTE
    ../clib/microlib/printf/printf.c         0x00000000   Number         0  printf1.o ABSOLUTE
    ../clib/microlib/printf/printf.c         0x00000000   Number         0  printf2.o ABSOLUTE
    ../clib/microlib/printf/printf.c         0x00000000   Number         0  printf3.o ABSOLUTE
    ../clib/microlib/printf/printf.c         0x00000000   Number         0  printf4.o ABSOLUTE
    ../clib/microlib/printf/printf.c         0x00000000   Number         0  printfa.o ABSOLUTE
    ../clib/microlib/printf/printf.c         0x00000000   Number         0  printf5.o ABSOLUTE
    ../clib/microlib/printf/printf.c         0x00000000   Number         0  printf6.o ABSOLUTE
    ../clib/microlib/printf/printf.c         0x00000000   Number         0  printf7.o ABSOLUTE
    ../clib/microlib/printf/printf.c         0x00000000   Number         0  printf8.o ABSOLUTE
    ../clib/microlib/printf/printf.c         0x00000000   Number         0  printfb.o ABSOLUTE
    ../clib/microlib/string/strlen.c         0x00000000   Number         0  strlen.o ABSOLUTE
    ../clib/microlib/stubs.s                 0x00000000   Number         0  iusefp.o ABSOLUTE
    ../fplib/microlib/fpadd.c                0x00000000   Number         0  dadd.o ABSOLUTE
    ../fplib/microlib/fpdiv.c                0x00000000   Number         0  ddiv.o ABSOLUTE
    ../fplib/microlib/fpepilogue.c           0x00000000   Number         0  depilogue.o ABSOLUTE
    ../fplib/microlib/fpfix.c                0x00000000   Number         0  dfixul.o ABSOLUTE
    ../fplib/microlib/fpmul.c                0x00000000   Number         0  dmul.o ABSOLUTE
    ..\Software\CortexM0_driver.c            0x00000000   Number         0  cortexm0_driver.o ABSOLUTE
    ..\Software\Retarget.c                   0x00000000   Number         0  retarget.o ABSOLUTE
    ..\Software\camera.c                     0x00000000   Number         0  camera.o ABSOLUTE
    ..\Software\handler.c                    0x00000000   Number         0  handler.o ABSOLUTE
    ..\Software\main.c                       0x00000000   Number         0  main.o ABSOLUTE
    ..\Software\startup_CM0DS.s              0x00000000   Number         0  startup_cm0ds.o ABSOLUTE
    ..\Software\system.c                     0x00000000   Number         0  system.o ABSOLUTE
    ..\\Software\\CortexM0_driver.c          0x00000000   Number         0  cortexm0_driver.o ABSOLUTE
    ..\\Software\\Retarget.c                 0x00000000   Number         0  retarget.o ABSOLUTE
    ..\\Software\\camera.c                   0x00000000   Number         0  camera.o ABSOLUTE
    ..\\Software\\handler.c                  0x00000000   Number         0  handler.o ABSOLUTE
    ..\\Software\\main.c                     0x00000000   Number         0  main.o ABSOLUTE
    ..\\Software\\system.c                   0x00000000   Number         0  system.o ABSOLUTE
    cdrcmple.s                               0x00000000   Number         0  cdrcmple.o ABSOLUTE
    dc.s                                     0x00000000   Number         0  dc.o ABSOLUTE
    handlers.s                               0x00000000   Number         0  handlers.o ABSOLUTE
    init.s                                   0x00000000   Number         0  init.o ABSOLUTE
    .ARM.Collect$$$$00000000                 0x00000060   Section        0  entry.o(.ARM.Collect$$$$00000000)
    .ARM.Collect$$$$00000001                 0x00000060   Section        4  entry2.o(.ARM.Collect$$$$00000001)
    .ARM.Collect$$$$00000004                 0x00000064   Section        4  entry5.o(.ARM.Collect$$$$00000004)
    .ARM.Collect$$$$00000008                 0x00000068   Section        0  entry7b.o(.ARM.Collect$$$$00000008)
    .ARM.Collect$$$$0000000A                 0x00000068   Section        0  entry8b.o(.ARM.Collect$$$$0000000A)
    .ARM.Collect$$$$0000000B                 0x00000068   Section        8  entry9a.o(.ARM.Collect$$$$0000000B)
    .ARM.Collect$$$$0000000D                 0x00000070   Section        0  entry10a.o(.ARM.Collect$$$$0000000D)
    .ARM.Collect$$$$0000000F                 0x00000070   Section        0  entry11a.o(.ARM.Collect$$$$0000000F)
    .ARM.Collect$$$$00002712                 0x00000070   Section        4  entry2.o(.ARM.Collect$$$$00002712)
    __lit__00000000                          0x00000070   Data           4  entry2.o(.ARM.Collect$$$$00002712)
    .text                                    0x00000074   Section      156  startup_cm0ds.o(.text)
    .text                                    0x00000110   Section       36  init.o(.text)
    i.BusFaultHandler                        0x00000134   Section        0  handler.o(i.BusFaultHandler)
    i.CAMERA_Command                         0x00000136   Section        0  camera.o(i.CAMERA_Command)
    i.CAMERA_Initial                         0x00000160   Section        0  camera.o(i.CAMERA_Initial)
    i.CAMERA_NA                              0x00000480   Section        0  camera.o(i.CAMERA_NA)
    i.CAMERA_Read_Byte                       0x000004ac   Section        0  camera.o(i.CAMERA_Read_Byte)
    i.CAMERA_Read_Reg                        0x000004ec   Section        0  camera.o(i.CAMERA_Read_Reg)
    i.CAMERA_Start                           0x0000052c   Section        0  camera.o(i.CAMERA_Start)
    i.CAMERA_Stop                            0x0000054c   Section        0  camera.o(i.CAMERA_Stop)
    i.CAMERA_Write_Byte                      0x0000056e   Section        0  camera.o(i.CAMERA_Write_Byte)
    i.Clr_CAMERA_PWDN                        0x000005cc   Section        0  camera.o(i.Clr_CAMERA_PWDN)
    i.Clr_CAMERA_SCL                         0x000005d8   Section        0  camera.o(i.Clr_CAMERA_SCL)
    i.Clr_CAMERA_SDA                         0x000005e4   Section        0  camera.o(i.Clr_CAMERA_SDA)
    i.DebugMonHandler                        0x000005f0   Section        0  handler.o(i.DebugMonHandler)
    i.HardFaultHandler                       0x000005f2   Section        0  handler.o(i.HardFaultHandler)
    i.KEY0                                   0x000005f4   Section        0  handler.o(i.KEY0)
    i.KEY1                                   0x00000638   Section        0  handler.o(i.KEY1)
    i.KEY2                                   0x00000642   Section        0  handler.o(i.KEY2)
    i.KEY3                                   0x0000064c   Section        0  handler.o(i.KEY3)
    i.LCD_Clear                              0x00000658   Section        0  cortexm0_driver.o(i.LCD_Clear)
    i.LCD_Display_Dir                        0x000006c4   Section        0  cortexm0_driver.o(i.LCD_Display_Dir)
    i.LCD_Fast_DrawPoint                     0x0000073c   Section        0  cortexm0_driver.o(i.LCD_Fast_DrawPoint)
    i.LCD_Init                               0x00000798   Section        0  cortexm0_driver.o(i.LCD_Init)
    i.LCD_Scan_Dir                           0x00000a30   Section        0  cortexm0_driver.o(i.LCD_Scan_Dir)
    i.LCD_SetCursor                          0x00000d18   Section        0  cortexm0_driver.o(i.LCD_SetCursor)
    i.LCD_ShowChar                           0x00000d4c   Section        0  cortexm0_driver.o(i.LCD_ShowChar)
    i.LCD_ShowString                         0x00000e5c   Section        0  cortexm0_driver.o(i.LCD_ShowString)
    i.LCD_WR_DATA                            0x00000ebe   Section        0  cortexm0_driver.o(i.LCD_WR_DATA)
    i.LCD_WR_REG                             0x00000ee4   Section        0  cortexm0_driver.o(i.LCD_WR_REG)
    i.LCD_WriteRAM_Prepare                   0x00000f08   Section        0  cortexm0_driver.o(i.LCD_WriteRAM_Prepare)
    i.LCD_WriteReg                           0x00000f18   Section        0  cortexm0_driver.o(i.LCD_WriteReg)
    i.LED_toggle                             0x00000f2c   Section        0  cortexm0_driver.o(i.LED_toggle)
    i.MakeData                               0x00000f64   Section        0  cortexm0_driver.o(i.MakeData)
    i.MemManageHandler                       0x00000f6c   Section        0  handler.o(i.MemManageHandler)
    i.NMIHandler                             0x00000f6e   Section        0  handler.o(i.NMIHandler)
    i.NVIC_EnableIRQ                         0x00000f70   Section        0  main.o(i.NVIC_EnableIRQ)
    NVIC_EnableIRQ                           0x00000f71   Thumb Code    14  main.o(i.NVIC_EnableIRQ)
    i.PendSVHandler                          0x00000f84   Section        0  handler.o(i.PendSVHandler)
    i.Read_CAMERA_DATA_STATE                 0x00000f88   Section        0  camera.o(i.Read_CAMERA_DATA_STATE)
    i.Read_CAMERA_SDA                        0x00000f94   Section        0  camera.o(i.Read_CAMERA_SDA)
    i.SVCHandler                             0x00000fa0   Section        0  handler.o(i.SVCHandler)
    i.Set_CAMERA_DATA_STATE                  0x00000fa4   Section        0  camera.o(i.Set_CAMERA_DATA_STATE)
    i.Set_CAMERA_RST                         0x00000fb0   Section        0  camera.o(i.Set_CAMERA_RST)
    i.Set_CAMERA_SCL                         0x00000fbc   Section        0  camera.o(i.Set_CAMERA_SCL)
    i.Set_CAMERA_SDA                         0x00000fc8   Section        0  camera.o(i.Set_CAMERA_SDA)
    i.Set_CAMERA_SDA_R                       0x00000fd4   Section        0  camera.o(i.Set_CAMERA_SDA_R)
    i.Set_CAMERA_SDA_W                       0x00000fe0   Section        0  camera.o(i.Set_CAMERA_SDA_W)
    i.Set_SysTick_CTRL                       0x00000fec   Section        0  cortexm0_driver.o(i.Set_SysTick_CTRL)
    i.Set_SysTick_LOAD                       0x00000ff8   Section        0  cortexm0_driver.o(i.Set_SysTick_LOAD)
    i.Set_SysTick_VALUE                      0x00001004   Section        0  cortexm0_driver.o(i.Set_SysTick_VALUE)
    i.SysTickHandler                         0x00001010   Section        0  handler.o(i.SysTickHandler)
    i.SystemInit                             0x0000102c   Section        0  system.o(i.SystemInit)
    i.Timer_Handler                          0x00001030   Section        0  handler.o(i.Timer_Handler)
    i.UARTOVRHandler                         0x00001054   Section        0  handler.o(i.UARTOVRHandler)
    i.UARTRXHandler                          0x00001056   Section        0  handler.o(i.UARTRXHandler)
    i.UARTTXHandler                          0x00001068   Section        0  handler.o(i.UARTTXHandler)
    i.UsageFaultHandler                      0x0000107a   Section        0  handler.o(i.UsageFaultHandler)
    i.__0printf$bare                         0x0000107c   Section        0  printfb.o(i.__0printf$bare)
    i.__ARM_common_switch8                   0x00001090   Section        0  cortexm0_driver.o(i.__ARM_common_switch8)
    i.__scatterload_copy                     0x000010ac   Section       14  handlers.o(i.__scatterload_copy)
    i.__scatterload_null                     0x000010ba   Section        2  handlers.o(i.__scatterload_null)
    i.__scatterload_zeroinit                 0x000010bc   Section       14  handlers.o(i.__scatterload_zeroinit)
    i._printf_core                           0x000010ca   Section        0  printfb.o(i._printf_core)
    _printf_core                             0x000010cb   Thumb Code    30  printfb.o(i._printf_core)
    i.delay                                  0x000010e8   Section        0  cortexm0_driver.o(i.delay)
    i.fputc                                  0x00001108   Section        0  retarget.o(i.fputc)
    i.main                                   0x00001128   Section        0  main.o(i.main)
    i.photo                                  0x00001194   Section        0  camera.o(i.photo)
    i.uart_ClearRxIRQ                        0x000011a8   Section        0  cortexm0_driver.o(i.uart_ClearRxIRQ)
    i.uart_ClearTxIRQ                        0x000011ae   Section        0  cortexm0_driver.o(i.uart_ClearTxIRQ)
    i.uart_SendChar                          0x000011b4   Section        0  cortexm0_driver.o(i.uart_SendChar)
    .constdata                               0x000011ca   Section     1520  cortexm0_driver.o(.constdata)
    .constdata                               0x000017ba   Section     4769  camera.o(.constdata)
    .data                                    0x20000000   Section        4  cortexm0_driver.o(.data)
    .data                                    0x20000004   Section        8  retarget.o(.data)
    .bss                                     0x2000000c   Section       14  cortexm0_driver.o(.bss)
    STACK                                    0x20000020   Section     1024  startup_cm0ds.o(STACK)

    Global Symbols

    Symbol Name                              Value     Ov Type        Size  Object(Section)

    BuildAttributes$$THM_ISAv3M$S$PE$A:L22$X:L11$S22$IEEE1$IW$USESV6$~STKCKD$USESV7$~SHL$OSPACE$ROPI$EBA8$MICROLIB$REQ8$PRES8$EABIv2 0x00000000   Number         0  anon$$obj.o ABSOLUTE
    __ARM_use_no_argv                        0x00000000   Number         0  main.o ABSOLUTE
    __Vectors                                0x00000000   Data           4  startup_cm0ds.o(RESET)
    __cpp_initialize__aeabi_                  - Undefined Weak Reference
    __cxa_finalize                            - Undefined Weak Reference
    __decompress                              - Undefined Weak Reference
    _clock_init                               - Undefined Weak Reference
    _microlib_exit                            - Undefined Weak Reference
    __Vectors_End                            0x00000060   Data           0  startup_cm0ds.o(RESET)
    __Vectors_Size                           0x00000060   Number         0  startup_cm0ds.o ABSOLUTE
    __main                                   0x00000061   Thumb Code     0  entry.o(.ARM.Collect$$$$00000000)
    _main_stk                                0x00000061   Thumb Code     0  entry2.o(.ARM.Collect$$$$00000001)
    _main_scatterload                        0x00000065   Thumb Code     0  entry5.o(.ARM.Collect$$$$00000004)
    __main_after_scatterload                 0x00000069   Thumb Code     0  entry5.o(.ARM.Collect$$$$00000004)
    _main_clock                              0x00000069   Thumb Code     0  entry7b.o(.ARM.Collect$$$$00000008)
    _main_cpp_init                           0x00000069   Thumb Code     0  entry8b.o(.ARM.Collect$$$$0000000A)
    _main_init                               0x00000069   Thumb Code     0  entry9a.o(.ARM.Collect$$$$0000000B)
    __rt_final_cpp                           0x00000071   Thumb Code     0  entry10a.o(.ARM.Collect$$$$0000000D)
    __rt_final_exit                          0x00000071   Thumb Code     0  entry11a.o(.ARM.Collect$$$$0000000F)
    Reset_Handler                            0x00000075   Thumb Code    12  startup_cm0ds.o(.text)
    NMI_Handler                              0x00000081   Thumb Code     8  startup_cm0ds.o(.text)
    HardFault_Handler                        0x00000089   Thumb Code     8  startup_cm0ds.o(.text)
    MemManage_Handler                        0x00000091   Thumb Code     8  startup_cm0ds.o(.text)
    BusFault_Handler                         0x00000099   Thumb Code     8  startup_cm0ds.o(.text)
    UsageFault_Handler                       0x000000a1   Thumb Code     8  startup_cm0ds.o(.text)
    SVC_Handler                              0x000000a9   Thumb Code     8  startup_cm0ds.o(.text)
    DebugMon_Handler                         0x000000b1   Thumb Code     8  startup_cm0ds.o(.text)
    PendSV_Handler                           0x000000b9   Thumb Code     8  startup_cm0ds.o(.text)
    SysTick_Handler                          0x000000c1   Thumb Code     8  startup_cm0ds.o(.text)
    UARTRX_Handler                           0x000000c9   Thumb Code     8  startup_cm0ds.o(.text)
    UARTTX_Handler                           0x000000d1   Thumb Code     8  startup_cm0ds.o(.text)
    UARTOVR_Handler                          0x000000d9   Thumb Code     8  startup_cm0ds.o(.text)
    KEY0_Handler                             0x000000e1   Thumb Code     8  startup_cm0ds.o(.text)
    KEY1_Handler                             0x000000e9   Thumb Code     8  startup_cm0ds.o(.text)
    KEY2_Handler                             0x000000f1   Thumb Code     8  startup_cm0ds.o(.text)
    KEY3_Handler                             0x000000f9   Thumb Code     8  startup_cm0ds.o(.text)
    TIMER_Handler                            0x00000101   Thumb Code     8  startup_cm0ds.o(.text)
    __scatterload                            0x00000111   Thumb Code    28  init.o(.text)
    __scatterload_rt2                        0x00000111   Thumb Code     0  init.o(.text)
    BusFaultHandler                          0x00000135   Thumb Code     2  handler.o(i.BusFaultHandler)
    CAMERA_Command                           0x00000137   Thumb Code    42  camera.o(i.CAMERA_Command)
    CAMERA_Initial                           0x00000161   Thumb Code   766  camera.o(i.CAMERA_Initial)
    CAMERA_NA                                0x00000481   Thumb Code    44  camera.o(i.CAMERA_NA)
    CAMERA_Read_Byte                         0x000004ad   Thumb Code    64  camera.o(i.CAMERA_Read_Byte)
    CAMERA_Read_Reg                          0x000004ed   Thumb Code    64  camera.o(i.CAMERA_Read_Reg)
    CAMERA_Start                             0x0000052d   Thumb Code    32  camera.o(i.CAMERA_Start)
    CAMERA_Stop                              0x0000054d   Thumb Code    34  camera.o(i.CAMERA_Stop)
    CAMERA_Write_Byte                        0x0000056f   Thumb Code    94  camera.o(i.CAMERA_Write_Byte)
    Clr_CAMERA_PWDN                          0x000005cd   Thumb Code     8  camera.o(i.Clr_CAMERA_PWDN)
    Clr_CAMERA_SCL                           0x000005d9   Thumb Code     8  camera.o(i.Clr_CAMERA_SCL)
    Clr_CAMERA_SDA                           0x000005e5   Thumb Code     8  camera.o(i.Clr_CAMERA_SDA)
    DebugMonHandler                          0x000005f1   Thumb Code     2  handler.o(i.DebugMonHandler)
    HardFaultHandler                         0x000005f3   Thumb Code     2  handler.o(i.HardFaultHandler)
    KEY0                                     0x000005f5   Thumb Code    64  handler.o(i.KEY0)
    KEY1                                     0x00000639   Thumb Code    10  handler.o(i.KEY1)
    KEY2                                     0x00000643   Thumb Code    10  handler.o(i.KEY2)
    KEY3                                     0x0000064d   Thumb Code    10  handler.o(i.KEY3)
    LCD_Clear                                0x00000659   Thumb Code   100  cortexm0_driver.o(i.LCD_Clear)
    LCD_Display_Dir                          0x000006c5   Thumb Code   106  cortexm0_driver.o(i.LCD_Display_Dir)
    LCD_Fast_DrawPoint                       0x0000073d   Thumb Code    88  cortexm0_driver.o(i.LCD_Fast_DrawPoint)
    LCD_Init                                 0x00000799   Thumb Code   646  cortexm0_driver.o(i.LCD_Init)
    LCD_Scan_Dir                             0x00000a31   Thumb Code   720  cortexm0_driver.o(i.LCD_Scan_Dir)
    LCD_SetCursor                            0x00000d19   Thumb Code    48  cortexm0_driver.o(i.LCD_SetCursor)
    LCD_ShowChar                             0x00000d4d   Thumb Code   254  cortexm0_driver.o(i.LCD_ShowChar)
    LCD_ShowString                           0x00000e5d   Thumb Code    98  cortexm0_driver.o(i.LCD_ShowString)
    LCD_WR_DATA                              0x00000ebf   Thumb Code    38  cortexm0_driver.o(i.LCD_WR_DATA)
    LCD_WR_REG                               0x00000ee5   Thumb Code    36  cortexm0_driver.o(i.LCD_WR_REG)
    LCD_WriteRAM_Prepare                     0x00000f09   Thumb Code    12  cortexm0_driver.o(i.LCD_WriteRAM_Prepare)
    LCD_WriteReg                             0x00000f19   Thumb Code    20  cortexm0_driver.o(i.LCD_WriteReg)
    LED_toggle                               0x00000f2d   Thumb Code    50  cortexm0_driver.o(i.LED_toggle)
    MakeData                                 0x00000f65   Thumb Code     8  cortexm0_driver.o(i.MakeData)
    MemManageHandler                         0x00000f6d   Thumb Code     2  handler.o(i.MemManageHandler)
    NMIHandler                               0x00000f6f   Thumb Code     2  handler.o(i.NMIHandler)
    PendSVHandler                            0x00000f85   Thumb Code     2  handler.o(i.PendSVHandler)
    Read_CAMERA_DATA_STATE                   0x00000f89   Thumb Code     6  camera.o(i.Read_CAMERA_DATA_STATE)
    Read_CAMERA_SDA                          0x00000f95   Thumb Code     6  camera.o(i.Read_CAMERA_SDA)
    SVCHandler                               0x00000fa1   Thumb Code     2  handler.o(i.SVCHandler)
    Set_CAMERA_DATA_STATE                    0x00000fa5   Thumb Code     6  camera.o(i.Set_CAMERA_DATA_STATE)
    Set_CAMERA_RST                           0x00000fb1   Thumb Code     8  camera.o(i.Set_CAMERA_RST)
    Set_CAMERA_SCL                           0x00000fbd   Thumb Code     8  camera.o(i.Set_CAMERA_SCL)
    Set_CAMERA_SDA                           0x00000fc9   Thumb Code     8  camera.o(i.Set_CAMERA_SDA)
    Set_CAMERA_SDA_R                         0x00000fd5   Thumb Code     8  camera.o(i.Set_CAMERA_SDA_R)
    Set_CAMERA_SDA_W                         0x00000fe1   Thumb Code     8  camera.o(i.Set_CAMERA_SDA_W)
    Set_SysTick_CTRL                         0x00000fed   Thumb Code     6  cortexm0_driver.o(i.Set_SysTick_CTRL)
    Set_SysTick_LOAD                         0x00000ff9   Thumb Code     6  cortexm0_driver.o(i.Set_SysTick_LOAD)
    Set_SysTick_VALUE                        0x00001005   Thumb Code     6  cortexm0_driver.o(i.Set_SysTick_VALUE)
    SysTickHandler                           0x00001011   Thumb Code    24  handler.o(i.SysTickHandler)
    SystemInit                               0x0000102d   Thumb Code     2  system.o(i.SystemInit)
    Timer_Handler                            0x00001031   Thumb Code    16  handler.o(i.Timer_Handler)
    UARTOVRHandler                           0x00001055   Thumb Code     2  handler.o(i.UARTOVRHandler)
    UARTRXHandler                            0x00001057   Thumb Code    18  handler.o(i.UARTRXHandler)
    UARTTXHandler                            0x00001069   Thumb Code    18  handler.o(i.UARTTXHandler)
    UsageFaultHandler                        0x0000107b   Thumb Code     2  handler.o(i.UsageFaultHandler)
    __0printf$bare                           0x0000107d   Thumb Code    12  printfb.o(i.__0printf$bare)
    __1printf$bare                           0x0000107d   Thumb Code     0  printfb.o(i.__0printf$bare)
    __2printf                                0x0000107d   Thumb Code     0  printfb.o(i.__0printf$bare)
    __ARM_common_switch8                     0x00001091   Thumb Code    28  cortexm0_driver.o(i.__ARM_common_switch8)
    __scatterload_copy                       0x000010ad   Thumb Code    14  handlers.o(i.__scatterload_copy)
    __scatterload_null                       0x000010bb   Thumb Code     2  handlers.o(i.__scatterload_null)
    __scatterload_zeroinit                   0x000010bd   Thumb Code    14  handlers.o(i.__scatterload_zeroinit)
    delay                                    0x000010e9   Thumb Code    32  cortexm0_driver.o(i.delay)
    fputc                                    0x00001109   Thumb Code    32  retarget.o(i.fputc)
    main                                     0x00001129   Thumb Code    62  main.o(i.main)
    photo                                    0x00001195   Thumb Code    20  camera.o(i.photo)
    uart_ClearRxIRQ                          0x000011a9   Thumb Code     6  cortexm0_driver.o(i.uart_ClearRxIRQ)
    uart_ClearTxIRQ                          0x000011af   Thumb Code     6  cortexm0_driver.o(i.uart_ClearTxIRQ)
    uart_SendChar                            0x000011b5   Thumb Code    22  cortexm0_driver.o(i.uart_SendChar)
    asc2_1608                                0x000011ca   Data        1520  cortexm0_driver.o(.constdata)
    camera_initial_reg                       0x000017ba   Data         789  camera.o(.constdata)
    OV5640_AF_FW                             0x00001acf   Data        3933  camera.o(.constdata)
    OV5640_LIGHTMODE_TBL                     0x00002a2c   Data           7  camera.o(.constdata)
    OV5640_SATURATION_TBL                    0x00002a33   Data           6  camera.o(.constdata)
    RGB565_QVGA                              0x00002a39   Data          34  camera.o(.constdata)
    Region$$Table$$Base                      0x00002a5c   Number         0  anon$$obj.o(Region$$Table)
    Region$$Table$$Limit                     0x00002a7c   Number         0  anon$$obj.o(Region$$Table)
    POINT_COLOR                              0x20000000   Data           2  cortexm0_driver.o(.data)
    BACK_COLOR                               0x20000002   Data           2  cortexm0_driver.o(.data)
    __stdout                                 0x20000004   Data           4  retarget.o(.data)
    __stdin                                  0x20000008   Data           4  retarget.o(.data)
    lcddev                                   0x2000000c   Data          14  cortexm0_driver.o(.bss)
    __initial_sp                             0x20000420   Data           0  startup_cm0ds.o(STACK)



==============================================================================

Memory Map of the image

  Image Entry point : 0x00000061

  Load Region LR_IROM1 (Base: 0x00000000, Size: 0x00002a88, Max: 0x00004000, ABSOLUTE)

    Execution Region ER_IROM1 (Exec base: 0x00000000, Load base: 0x00000000, Size: 0x00002a7c, Max: 0x00004000, ABSOLUTE)

    Exec Addr    Load Addr    Size         Type   Attr      Idx    E Section Name        Object

    0x00000000   0x00000000   0x00000060   Data   RO          620    RESET               startup_cm0ds.o
    0x00000060   0x00000060   0x00000000   Code   RO          820  * .ARM.Collect$$$$00000000  mc_p.l(entry.o)
    0x00000060   0x00000060   0x00000004   Code   RO         1087    .ARM.Collect$$$$00000001  mc_p.l(entry2.o)
    0x00000064   0x00000064   0x00000004   Code   RO         1090    .ARM.Collect$$$$00000004  mc_p.l(entry5.o)
    0x00000068   0x00000068   0x00000000   Code   RO         1092    .ARM.Collect$$$$00000008  mc_p.l(entry7b.o)
    0x00000068   0x00000068   0x00000000   Code   RO         1094    .ARM.Collect$$$$0000000A  mc_p.l(entry8b.o)
    0x00000068   0x00000068   0x00000008   Code   RO         1095    .ARM.Collect$$$$0000000B  mc_p.l(entry9a.o)
    0x00000070   0x00000070   0x00000000   Code   RO         1097    .ARM.Collect$$$$0000000D  mc_p.l(entry10a.o)
    0x00000070   0x00000070   0x00000000   Code   RO         1099    .ARM.Collect$$$$0000000F  mc_p.l(entry11a.o)
    0x00000070   0x00000070   0x00000004   Code   RO         1088    .ARM.Collect$$$$00002712  mc_p.l(entry2.o)
    0x00000074   0x00000074   0x0000009c   Code   RO          621    .text               startup_cm0ds.o
    0x00000110   0x00000110   0x00000024   Code   RO         1114    .text               mc_p.l(init.o)
    0x00000134   0x00000134   0x00000002   Code   RO          403    i.BusFaultHandler   handler.o
    0x00000136   0x00000136   0x0000002a   Code   RO          660    i.CAMERA_Command    camera.o
    0x00000160   0x00000160   0x00000320   Code   RO          661    i.CAMERA_Initial    camera.o
    0x00000480   0x00000480   0x0000002c   Code   RO          662    i.CAMERA_NA         camera.o
    0x000004ac   0x000004ac   0x00000040   Code   RO          663    i.CAMERA_Read_Byte  camera.o
    0x000004ec   0x000004ec   0x00000040   Code   RO          664    i.CAMERA_Read_Reg   camera.o
    0x0000052c   0x0000052c   0x00000020   Code   RO          665    i.CAMERA_Start      camera.o
    0x0000054c   0x0000054c   0x00000022   Code   RO          666    i.CAMERA_Stop       camera.o
    0x0000056e   0x0000056e   0x0000005e   Code   RO          668    i.CAMERA_Write_Byte  camera.o
    0x000005cc   0x000005cc   0x0000000c   Code   RO          669    i.Clr_CAMERA_PWDN   camera.o
    0x000005d8   0x000005d8   0x0000000c   Code   RO          671    i.Clr_CAMERA_SCL    camera.o
    0x000005e4   0x000005e4   0x0000000c   Code   RO          672    i.Clr_CAMERA_SDA    camera.o
    0x000005f0   0x000005f0   0x00000002   Code   RO          404    i.DebugMonHandler   handler.o
    0x000005f2   0x000005f2   0x00000002   Code   RO          405    i.HardFaultHandler  handler.o
    0x000005f4   0x000005f4   0x00000044   Code   RO          406    i.KEY0              handler.o
    0x00000638   0x00000638   0x0000000a   Code   RO          407    i.KEY1              handler.o
    0x00000642   0x00000642   0x0000000a   Code   RO          408    i.KEY2              handler.o
    0x0000064c   0x0000064c   0x0000000a   Code   RO          409    i.KEY3              handler.o
    0x00000656   0x00000656   0x00000002   PAD
    0x00000658   0x00000658   0x0000006c   Code   RO            4    i.LCD_Clear         cortexm0_driver.o
    0x000006c4   0x000006c4   0x00000078   Code   RO            8    i.LCD_Display_Dir   cortexm0_driver.o
    0x0000073c   0x0000073c   0x0000005c   Code   RO           11    i.LCD_Fast_DrawPoint  cortexm0_driver.o
    0x00000798   0x00000798   0x00000298   Code   RO           13    i.LCD_Init          cortexm0_driver.o
    0x00000a30   0x00000a30   0x000002e8   Code   RO           17    i.LCD_Scan_Dir      cortexm0_driver.o
    0x00000d18   0x00000d18   0x00000034   Code   RO           18    i.LCD_SetCursor     cortexm0_driver.o
    0x00000d4c   0x00000d4c   0x00000110   Code   RO           20    i.LCD_ShowChar      cortexm0_driver.o
    0x00000e5c   0x00000e5c   0x00000062   Code   RO           23    i.LCD_ShowString    cortexm0_driver.o
    0x00000ebe   0x00000ebe   0x00000026   Code   RO           25    i.LCD_WR_DATA       cortexm0_driver.o
    0x00000ee4   0x00000ee4   0x00000024   Code   RO           26    i.LCD_WR_REG        cortexm0_driver.o
    0x00000f08   0x00000f08   0x00000010   Code   RO           28    i.LCD_WriteRAM_Prepare  cortexm0_driver.o
    0x00000f18   0x00000f18   0x00000014   Code   RO           29    i.LCD_WriteReg      cortexm0_driver.o
    0x00000f2c   0x00000f2c   0x00000038   Code   RO           32    i.LED_toggle        cortexm0_driver.o
    0x00000f64   0x00000f64   0x00000008   Code   RO           33    i.MakeData          cortexm0_driver.o
    0x00000f6c   0x00000f6c   0x00000002   Code   RO          410    i.MemManageHandler  handler.o
    0x00000f6e   0x00000f6e   0x00000002   Code   RO          411    i.NMIHandler        handler.o
    0x00000f70   0x00000f70   0x00000014   Code   RO          530    i.NVIC_EnableIRQ    main.o
    0x00000f84   0x00000f84   0x00000002   Code   RO          412    i.PendSVHandler     handler.o
    0x00000f86   0x00000f86   0x00000002   PAD
    0x00000f88   0x00000f88   0x0000000c   Code   RO          673    i.Read_CAMERA_DATA_STATE  camera.o
    0x00000f94   0x00000f94   0x0000000c   Code   RO          674    i.Read_CAMERA_SDA   camera.o
    0x00000fa0   0x00000fa0   0x00000002   Code   RO          413    i.SVCHandler        handler.o
    0x00000fa2   0x00000fa2   0x00000002   PAD
    0x00000fa4   0x00000fa4   0x0000000c   Code   RO          675    i.Set_CAMERA_DATA_STATE  camera.o
    0x00000fb0   0x00000fb0   0x0000000c   Code   RO          677    i.Set_CAMERA_RST    camera.o
    0x00000fbc   0x00000fbc   0x0000000c   Code   RO          678    i.Set_CAMERA_SCL    camera.o
    0x00000fc8   0x00000fc8   0x0000000c   Code   RO          679    i.Set_CAMERA_SDA    camera.o
    0x00000fd4   0x00000fd4   0x0000000c   Code   RO          680    i.Set_CAMERA_SDA_R  camera.o
    0x00000fe0   0x00000fe0   0x0000000c   Code   RO          681    i.Set_CAMERA_SDA_W  camera.o
    0x00000fec   0x00000fec   0x0000000c   Code   RO           37    i.Set_SysTick_CTRL  cortexm0_driver.o
    0x00000ff8   0x00000ff8   0x0000000c   Code   RO           38    i.Set_SysTick_LOAD  cortexm0_driver.o
    0x00001004   0x00001004   0x0000000c   Code   RO           39    i.Set_SysTick_VALUE  cortexm0_driver.o
    0x00001010   0x00001010   0x0000001c   Code   RO          414    i.SysTickHandler    handler.o
    0x0000102c   0x0000102c   0x00000002   Code   RO          628    i.SystemInit        system.o
    0x0000102e   0x0000102e   0x00000002   PAD
    0x00001030   0x00001030   0x00000024   Code   RO          415    i.Timer_Handler     handler.o
    0x00001054   0x00001054   0x00000002   Code   RO          416    i.UARTOVRHandler    handler.o
    0x00001056   0x00001056   0x00000012   Code   RO          417    i.UARTRXHandler     handler.o
    0x00001068   0x00001068   0x00000012   Code   RO          418    i.UARTTXHandler     handler.o
    0x0000107a   0x0000107a   0x00000002   Code   RO          419    i.UsageFaultHandler  handler.o
    0x0000107c   0x0000107c   0x00000014   Code   RO          828    i.__0printf$bare    mc_p.l(printfb.o)
    0x00001090   0x00001090   0x0000001c   Code   RO          366    i.__ARM_common_switch8  cortexm0_driver.o
    0x000010ac   0x000010ac   0x0000000e   Code   RO         1128    i.__scatterload_copy  mc_p.l(handlers.o)
    0x000010ba   0x000010ba   0x00000002   Code   RO         1129    i.__scatterload_null  mc_p.l(handlers.o)
    0x000010bc   0x000010bc   0x0000000e   Code   RO         1130    i.__scatterload_zeroinit  mc_p.l(handlers.o)
    0x000010ca   0x000010ca   0x0000001e   Code   RO          835    i._printf_core      mc_p.l(printfb.o)
    0x000010e8   0x000010e8   0x00000020   Code   RO           44    i.delay             cortexm0_driver.o
    0x00001108   0x00001108   0x00000020   Code   RO          572    i.fputc             retarget.o
    0x00001128   0x00001128   0x0000006c   Code   RO          531    i.main              main.o
    0x00001194   0x00001194   0x00000014   Code   RO          682    i.photo             camera.o
    0x000011a8   0x000011a8   0x00000006   Code   RO           49    i.uart_ClearRxIRQ   cortexm0_driver.o
    0x000011ae   0x000011ae   0x00000006   Code   RO           50    i.uart_ClearTxIRQ   cortexm0_driver.o
    0x000011b4   0x000011b4   0x00000016   Code   RO           58    i.uart_SendChar     cortexm0_driver.o
    0x000011ca   0x000011ca   0x000005f0   Data   RO           62    .constdata          cortexm0_driver.o
    0x000017ba   0x000017ba   0x000012a1   Data   RO          683    .constdata          camera.o
    0x00002a5b   0x00002a5b   0x00000001   PAD
    0x00002a5c   0x00002a5c   0x00000020   Data   RO         1126    Region$$Table       anon$$obj.o


    Execution Region RW_IRAM1 (Exec base: 0x20000000, Load base: 0x00002a7c, Size: 0x00000420, Max: 0x00004000, ABSOLUTE)

    Exec Addr    Load Addr    Size         Type   Attr      Idx    E Section Name        Object

    0x20000000   0x00002a7c   0x00000004   Data   RW           63    .data               cortexm0_driver.o
    0x20000004   0x00002a80   0x00000008   Data   RW          573    .data               retarget.o
    0x2000000c        -       0x0000000e   Zero   RW           61    .bss                cortexm0_driver.o
    0x2000001a   0x00002a88   0x00000006   PAD
    0x20000020        -       0x00000400   Zero   RW          618    STACK               startup_cm0ds.o


==============================================================================

Image component sizes


      Code (inc. data)   RO Data    RW Data    ZI Data      Debug   Object Name

      1326         84       4769          0          0      10529   camera.o
      2454        148       1520          4         14      23238   cortexm0_driver.o
       216         28          0          0          0      11850   handler.o
       128         52          0          0          0       6551   main.o
        32          0          0          8          0       2544   retarget.o
       156          8         96          0       1024       1120   startup_cm0ds.o
         2          0          0          0          0        389   system.o

    ----------------------------------------------------------------------
      4322        320       6418         12       1044      56221   Object Totals
         0          0         32          0          0          0   (incl. Generated)
         8          0          1          0          6          0   (incl. Padding)

    ----------------------------------------------------------------------

      Code (inc. data)   RO Data    RW Data    ZI Data      Debug   Library Member Name

         0          0          0          0          0          0   entry.o
         0          0          0          0          0          0   entry10a.o
         0          0          0          0          0          0   entry11a.o
         8          4          0          0          0          0   entry2.o
         4          0          0          0          0          0   entry5.o
         0          0          0          0          0          0   entry7b.o
         0          0          0          0          0          0   entry8b.o
         8          4          0          0          0          0   entry9a.o
        30          0          0          0          0          0   handlers.o
        36          8          0          0          0         68   init.o
        50          8          0          0          0        144   printfb.o

    ----------------------------------------------------------------------
       136         24          0          0          0        212   Library Totals
         0          0          0          0          0          0   (incl. Padding)

    ----------------------------------------------------------------------

      Code (inc. data)   RO Data    RW Data    ZI Data      Debug   Library Name

       136         24          0          0          0        212   mc_p.l

    ----------------------------------------------------------------------
       136         24          0          0          0        212   Library Totals

    ----------------------------------------------------------------------

==============================================================================


      Code (inc. data)   RO Data    RW Data    ZI Data      Debug   

      4458        344       6418         12       1044      53945   Grand Totals
      4458        344       6418         12       1044      53945   ELF Image Totals
      4458        344       6418         12          0          0   ROM Totals

==============================================================================

    Total RO  Size (Code + RO Data)                10876 (  10.62kB)
    Total RW  Size (RW Data + ZI Data)              1056 (   1.03kB)
    Total ROM Size (Code + RO Data + RW Data)      10888 (  10.63kB)

==============================================================================

